sorbet/rbi/gems/net-imap@0.2.3.rbi:30: Method `Net::IMAP#fetch` redefined without matching argument count. Expected: `2`, got: `3` https://srb.help/4010
    30 |  def fetch(set, attr, mod = T.unsafe(nil)); end
          ^^^^^^^^^^^^^^^^^^^^^^^^^^^^^^^^^^^^^^^^^
    https://github.com/sorbet/sorbet/tree/db802a9199bdfb55d50b6996819799b27af5b93b/rbi/stdlib/net.rbi#L3839: Previous definition
    3839 |  def fetch(set, attr); end
            ^^^^^^^^^^^^^^^^^^^^

sorbet/rbi/gems/net-imap@0.2.3.rbi:62: Method `Net::IMAP#uid_fetch` redefined without matching argument count. Expected: `2`, got: `3` https://srb.help/4010
    62 |  def uid_fetch(set, attr, mod = T.unsafe(nil)); end
          ^^^^^^^^^^^^^^^^^^^^^^^^^^^^^^^^^^^^^^^^^^^^^
    https://github.com/sorbet/sorbet/tree/db802a9199bdfb55d50b6996819799b27af5b93b/rbi/stdlib/net.rbi#L4157: Previous definition
    4157 |  def uid_fetch(set, attr); end
            ^^^^^^^^^^^^^^^^^^^^^^^^

sorbet/rbi/gems/net-imap@0.2.3.rbi:121: Method `Net::IMAP::Atom#send_data` redefined without matching argument count. Expected: `1`, got: `2` https://srb.help/4010
     121 |  def send_data(imap, tag); end
            ^^^^^^^^^^^^^^^^^^^^^^^^
    https://github.com/sorbet/sorbet/tree/db802a9199bdfb55d50b6996819799b27af5b93b/rbi/stdlib/net.rbi#L4343: Previous definition
    4343 |  def send_data(imap); end
            ^^^^^^^^^^^^^^^^^^^

sorbet/rbi/gems/net-imap@0.2.3.rbi:205: Method `Net::IMAP::Literal#send_data` redefined without matching argument count. Expected: `1`, got: `2` https://srb.help/4010
     205 |  def send_data(imap, tag); end
            ^^^^^^^^^^^^^^^^^^^^^^^^
    https://github.com/sorbet/sorbet/tree/db802a9199bdfb55d50b6996819799b27af5b93b/rbi/stdlib/net.rbi#L5008: Previous definition
    5008 |  def send_data(imap); end
            ^^^^^^^^^^^^^^^^^^^

sorbet/rbi/gems/net-imap@0.2.3.rbi:218: Method `Net::IMAP::MessageSet#send_data` redefined without matching argument count. Expected: `1`, got: `2` https://srb.help/4010
     218 |  def send_data(imap, tag); end
            ^^^^^^^^^^^^^^^^^^^^^^^^
    https://github.com/sorbet/sorbet/tree/db802a9199bdfb55d50b6996819799b27af5b93b/rbi/stdlib/net.rbi#L5189: Previous definition
    5189 |  def send_data(imap); end
            ^^^^^^^^^^^^^^^^^^^

sorbet/rbi/gems/net-imap@0.2.3.rbi:252: Method `Net::IMAP::PlainAuthenticator#initialize` redefined without matching argument count. Expected: `2`, got: `3` https://srb.help/4010
     252 |  def initialize(username, password, authzid: T.unsafe(nil)); end
            ^^^^^^^^^^^^^^^^^^^^^^^^^^^^^^^^^^^^^^^^^^^^^^^^^^^^^^^^^^
    https://github.com/sorbet/sorbet/tree/db802a9199bdfb55d50b6996819799b27af5b93b/rbi/stdlib/net.rbi#L5217: Previous definition
    5217 |  def initialize(user, password); end
            ^^^^^^^^^^^^^^^^^^^^^^^^^^^^^^

sorbet/rbi/gems/net-imap@0.2.3.rbi:262: Method `Net::IMAP::QuotedString#send_data` redefined without matching argument count. Expected: `1`, got: `2` https://srb.help/4010
     262 |  def send_data(imap, tag); end
            ^^^^^^^^^^^^^^^^^^^^^^^^
    https://github.com/sorbet/sorbet/tree/db802a9199bdfb55d50b6996819799b27af5b93b/rbi/stdlib/net.rbi#L5225: Previous definition
    5225 |  def send_data(imap); end
            ^^^^^^^^^^^^^^^^^^^

sorbet/rbi/gems/net-imap@0.2.3.rbi:272: Method `Net::IMAP::RawData#send_data` redefined without matching argument count. Expected: `1`, got: `2` https://srb.help/4010
     272 |  def send_data(imap, tag); end
            ^^^^^^^^^^^^^^^^^^^^^^^^
    https://github.com/sorbet/sorbet/tree/db802a9199bdfb55d50b6996819799b27af5b93b/rbi/stdlib/net.rbi#L5233: Previous definition
    5233 |  def send_data(imap); end
            ^^^^^^^^^^^^^^^^^^^

sorbet/rbi/gems/rubyzip.rbi:105: Unable to resolve constant `Anonymous_Delegator_45` https://srb.help/5002
     105 |class Zip::StreamableStream < Anonymous_Delegator_45
                                        ^^^^^^^^^^^^^^^^^^^^^^

sorbet/rbi/gems/rubyzip.rbi:105: Unable to resolve constant `Anonymous_Delegator_45` https://srb.help/5002
     105 |class Zip::StreamableStream < Anonymous_Delegator_45
                                        ^^^^^^^^^^^^^^^^^^^^^^

sorbet/rbi/gems/importmap-rails.rbi:16: unexpected token "," https://srb.help/2001
    16 |  def execute(**, ****, &&); end
                        ^

sorbet/rbi/gems/importmap-rails.rbi:14: class definition in method body https://srb.help/2001
    14 |class Importmap::Reloader
        ^^^^^

sorbet/rbi/gems/importmap-rails.rbi:17: unexpected token "," https://srb.help/2001
    17 |  def execute_if_updated(**, ****, &&); end
                                   ^

sorbet/rbi/gems/importmap-rails.rbi:20: unexpected token "," https://srb.help/2001
    20 |  def updated?(**, ****, &&); end
                         ^

sorbet/rbi/gems/importmap-rails.rbi:22: unexpected token "end" https://srb.help/2001
    22 |end
        ^^^

sorbet/rbi/gems/importmap-rails.rbi:23: class definition in method body https://srb.help/2001
    23 |class Importmap::Map
        ^^^^^

sorbet/rbi/gems/importmap-rails.rbi:47: class definition in method body https://srb.help/2001
    47 |class Importmap::Map::InvalidFile < StandardError
        ^^^^^

sorbet/rbi/gems/importmap-rails.rbi:49: class definition in method body https://srb.help/2001
    49 |class Importmap::Map::MappedDir < Struct
        ^^^^^

sorbet/rbi/gems/importmap-rails.rbi:64: class definition in method body https://srb.help/2001
    64 |class Importmap::Map::MappedFile < Struct
        ^^^^^

sorbet/rbi/gems/importmap-rails.rbi:77: class definition in method body https://srb.help/2001
    77 |class Rails::Application < Rails::Engine
        ^^^^^

sorbet/rbi/gems/importmap-rails.rbi:81: class definition in method body https://srb.help/2001
    81 |class Importmap::Engine < Rails::Engine
        ^^^^^

sorbet/rbi/gems/importmap-rails.rbi:83: module definition in method body https://srb.help/2001
    83 |module Importmap::ImportmapTagsHelper
        ^^^^^^

sorbet/rbi/gems/nokogiri-1.13.3-arm64.rbi:560: unexpected token "**" https://srb.help/2001
     560 |  def self.new(*arg0, ****); end
                                  ^^

sorbet/rbi/gems/nokogiri-1.13.3-arm64.rbi:545: class definition in method body https://srb.help/2001
     545 |class Nokogiri::VersionInfo
          ^^^^^

sorbet/rbi/gems/nokogiri-1.13.3-arm64.rbi:567: unexpected token "end" https://srb.help/2001
     567 |end
          ^^^

sorbet/rbi/gems/nokogiri-1.13.3-arm64.rbi:568: module definition in method body https://srb.help/2001
     568 |module Nokogiri::ClassResolver
          ^^^^^^

sorbet/rbi/gems/nokogiri-1.13.3-arm64.rbi:571: class definition in method body https://srb.help/2001
     571 |class Nokogiri::SyntaxError < StandardError
          ^^^^^

sorbet/rbi/gems/nokogiri-1.13.3-arm64.rbi:573: module definition in method body https://srb.help/2001
     573 |module Nokogiri::XML
          ^^^^^^

sorbet/rbi/gems/nokogiri-1.13.3-arm64.rbi:580: module definition in method body https://srb.help/2001
     580 |module Nokogiri::XML::PP
          ^^^^^^

sorbet/rbi/gems/nokogiri-1.13.3-arm64.rbi:582: module definition in method body https://srb.help/2001
     582 |module Nokogiri::XML::PP::Node
          ^^^^^^

sorbet/rbi/gems/nokogiri-1.13.3-arm64.rbi:586: module definition in method body https://srb.help/2001
     586 |module Nokogiri::XML::PP::CharacterData
          ^^^^^^

sorbet/rbi/gems/nokogiri-1.13.3-arm64.rbi:590: class definition in method body https://srb.help/2001
     590 |class Nokogiri::XML::ParseOptions
          ^^^^^

sorbet/rbi/gems/nokogiri-1.13.3-arm64.rbi:675: module definition in method body https://srb.help/2001
     675 |module Nokogiri::XML::SAX
          ^^^^^^

sorbet/rbi/gems/nokogiri-1.13.3-arm64.rbi:677: class definition in method body https://srb.help/2001
     677 |class Nokogiri::XML::SAX::Document
          ^^^^^

sorbet/rbi/gems/nokogiri-1.13.3-arm64.rbi:692: class definition in method body https://srb.help/2001
     692 |class Nokogiri::XML::SAX::Parser
          ^^^^^

sorbet/rbi/gems/nokogiri-1.13.3-arm64.rbi:704: class definition in method body https://srb.help/2001
     704 |class Anonymous_Struct_35 < Struct
          ^^^^^

sorbet/rbi/gems/nokogiri-1.13.3-arm64.rbi:719: class definition in method body https://srb.help/2001
     719 |class Nokogiri::XML::SAX::Parser::Attribute < Anonymous_Struct_35
          ^^^^^

sorbet/rbi/gems/nokogiri-1.13.3-arm64.rbi:721: module definition in method body https://srb.help/2001
     721 |module Nokogiri::XML::Searchable
          ^^^^^^

sorbet/rbi/gems/nokogiri-1.13.3-arm64.rbi:738: class definition in method body https://srb.help/2001
     738 |class Nokogiri::XML::Node::SaveOptions
          ^^^^^

sorbet/rbi/gems/nokogiri-1.13.3-arm64.rbi:763: class definition in method body https://srb.help/2001
     763 |class Nokogiri::XML::CharacterData < Nokogiri::XML::Node
          ^^^^^

sorbet/rbi/gems/nokogiri-1.13.3-arm64.rbi:766: class definition in method body https://srb.help/2001
     766 |class Nokogiri::XML::SyntaxError < Nokogiri::SyntaxError
          ^^^^^

sorbet/rbi/gems/nokogiri-1.13.3-arm64.rbi:786: module definition in method body https://srb.help/2001
     786 |module Nokogiri::XML::XPath
          ^^^^^^

sorbet/rbi/gems/nokogiri-1.13.3-arm64.rbi:788: class definition in method body https://srb.help/2001
     788 |class Nokogiri::XML::XPath::SyntaxError < Nokogiri::XML::SyntaxError
          ^^^^^

sorbet/rbi/gems/nokogiri-1.13.3-arm64.rbi:791: class definition in method body https://srb.help/2001
     791 |class Nokogiri::XML::Builder
          ^^^^^

sorbet/rbi/gems/nokogiri-1.13.3-arm64.rbi:812: class definition in method body https://srb.help/2001
     812 |class Nokogiri::XML::Builder::NodeBuilder
          ^^^^^

sorbet/rbi/gems/nokogiri-1.13.3-arm64.rbi:818: class definition in method body https://srb.help/2001
     818 |class Anonymous_Struct_36 < Struct
          ^^^^^

sorbet/rbi/gems/nokogiri-1.13.3-arm64.rbi:831: class definition in method body https://srb.help/2001
     831 |class Nokogiri::XML::Notation < Anonymous_Struct_36
          ^^^^^

sorbet/rbi/gems/nokogiri-1.13.3-arm64.rbi:833: module definition in method body https://srb.help/2001
     833 |module Nokogiri::HTML4
          ^^^^^^

sorbet/rbi/gems/nokogiri-1.13.3-arm64.rbi:837: class definition in method body https://srb.help/2001
     837 |class Anonymous_Struct_37 < Struct
          ^^^^^

sorbet/rbi/gems/nokogiri-1.13.3-arm64.rbi:850: class definition in method body https://srb.help/2001
     850 |class Nokogiri::HTML4::EntityDescription < Anonymous_Struct_37
          ^^^^^

sorbet/rbi/gems/nokogiri-1.13.3-arm64.rbi:852: class definition in method body https://srb.help/2001
     852 |class Nokogiri::HTML4::Document::EncodingFound < StandardError
          ^^^^^

sorbet/rbi/gems/nokogiri-1.13.3-arm64.rbi:856: class definition in method body https://srb.help/2001
     856 |class Nokogiri::HTML4::Document::EncodingReader
          ^^^^^

sorbet/rbi/gems/nokogiri-1.13.3-arm64.rbi:862: class definition in method body https://srb.help/2001
     862 |class Nokogiri::HTML4::Document::EncodingReader::SAXHandler < Nokogiri::XML::SAX::Document
          ^^^^^

sorbet/rbi/gems/nokogiri-1.13.3-arm64.rbi:867: class definition in method body https://srb.help/2001
     867 |class Nokogiri::HTML4::Document::EncodingReader::JumpSAXHandler < Nokogiri::HTML4::Document::EncodingReader::SAXHandler
          ^^^^^

sorbet/rbi/gems/nokogiri-1.13.3-arm64.rbi:871: class definition in method body https://srb.help/2001
     871 |class Nokogiri::HTML4::DocumentFragment < Nokogiri::XML::DocumentFragment
          ^^^^^

sorbet/rbi/gems/nokogiri-1.13.3-arm64.rbi:875: module definition in method body https://srb.help/2001
     875 |module Nokogiri::HTML4::SAX
          ^^^^^^

sorbet/rbi/gems/nokogiri-1.13.3-arm64.rbi:877: class definition in method body https://srb.help/2001
     877 |class Nokogiri::HTML4::SAX::Parser < Nokogiri::XML::SAX::Parser
          ^^^^^

sorbet/rbi/gems/nokogiri-1.13.3-arm64.rbi:882: class definition in method body https://srb.help/2001
     882 |class Struct::HTMLElementDescription < Struct
          ^^^^^

sorbet/rbi/gems/nokogiri-1.13.3-arm64.rbi:917: class definition in method body https://srb.help/2001
     917 |class Nokogiri::HTML4::Builder < Nokogiri::XML::Builder
          ^^^^^

sorbet/rbi/gems/nokogiri-1.13.3-arm64.rbi:920: module definition in method body https://srb.help/2001
     920 |module Nokogiri::Decorators
          ^^^^^^

sorbet/rbi/gems/nokogiri-1.13.3-arm64.rbi:922: module definition in method body https://srb.help/2001
     922 |module Nokogiri::Decorators::Slop
          ^^^^^^

sorbet/rbi/gems/nokogiri-1.13.3-arm64.rbi:926: module definition in method body https://srb.help/2001
     926 |module Nokogiri::CSS
          ^^^^^^

sorbet/rbi/gems/nokogiri-1.13.3-arm64.rbi:930: class definition in method body https://srb.help/2001
     930 |class Nokogiri::CSS::Node
          ^^^^^

sorbet/rbi/gems/nokogiri-1.13.3-arm64.rbi:942: class definition in method body https://srb.help/2001
     942 |class Nokogiri::CSS::XPathVisitor
          ^^^^^

sorbet/rbi/gems/nokogiri-1.13.3-arm64.rbi:966: module definition in method body https://srb.help/2001
     966 |module Nokogiri::CSS::XPathVisitor::BuiltinsConfig
          ^^^^^^

sorbet/rbi/gems/nokogiri-1.13.3-arm64.rbi:968: module definition in method body https://srb.help/2001
     968 |module Nokogiri::CSS::XPathVisitor::DoctypeConfig
          ^^^^^^

sorbet/rbi/gems/nokogiri-1.13.3-arm64.rbi:970: module definition in method body https://srb.help/2001
     970 |module Nokogiri::CSS::XPathVisitorAlwaysUseBuiltins
          ^^^^^^

sorbet/rbi/gems/nokogiri-1.13.3-arm64.rbi:973: module definition in method body https://srb.help/2001
     973 |module Nokogiri::CSS::XPathVisitorOptimallyUseBuiltins
          ^^^^^^

sorbet/rbi/gems/nokogiri-1.13.3-arm64.rbi:976: class definition in method body https://srb.help/2001
     976 |class Nokogiri::CSS::Parser < Racc::Parser
          ^^^^^

sorbet/rbi/gems/nokogiri-1.13.3-arm64.rbi:1052: class definition in method body https://srb.help/2001
    1052 |class Nokogiri::CSS::Tokenizer
          ^^^^^

sorbet/rbi/gems/nokogiri-1.13.3-arm64.rbi:1066: class definition in method body https://srb.help/2001
    1066 |class Nokogiri::CSS::Tokenizer::ScanError < StandardError
          ^^^^^

sorbet/rbi/gems/nokogiri-1.13.3-arm64.rbi:1068: class definition in method body https://srb.help/2001
    1068 |class Nokogiri::CSS::SyntaxError < Nokogiri::SyntaxError
          ^^^^^

sorbet/rbi/gems/nokogiri-1.13.3-arm64.rbi:1070: module definition in method body https://srb.help/2001
    1070 |module Nokogiri::HTML5
          ^^^^^^

sorbet/rbi/gems/nokogiri-1.13.3-arm64.rbi:1081: class definition in method body https://srb.help/2001
    1081 |class Nokogiri::HTML5::Document < Nokogiri::HTML4::Document
          ^^^^^

sorbet/rbi/gems/nokogiri-1.13.3-arm64.rbi:1090: class definition in method body https://srb.help/2001
    1090 |class Nokogiri::HTML5::DocumentFragment < Nokogiri::HTML4::DocumentFragment
          ^^^^^

sorbet/rbi/gems/nokogiri-1.13.3-arm64.rbi:1100: module definition in method body https://srb.help/2001
    1100 |module Nokogiri::HTML5::Node
          ^^^^^^

sorbet/rbi/gems/nokogiri-1.13.3-arm64.rbi:1106: class definition in method body https://srb.help/2001
    1106 |class Object < BasicObject
          ^^^^^

sorbet/rbi/gems/sprockets@4.0.3.rbi:220: Parent of class `Sprockets::Cache::Wrapper` redefined from `Anonymous_Struct_39` to `Struct` https://srb.help/5012
     220 |class Sprockets::Cache::Wrapper < ::Struct; end
                                            ^^^^^^^^

sorbet/rbi/gems/sprockets@4.0.3.rbi:786: Parent of class `Sprockets::ProcessorUtils::CompositeProcessor` redefined from `Anonymous_Struct_40` to `Struct` https://srb.help/5012
     786 |class Sprockets::ProcessorUtils::CompositeProcessor < ::Struct
                                                                ^^^^^^^^

sorbet/rbi/sorbet-typed/lib/actionview/all/actionview.rbi:161: Method `ActionView::Helpers::UrlHelper#current_page?` redefined without matching argument count. Expected: `3`, got: `2` https://srb.help/4010
     161 |  def current_page?(options, check_parameters: false); end
            ^^^^^^^^^^^^^^^^^^^^^^^^^^^^^^^^^^^^^^^^^^^^^^^^^^^
    sorbet/rbi/gems/actionview@7.0.2.3.rbi:1505: Previous definition
    1505 |  def current_page?(options = T.unsafe(nil), check_parameters: T.unsafe(nil), **options_as_kwargs); end
            ^^^^^^^^^^^^^^^^^^^^^^^^^^^^^^^^^^^^^^^^^^^^^^^^^^^^^^^^^^^^^^^^^^^^^^^^^^^^^^^^^^^^^^^^^^^^^^^^

sorbet/rbi/gems/bootsnap.rbi:224: unexpected token "**" https://srb.help/2001
     224 |  def load_file(path, *args, ****); end
                                         ^^

sorbet/rbi/gems/bootsnap.rbi:223: module definition in method body https://srb.help/2001
     223 |module Bootsnap::CompileCache::YAML::Psych4::Patch
          ^^^^^^

sorbet/rbi/gems/bootsnap.rbi:225: unexpected token "**" https://srb.help/2001
     225 |  def unsafe_load_file(path, *args, ****); end
                                                ^^

sorbet/rbi/gems/bootsnap.rbi:227: module definition in method body https://srb.help/2001
     227 |module Bootsnap::CompileCache::YAML::Psych3
          ^^^^^^

sorbet/rbi/gems/bootsnap.rbi:234: unexpected token "**" https://srb.help/2001
     234 |  def load_file(path, *args, ****); end
                                         ^^

sorbet/rbi/gems/bootsnap.rbi:233: module definition in method body https://srb.help/2001
     233 |module Bootsnap::CompileCache::YAML::Psych3::Patch
          ^^^^^^

sorbet/rbi/gems/bootsnap.rbi:235: unexpected token "**" https://srb.help/2001
     235 |  def unsafe_load_file(path, *args, ****); end
                                                ^^

sorbet/rbi/gems/bootsnap.rbi:237: module definition in method body https://srb.help/2001
     237 |module Bootsnap::CompileCache::JSON
          ^^^^^^

sorbet/rbi/gems/bootsnap.rbi:252: unexpected token "**" https://srb.help/2001
     252 |  def load_file(path, *args, ****); end
                                         ^^

sorbet/rbi/gems/bootsnap.rbi:251: module definition in method body https://srb.help/2001
     251 |module Bootsnap::CompileCache::JSON::Patch
          ^^^^^^

sorbet/rbi/gems/mail.rbi:250: unexpected token "**" https://srb.help/2001
     250 |  def self.new(*arg0, ****); end
                                  ^^

sorbet/rbi/gems/mail.rbi:242: class definition in method body https://srb.help/2001
     242 |class Mail::Configuration
          ^^^^^

sorbet/rbi/gems/mail.rbi:253: unexpected token "end" https://srb.help/2001
     253 |end
          ^^^

sorbet/rbi/gems/mail.rbi:254: class definition in method body https://srb.help/2001
     254 |class Mail::Retriever
          ^^^^^

sorbet/rbi/gems/mail.rbi:260: class definition in method body https://srb.help/2001
     260 |class Mail::Message
          ^^^^^

sorbet/rbi/gems/mail.rbi:456: class definition in method body https://srb.help/2001
     456 |class Mail::Part < Mail::Message
          ^^^^^

sorbet/rbi/gems/mail.rbi:478: class definition in method body https://srb.help/2001
     478 |class Mail::Header
          ^^^^^

sorbet/rbi/gems/mail.rbi:508: class definition in method body https://srb.help/2001
     508 |class Mail::PartsList < Anonymous_Delegator_30
          ^^^^^

sorbet/rbi/gems/mail.rbi:522: class definition in method body https://srb.help/2001
     522 |class Mail::AttachmentsList < Array
          ^^^^^

sorbet/rbi/gems/mail.rbi:530: class definition in method body https://srb.help/2001
     530 |class Mail::Body
          ^^^^^

sorbet/rbi/gems/mail.rbi:565: class definition in method body https://srb.help/2001
     565 |class Mail::AddressContainer < Array
          ^^^^^

sorbet/rbi/gems/mail.rbi:569: module definition in method body https://srb.help/2001
     569 |module Mail::CommonAddress
          ^^^^^^

sorbet/rbi/gems/mail.rbi:592: module definition in method body https://srb.help/2001
     592 |module Mail::CommonField
          ^^^^^^

sorbet/rbi/gems/mail.rbi:604: class definition in method body https://srb.help/2001
     604 |class Mail::StructuredField
          ^^^^^

sorbet/rbi/gems/mail.rbi:613: class definition in method body https://srb.help/2001
     613 |class Mail::ToField < Mail::StructuredField
          ^^^^^

sorbet/rbi/gems/mail.rbi:619: class definition in method body https://srb.help/2001
     619 |class Mail::CcField < Mail::StructuredField
          ^^^^^

sorbet/rbi/gems/mail.rbi:625: class definition in method body https://srb.help/2001
     625 |class Mail::BccField < Mail::StructuredField
          ^^^^^

sorbet/rbi/gems/mail.rbi:633: module definition in method body https://srb.help/2001
     633 |module Mail::CommonMessageId
          ^^^^^^

sorbet/rbi/gems/mail.rbi:643: class definition in method body https://srb.help/2001
     643 |class Mail::MessageIdField < Mail::StructuredField
          ^^^^^

sorbet/rbi/gems/mail.rbi:653: class definition in method body https://srb.help/2001
     653 |class Mail::InReplyToField < Mail::StructuredField
          ^^^^^

sorbet/rbi/gems/mail.rbi:659: class definition in method body https://srb.help/2001
     659 |class Mail::ReferencesField < Mail::StructuredField
          ^^^^^

sorbet/rbi/gems/mail.rbi:665: class definition in method body https://srb.help/2001
     665 |class Mail::UnstructuredField
          ^^^^^

sorbet/rbi/gems/mail.rbi:685: class definition in method body https://srb.help/2001
     685 |class Mail::SubjectField < Mail::UnstructuredField
          ^^^^^

sorbet/rbi/gems/mail.rbi:688: class definition in method body https://srb.help/2001
     688 |class Mail::CommentsField < Mail::UnstructuredField
          ^^^^^

sorbet/rbi/gems/mail.rbi:691: class definition in method body https://srb.help/2001
     691 |class Mail::KeywordsField < Mail::StructuredField
          ^^^^^

sorbet/rbi/gems/mail.rbi:700: module definition in method body https://srb.help/2001
     700 |module Mail::CommonDate
          ^^^^^^

sorbet/rbi/gems/mail.rbi:708: class definition in method body https://srb.help/2001
     708 |class Mail::DateField < Mail::StructuredField
          ^^^^^

sorbet/rbi/gems/mail.rbi:714: class definition in method body https://srb.help/2001
     714 |class Mail::FromField < Mail::StructuredField
          ^^^^^

sorbet/rbi/gems/mail.rbi:720: class definition in method body https://srb.help/2001
     720 |class Mail::SenderField < Mail::StructuredField
          ^^^^^

sorbet/rbi/gems/mail.rbi:729: class definition in method body https://srb.help/2001
     729 |class Mail::ReplyToField < Mail::StructuredField
          ^^^^^

sorbet/rbi/gems/mail.rbi:735: class definition in method body https://srb.help/2001
     735 |class Mail::ResentDateField < Mail::StructuredField
          ^^^^^

sorbet/rbi/gems/mail.rbi:741: class definition in method body https://srb.help/2001
     741 |class Mail::ResentFromField < Mail::StructuredField
          ^^^^^

sorbet/rbi/gems/mail.rbi:747: class definition in method body https://srb.help/2001
     747 |class Mail::ResentSenderField < Mail::StructuredField
          ^^^^^

sorbet/rbi/gems/mail.rbi:755: class definition in method body https://srb.help/2001
     755 |class Mail::ResentToField < Mail::StructuredField
          ^^^^^

sorbet/rbi/gems/mail.rbi:761: class definition in method body https://srb.help/2001
     761 |class Mail::ResentCcField < Mail::StructuredField
          ^^^^^

sorbet/rbi/gems/mail.rbi:767: class definition in method body https://srb.help/2001
     767 |class Mail::ResentBccField < Mail::StructuredField
          ^^^^^

sorbet/rbi/gems/mail.rbi:773: class definition in method body https://srb.help/2001
     773 |class Mail::ResentMessageIdField < Mail::StructuredField
          ^^^^^

sorbet/rbi/gems/mail.rbi:780: class definition in method body https://srb.help/2001
     780 |class Mail::ReturnPathField < Mail::StructuredField
          ^^^^^

sorbet/rbi/gems/mail.rbi:788: class definition in method body https://srb.help/2001
     788 |class Mail::ReceivedField < Mail::StructuredField
          ^^^^^

sorbet/rbi/gems/mail.rbi:798: class definition in method body https://srb.help/2001
     798 |class Mail::MimeVersionField < Mail::StructuredField
          ^^^^^

sorbet/rbi/gems/mail.rbi:808: class definition in method body https://srb.help/2001
     808 |class Mail::ContentTransferEncodingField < Mail::StructuredField
          ^^^^^

sorbet/rbi/gems/mail.rbi:816: class definition in method body https://srb.help/2001
     816 |class Mail::ContentDescriptionField < Mail::UnstructuredField
          ^^^^^

sorbet/rbi/gems/mail.rbi:819: class definition in method body https://srb.help/2001
     819 |class Mail::ParameterHash < Mail::IndifferentHash
          ^^^^^

sorbet/rbi/gems/mail.rbi:825: class definition in method body https://srb.help/2001
     825 |class Mail::ContentDispositionField < Mail::StructuredField
          ^^^^^

sorbet/rbi/gems/mail.rbi:835: class definition in method body https://srb.help/2001
     835 |class Mail::ContentTypeField < Mail::StructuredField
          ^^^^^

sorbet/rbi/gems/mail.rbi:857: class definition in method body https://srb.help/2001
     857 |class Mail::ContentIdField < Mail::StructuredField
          ^^^^^

sorbet/rbi/gems/mail.rbi:868: class definition in method body https://srb.help/2001
     868 |class Mail::ContentLocationField < Mail::StructuredField
          ^^^^^

sorbet/rbi/gems/mail.rbi:876: class definition in method body https://srb.help/2001
     876 |class Mail::Field
          ^^^^^

sorbet/rbi/gems/mail.rbi:903: class definition in method body https://srb.help/2001
     903 |class Mail::Field::FieldError < StandardError
          ^^^^^

sorbet/rbi/gems/mail.rbi:905: class definition in method body https://srb.help/2001
     905 |class Mail::Field::ParseError < Mail::Field::FieldError
          ^^^^^

sorbet/rbi/gems/mail.rbi:915: class definition in method body https://srb.help/2001
     915 |class Mail::Field::NilParseError < Mail::Field::ParseError
          ^^^^^

sorbet/rbi/gems/mail.rbi:918: class definition in method body https://srb.help/2001
     918 |class Mail::Field::IncompleteParseError < Mail::Field::ParseError
          ^^^^^

sorbet/rbi/gems/mail.rbi:921: class definition in method body https://srb.help/2001
     921 |class Mail::Field::SyntaxError < Mail::Field::FieldError
          ^^^^^

sorbet/rbi/gems/mail.rbi:923: class definition in method body https://srb.help/2001
     923 |class Mail::FieldList < Array
          ^^^^^

sorbet/rbi/gems/mail.rbi:927: class definition in method body https://srb.help/2001
     927 |class Mail::Envelope < Mail::StructuredField
          ^^^^^

sorbet/rbi/gems/mail.rbi:933: class definition in method body https://srb.help/2001
     933 |class Mail::UnknownEncodingType < StandardError
          ^^^^^

sorbet/rbi/gems/mail.rbi:935: module definition in method body https://srb.help/2001
     935 |module Mail::Encodings
          ^^^^^^

sorbet/rbi/gems/mail.rbi:962: class definition in method body https://srb.help/2001
     962 |class Mail::Encodings::TransferEncoding
          ^^^^^

sorbet/rbi/gems/mail.rbi:972: class definition in method body https://srb.help/2001
     972 |class Mail::Encodings::Identity < Mail::Encodings::TransferEncoding
          ^^^^^

sorbet/rbi/gems/mail.rbi:977: class definition in method body https://srb.help/2001
     977 |class Mail::Encodings::Binary < Mail::Encodings::Identity
          ^^^^^

sorbet/rbi/gems/mail.rbi:979: class definition in method body https://srb.help/2001
     979 |class Mail::Encodings::EightBit < Mail::Encodings::Binary
          ^^^^^

sorbet/rbi/gems/mail.rbi:982: class definition in method body https://srb.help/2001
     982 |class Mail::Encodings::SevenBit < Mail::Encodings::EightBit
          ^^^^^

sorbet/rbi/gems/mail.rbi:986: class definition in method body https://srb.help/2001
     986 |class Mail::Encodings::Base64 < Mail::Encodings::SevenBit
          ^^^^^

sorbet/rbi/gems/mail.rbi:993: class definition in method body https://srb.help/2001
     993 |class Mail::Encodings::QuotedPrintable < Mail::Encodings::SevenBit
          ^^^^^

sorbet/rbi/gems/mail.rbi:1000: class definition in method body https://srb.help/2001
    1000 |class Mail::Encodings::UnixToUnix < Mail::Encodings::TransferEncoding
          ^^^^^

sorbet/rbi/gems/mail.rbi:1004: module definition in method body https://srb.help/2001
    1004 |module Mail::Matchers
          ^^^^^^

sorbet/rbi/gems/mail.rbi:1009: class definition in method body https://srb.help/2001
    1009 |class Mail::Matchers::HasSentEmailMatcher
          ^^^^^

sorbet/rbi/gems/mail.rbi:1044: class definition in method body https://srb.help/2001
    1044 |class Mail::Matchers::AnyAttachmentMatcher
          ^^^^^

sorbet/rbi/gems/mail.rbi:1047: class definition in method body https://srb.help/2001
    1047 |class Mail::Matchers::AttachmentFilenameMatcher
          ^^^^^

sorbet/rbi/gems/mail.rbi:1052: module definition in method body https://srb.help/2001
    1052 |module Mail::ParserTools
          ^^^^^^

sorbet/rbi/gems/mail.rbi:1055: module definition in method body https://srb.help/2001
    1055 |module Mail::Parsers
          ^^^^^^

sorbet/rbi/gems/mail.rbi:1057: module definition in method body https://srb.help/2001
    1057 |module Mail::Parsers::ContentDispositionParser
          ^^^^^^

sorbet/rbi/gems/mail.rbi:1085: class definition in method body https://srb.help/2001
    1085 |class Mail::Parsers::ContentDispositionParser::ContentDispositionStruct < Struct
          ^^^^^

sorbet/rbi/gems/mail.rbi:1098: module definition in method body https://srb.help/2001
    1098 |module Mail::Parsers::ContentLocationParser
          ^^^^^^

sorbet/rbi/gems/mail.rbi:1126: class definition in method body https://srb.help/2001
    1126 |class Mail::Parsers::ContentLocationParser::ContentLocationStruct < Struct
          ^^^^^

sorbet/rbi/gems/mail.rbi:1137: module definition in method body https://srb.help/2001
    1137 |module Mail::Parsers::ContentTransferEncodingParser
          ^^^^^^

sorbet/rbi/gems/mail.rbi:1165: class definition in method body https://srb.help/2001
    1165 |class Mail::Parsers::ContentTransferEncodingParser::ContentTransferEncodingStruct < Struct
          ^^^^^

sorbet/rbi/gems/mail.rbi:1176: module definition in method body https://srb.help/2001
    1176 |module Mail::Parsers::ContentTypeParser
          ^^^^^^

sorbet/rbi/gems/mail.rbi:1204: class definition in method body https://srb.help/2001
    1204 |class Mail::Parsers::ContentTypeParser::ContentTypeStruct < Struct
          ^^^^^

sorbet/rbi/gems/mail.rbi:1219: module definition in method body https://srb.help/2001
    1219 |module Mail::Parsers::DateTimeParser
          ^^^^^^

sorbet/rbi/gems/mail.rbi:1247: class definition in method body https://srb.help/2001
    1247 |class Mail::Parsers::DateTimeParser::DateTimeStruct < Struct
          ^^^^^

sorbet/rbi/gems/mail.rbi:1260: module definition in method body https://srb.help/2001
    1260 |module Mail::Parsers::EnvelopeFromParser
          ^^^^^^

sorbet/rbi/gems/mail.rbi:1288: class definition in method body https://srb.help/2001
    1288 |class Mail::Parsers::EnvelopeFromParser::EnvelopeFromStruct < Struct
          ^^^^^

sorbet/rbi/gems/mail.rbi:1301: module definition in method body https://srb.help/2001
    1301 |module Mail::Parsers::MessageIdsParser
          ^^^^^^

sorbet/rbi/gems/mail.rbi:1329: class definition in method body https://srb.help/2001
    1329 |class Mail::Parsers::MessageIdsParser::MessageIdsStruct < Struct
          ^^^^^

sorbet/rbi/gems/mail.rbi:1340: module definition in method body https://srb.help/2001
    1340 |module Mail::Parsers::MimeVersionParser
          ^^^^^^

sorbet/rbi/gems/mail.rbi:1368: class definition in method body https://srb.help/2001
    1368 |class Mail::Parsers::MimeVersionParser::MimeVersionStruct < Struct
          ^^^^^

sorbet/rbi/gems/mail.rbi:1381: class definition in method body https://srb.help/2001
    1381 |class Mail::Parsers::PhraseListsParser
          ^^^^^

sorbet/rbi/gems/mail.rbi:1409: class definition in method body https://srb.help/2001
    1409 |class Mail::Parsers::PhraseListsParser::PhraseListsStruct < Struct
          ^^^^^

sorbet/rbi/gems/mail.rbi:1420: module definition in method body https://srb.help/2001
    1420 |module Mail::Parsers::ReceivedParser
          ^^^^^^

sorbet/rbi/gems/mail.rbi:1448: class definition in method body https://srb.help/2001
    1448 |class Mail::Parsers::ReceivedParser::ReceivedStruct < Struct
          ^^^^^

sorbet/rbi/gems/mail.rbi:1463: module definition in method body https://srb.help/2001
    1463 |module Mail::Parsers::AddressListsParser
          ^^^^^^

sorbet/rbi/gems/mail.rbi:1491: class definition in method body https://srb.help/2001
    1491 |class Mail::Parsers::AddressListsParser::AddressListStruct < Struct
          ^^^^^

sorbet/rbi/gems/mail.rbi:1504: class definition in method body https://srb.help/2001
    1504 |class Mail::Parsers::AddressListsParser::AddressStruct < Struct
          ^^^^^

sorbet/rbi/gems/mail.rbi:1527: class definition in method body https://srb.help/2001
    1527 |class Mail::Address
          ^^^^^

sorbet/rbi/gems/mail.rbi:1555: module definition in method body https://srb.help/2001
    1555 |module Mail::CheckDeliveryParams
          ^^^^^^

sorbet/rbi/gems/mail.rbi:1557: class definition in method body https://srb.help/2001
    1557 |class Mail::TestMailer
          ^^^^^

sorbet/rbi/gems/mail.rbi:1559: class definition in method body https://srb.help/2001
    1559 |class Mail::SMTP
          ^^^^^

sorbet/rbi/gems/mail.rbi:1561: class definition in method body https://srb.help/2001
    1561 |class Mail::FileDelivery
          ^^^^^

sorbet/rbi/gems/mail.rbi:1563: class definition in method body https://srb.help/2001
    1563 |class Mail::Sendmail
          ^^^^^

sorbet/rbi/sorbet-typed/lib/actionpack/all/actionpack.rbi:26: Method `AbstractController::Callbacks::ClassMethods#after_action` redefined without matching argument count. Expected: `1`, got: `6` https://srb.help/4010
    26 |  def after_action(*names, except: nil, only: nil, if: nil, unless: nil, raise: true, &block); end
          ^^^^^^^^^^^^^^^^^^^^^^^^^^^^^^^^^^^^^^^^^^^^^^^^^^^^^^^^^^^^^^^^^^^^^^^^^^^^^^^^^^^^^^^^^^^
    sorbet/rbi/gems/actionpack@7.0.2.3.rbi:191: Previous definition
     191 |  def after_action(*names, &blk); end
            ^^^^^^^^^^^^^^^^^^^^^^^^^^^^^^

sorbet/rbi/sorbet-typed/lib/actionpack/all/actionpack.rbi:40: Method `AbstractController::Callbacks::ClassMethods#append_after_action` redefined without matching argument count. Expected: `1`, got: `6` https://srb.help/4010
    40 |  def append_after_action(*names, except: nil, only: nil, if: nil, unless: nil, raise: true, &block); end
          ^^^^^^^^^^^^^^^^^^^^^^^^^^^^^^^^^^^^^^^^^^^^^^^^^^^^^^^^^^^^^^^^^^^^^^^^^^^^^^^^^^^^^^^^^^^^^^^^^^
    sorbet/rbi/gems/actionpack@7.0.2.3.rbi:192: Previous definition
     192 |  def append_after_action(*names, &blk); end
            ^^^^^^^^^^^^^^^^^^^^^^^^^^^^^^^^^^^^^

sorbet/rbi/sorbet-typed/lib/actionpack/all/actionpack.rbi:54: Method `AbstractController::Callbacks::ClassMethods#append_around_action` redefined without matching argument count. Expected: `1`, got: `6` https://srb.help/4010
    54 |  def append_around_action(*names, except: nil, only: nil, if: nil, unless: nil, raise: true, &block); end
          ^^^^^^^^^^^^^^^^^^^^^^^^^^^^^^^^^^^^^^^^^^^^^^^^^^^^^^^^^^^^^^^^^^^^^^^^^^^^^^^^^^^^^^^^^^^^^^^^^^^
    sorbet/rbi/gems/actionpack@7.0.2.3.rbi:193: Previous definition
     193 |  def append_around_action(*names, &blk); end
            ^^^^^^^^^^^^^^^^^^^^^^^^^^^^^^^^^^^^^^

sorbet/rbi/sorbet-typed/lib/actionpack/all/actionpack.rbi:68: Method `AbstractController::Callbacks::ClassMethods#append_before_action` redefined without matching argument count. Expected: `1`, got: `6` https://srb.help/4010
    68 |  def append_before_action(*names, except: nil, only: nil, if: nil, unless: nil, raise: true, &block); end
          ^^^^^^^^^^^^^^^^^^^^^^^^^^^^^^^^^^^^^^^^^^^^^^^^^^^^^^^^^^^^^^^^^^^^^^^^^^^^^^^^^^^^^^^^^^^^^^^^^^^
    sorbet/rbi/gems/actionpack@7.0.2.3.rbi:194: Previous definition
     194 |  def append_before_action(*names, &blk); end
            ^^^^^^^^^^^^^^^^^^^^^^^^^^^^^^^^^^^^^^

sorbet/rbi/sorbet-typed/lib/actionpack/all/actionpack.rbi:81: Method `AbstractController::Callbacks::ClassMethods#around_action` redefined without matching argument count. Expected: `1`, got: `6` https://srb.help/4010
    81 |  def around_action(*names, except: nil, only: nil, if: nil, unless: nil, raise: true, &block); end
          ^^^^^^^^^^^^^^^^^^^^^^^^^^^^^^^^^^^^^^^^^^^^^^^^^^^^^^^^^^^^^^^^^^^^^^^^^^^^^^^^^^^^^^^^^^^^
    sorbet/rbi/gems/actionpack@7.0.2.3.rbi:195: Previous definition
     195 |  def around_action(*names, &blk); end
            ^^^^^^^^^^^^^^^^^^^^^^^^^^^^^^^

sorbet/rbi/sorbet-typed/lib/actionpack/all/actionpack.rbi:94: Method `AbstractController::Callbacks::ClassMethods#before_action` redefined without matching argument count. Expected: `1`, got: `6` https://srb.help/4010
    94 |  def before_action(*names, except: nil, only: nil, if: nil, unless: nil, raise: true, &block); end
          ^^^^^^^^^^^^^^^^^^^^^^^^^^^^^^^^^^^^^^^^^^^^^^^^^^^^^^^^^^^^^^^^^^^^^^^^^^^^^^^^^^^^^^^^^^^^
    sorbet/rbi/gems/actionpack@7.0.2.3.rbi:196: Previous definition
     196 |  def before_action(*names, &blk); end
            ^^^^^^^^^^^^^^^^^^^^^^^^^^^^^^^

sorbet/rbi/sorbet-typed/lib/actionpack/all/actionpack.rbi:107: Method `AbstractController::Callbacks::ClassMethods#prepend_after_action` redefined without matching argument count. Expected: `1`, got: `6` https://srb.help/4010
     107 |  def prepend_after_action(*names, except: nil, only: nil, if: nil, unless: nil, raise: true, &block); end
            ^^^^^^^^^^^^^^^^^^^^^^^^^^^^^^^^^^^^^^^^^^^^^^^^^^^^^^^^^^^^^^^^^^^^^^^^^^^^^^^^^^^^^^^^^^^^^^^^^^^
    sorbet/rbi/gems/actionpack@7.0.2.3.rbi:197: Previous definition
     197 |  def prepend_after_action(*names, &blk); end
            ^^^^^^^^^^^^^^^^^^^^^^^^^^^^^^^^^^^^^^

sorbet/rbi/sorbet-typed/lib/actionpack/all/actionpack.rbi:120: Method `AbstractController::Callbacks::ClassMethods#prepend_around_action` redefined without matching argument count. Expected: `1`, got: `6` https://srb.help/4010
     120 |  def prepend_around_action(*names, except: nil, only: nil, if: nil, unless: nil, raise: true, &block); end
            ^^^^^^^^^^^^^^^^^^^^^^^^^^^^^^^^^^^^^^^^^^^^^^^^^^^^^^^^^^^^^^^^^^^^^^^^^^^^^^^^^^^^^^^^^^^^^^^^^^^^
    sorbet/rbi/gems/actionpack@7.0.2.3.rbi:198: Previous definition
     198 |  def prepend_around_action(*names, &blk); end
            ^^^^^^^^^^^^^^^^^^^^^^^^^^^^^^^^^^^^^^^

sorbet/rbi/sorbet-typed/lib/actionpack/all/actionpack.rbi:133: Method `AbstractController::Callbacks::ClassMethods#prepend_before_action` redefined without matching argument count. Expected: `1`, got: `6` https://srb.help/4010
     133 |  def prepend_before_action(*names, except: nil, only: nil, if: nil, unless: nil, raise: true, &block); end
            ^^^^^^^^^^^^^^^^^^^^^^^^^^^^^^^^^^^^^^^^^^^^^^^^^^^^^^^^^^^^^^^^^^^^^^^^^^^^^^^^^^^^^^^^^^^^^^^^^^^^
    sorbet/rbi/gems/actionpack@7.0.2.3.rbi:199: Previous definition
     199 |  def prepend_before_action(*names, &blk); end
            ^^^^^^^^^^^^^^^^^^^^^^^^^^^^^^^^^^^^^^^

sorbet/rbi/sorbet-typed/lib/actionpack/all/actionpack.rbi:145: Method `AbstractController::Callbacks::ClassMethods#skip_after_action` redefined without matching argument count. Expected: `1`, got: `6` https://srb.help/4010
     145 |  def skip_after_action(*names, except: nil, only: nil, if: nil, unless: nil, raise: true); end
            ^^^^^^^^^^^^^^^^^^^^^^^^^^^^^^^^^^^^^^^^^^^^^^^^^^^^^^^^^^^^^^^^^^^^^^^^^^^^^^^^^^^^^^^^
    sorbet/rbi/gems/actionpack@7.0.2.3.rbi:200: Previous definition
     200 |  def skip_after_action(*names); end
            ^^^^^^^^^^^^^^^^^^^^^^^^^^^^^

sorbet/rbi/sorbet-typed/lib/actionpack/all/actionpack.rbi:157: Method `AbstractController::Callbacks::ClassMethods#skip_around_action` redefined without matching argument count. Expected: `1`, got: `6` https://srb.help/4010
     157 |  def skip_around_action(*names, except: nil, only: nil, if: nil, unless: nil, raise: true); end
            ^^^^^^^^^^^^^^^^^^^^^^^^^^^^^^^^^^^^^^^^^^^^^^^^^^^^^^^^^^^^^^^^^^^^^^^^^^^^^^^^^^^^^^^^^
    sorbet/rbi/gems/actionpack@7.0.2.3.rbi:201: Previous definition
     201 |  def skip_around_action(*names); end
            ^^^^^^^^^^^^^^^^^^^^^^^^^^^^^^

sorbet/rbi/sorbet-typed/lib/actionpack/all/actionpack.rbi:169: Method `AbstractController::Callbacks::ClassMethods#skip_before_action` redefined without matching argument count. Expected: `1`, got: `6` https://srb.help/4010
     169 |  def skip_before_action(*names, except: nil, only: nil, if: nil, unless: nil, raise: true); end
            ^^^^^^^^^^^^^^^^^^^^^^^^^^^^^^^^^^^^^^^^^^^^^^^^^^^^^^^^^^^^^^^^^^^^^^^^^^^^^^^^^^^^^^^^^
    sorbet/rbi/gems/actionpack@7.0.2.3.rbi:202: Previous definition
     202 |  def skip_before_action(*names); end
            ^^^^^^^^^^^^^^^^^^^^^^^^^^^^^^

sorbet/rbi/sorbet-typed/lib/actionpack/all/actionpack.rbi:297: Method `ActionController::RequestForgeryProtection::ClassMethods#protect_from_forgery` redefined without matching argument count. Expected: `1`, got: `9` https://srb.help/4010
     297 |  def protect_from_forgery(only: nil, except: nil, if: nil, unless: nil, prepend: false, with: nil, exception: nil, reset_session: nil, null_session: nil); end
            ^^^^^^^^^^^^^^^^^^^^^^^^^^^^^^^^^^^^^^^^^^^^^^^^^^^^^^^^^^^^^^^^^^^^^^^^^^^^^^^^^^^^^^^^^^^^^^^^^^^^^^^^^^^^^^^^^^^^^^^^^^^^^^^^^^^^^^^^^^^^^^^^^^^^^^^^
    sorbet/rbi/gems/actionpack@7.0.2.3.rbi:1860: Previous definition
    1860 |  def protect_from_forgery(options = T.unsafe(nil)); end
            ^^^^^^^^^^^^^^^^^^^^^^^^^^^^^^^^^^^^^^^^^^^^^^^^^

sorbet/rbi/sorbet-typed/lib/actionpack/all/actionpack.rbi:529: Method `ActionController::Parameters#as_json` redefined without matching argument count. Expected: `2`, got: `1` https://srb.help/4010
     529 |  def as_json(options = nil); end
            ^^^^^^^^^^^^^^^^^^^^^^^^^^
    sorbet/rbi/gems/actionpack@7.0.2.3.rbi:1446: Previous definition
    1446 |  def as_json(*_arg0, **_arg1, &_arg2); end
            ^^^^^^^^^^^^^^^^^^^^^^^^^^^^^^^^^^^^

sorbet/rbi/sorbet-typed/lib/actionpack/all/actionpack.rbi:548: Method `ActionController::Parameters#empty?` redefined without matching argument count. Expected: `2`, got: `0` https://srb.help/4010
     548 |  def empty?; end
            ^^^^^^^^^^
    sorbet/rbi/gems/actionpack@7.0.2.3.rbi:1462: Previous definition
    1462 |  def empty?(*_arg0, **_arg1, &_arg2); end
            ^^^^^^^^^^^^^^^^^^^^^^^^^^^^^^^^^^^

sorbet/rbi/sorbet-typed/lib/actionpack/all/actionpack.rbi:560: Method `ActionController::Parameters#has_key?` redefined without matching argument count. Expected: `2`, got: `1` https://srb.help/4010
     560 |  def has_key?(key); end
            ^^^^^^^^^^^^^^^^^
    sorbet/rbi/gems/actionpack@7.0.2.3.rbi:1467: Previous definition
    1467 |  def has_key?(*_arg0, **_arg1, &_arg2); end
            ^^^^^^^^^^^^^^^^^^^^^^^^^^^^^^^^^^^^^

sorbet/rbi/sorbet-typed/lib/actionpack/all/actionpack.rbi:563: Method `ActionController::Parameters#has_value?` redefined without matching argument count. Expected: `2`, got: `1` https://srb.help/4010
     563 |  def has_value?(value); end
            ^^^^^^^^^^^^^^^^^^^^^
    sorbet/rbi/gems/actionpack@7.0.2.3.rbi:1468: Previous definition
    1468 |  def has_value?(*_arg0, **_arg1, &_arg2); end
            ^^^^^^^^^^^^^^^^^^^^^^^^^^^^^^^^^^^^^^^

sorbet/rbi/sorbet-typed/lib/actionpack/all/actionpack.rbi:566: Method `ActionController::Parameters#include?` redefined without matching argument count. Expected: `2`, got: `1` https://srb.help/4010
     566 |  def include?(key); end
            ^^^^^^^^^^^^^^^^^
    sorbet/rbi/gems/actionpack@7.0.2.3.rbi:1470: Previous definition
    1470 |  def include?(*_arg0, **_arg1, &_arg2); end
            ^^^^^^^^^^^^^^^^^^^^^^^^^^^^^^^^^^^^^

sorbet/rbi/sorbet-typed/lib/actionpack/all/actionpack.rbi:569: Method `ActionController::Parameters#initialize` redefined without matching argument count. Expected: `2`, got: `1` https://srb.help/4010
     569 |  def initialize(parameters = nil); end
            ^^^^^^^^^^^^^^^^^^^^^^^^^^^^^^^^
    sorbet/rbi/gems/actionpack@7.0.2.3.rbi:1439: Previous definition
    1439 |  def initialize(parameters = T.unsafe(nil), logging_context = T.unsafe(nil)); end
            ^^^^^^^^^^^^^^^^^^^^^^^^^^^^^^^^^^^^^^^^^^^^^^^^^^^^^^^^^^^^^^^^^^^^^^^^^^^

sorbet/rbi/sorbet-typed/lib/actionpack/all/actionpack.rbi:575: Method `ActionController::Parameters#key?` redefined without matching argument count. Expected: `2`, got: `1` https://srb.help/4010
     575 |  def key?(key); end
            ^^^^^^^^^^^^^
    sorbet/rbi/gems/actionpack@7.0.2.3.rbi:1474: Previous definition
    1474 |  def key?(*_arg0, **_arg1, &_arg2); end
            ^^^^^^^^^^^^^^^^^^^^^^^^^^^^^^^^^

sorbet/rbi/sorbet-typed/lib/actionpack/all/actionpack.rbi:578: Method `ActionController::Parameters#keys` redefined without matching argument count. Expected: `2`, got: `0` https://srb.help/4010
     578 |  def keys; end
            ^^^^^^^^
    sorbet/rbi/gems/actionpack@7.0.2.3.rbi:1475: Previous definition
    1475 |  def keys(*_arg0, **_arg1, &_arg2); end
            ^^^^^^^^^^^^^^^^^^^^^^^^^^^^^^^^^

sorbet/rbi/sorbet-typed/lib/actionpack/all/actionpack.rbi:726: Method `ActionController::Parameters#to_s` redefined without matching argument count. Expected: `2`, got: `0` https://srb.help/4010
     726 |  def to_s; end
            ^^^^^^^^
    sorbet/rbi/gems/actionpack@7.0.2.3.rbi:1497: Previous definition
    1497 |  def to_s(*_arg0, **_arg1, &_arg2); end
            ^^^^^^^^^^^^^^^^^^^^^^^^^^^^^^^^^

sorbet/rbi/sorbet-typed/lib/actionpack/all/actionpack.rbi:748: Method `ActionController::Parameters#value?` redefined without matching argument count. Expected: `2`, got: `1` https://srb.help/4010
     748 |  def value?(value); end
            ^^^^^^^^^^^^^^^^^
    sorbet/rbi/gems/actionpack@7.0.2.3.rbi:1504: Previous definition
    1504 |  def value?(*_arg0, **_arg1, &_arg2); end
            ^^^^^^^^^^^^^^^^^^^^^^^^^^^^^^^^^^^

sorbet/rbi/sorbet-typed/lib/actionpack/all/actionpack.rbi:751: Method `ActionController::Parameters#values` redefined without matching argument count. Expected: `2`, got: `0` https://srb.help/4010
     751 |  def values; end
            ^^^^^^^^^^
    sorbet/rbi/gems/actionpack@7.0.2.3.rbi:1505: Previous definition
    1505 |  def values(*_arg0, **_arg1, &_arg2); end
            ^^^^^^^^^^^^^^^^^^^^^^^^^^^^^^^^^^^

sorbet/rbi/sorbet-typed/lib/actionpack/all/actionpack.rbi:784: Method `ActionDispatch::Routing::Mapper::HttpHelpers#delete` redefined without matching argument count. Expected: `1`, got: `14` https://srb.help/4010
     784 |  def delete(
     785 |    name,
     786 |    controller: nil,
     787 |    action: nil,
     788 |    param: :id,
         |...
     796 |    anchor: true,
     797 |    format: nil,
     798 |    path: nil,
     799 |    &block
     800 |  ); end
    sorbet/rbi/gems/actionpack@7.0.2.3.rbi:4555: Previous definition
    4555 |  def delete(*args, &block); end
            ^^^^^^^^^^^^^^^^^^^^^^^^^

sorbet/rbi/sorbet-typed/lib/actionpack/all/actionpack.rbi:821: Method `ActionDispatch::Routing::Mapper::HttpHelpers#get` redefined without matching argument count. Expected: `1`, got: `14` https://srb.help/4010
     821 |  def get(
     822 |    name,
     823 |    controller: nil,
     824 |    action: nil,
     825 |    param: :id,
         |...
     833 |    anchor: true,
     834 |    format: nil,
     835 |    path: nil,
     836 |    &block
     837 |  ); end
    sorbet/rbi/gems/actionpack@7.0.2.3.rbi:4556: Previous definition
    4556 |  def get(*args, &block); end
            ^^^^^^^^^^^^^^^^^^^^^^

sorbet/rbi/sorbet-typed/lib/actionpack/all/actionpack.rbi:858: Method `ActionDispatch::Routing::Mapper::HttpHelpers#patch` redefined without matching argument count. Expected: `1`, got: `14` https://srb.help/4010
     858 |  def patch(
     859 |    name,
     860 |    controller: nil,
     861 |    action: nil,
     862 |    param: :id,
         |...
     870 |    anchor: true,
     871 |    format: nil,
     872 |    path: nil,
     873 |    &block
     874 |  ); end
    sorbet/rbi/gems/actionpack@7.0.2.3.rbi:4558: Previous definition
    4558 |  def patch(*args, &block); end
            ^^^^^^^^^^^^^^^^^^^^^^^^

sorbet/rbi/sorbet-typed/lib/actionpack/all/actionpack.rbi:895: Method `ActionDispatch::Routing::Mapper::HttpHelpers#post` redefined without matching argument count. Expected: `1`, got: `14` https://srb.help/4010
     895 |  def post(
     896 |    name,
     897 |    controller: nil,
     898 |    action: nil,
     899 |    param: :id,
         |...
     907 |    anchor: true,
     908 |    format: nil,
     909 |    path: nil,
     910 |    &block
     911 |  ); end
    sorbet/rbi/gems/actionpack@7.0.2.3.rbi:4559: Previous definition
    4559 |  def post(*args, &block); end
            ^^^^^^^^^^^^^^^^^^^^^^^

sorbet/rbi/sorbet-typed/lib/actionpack/all/actionpack.rbi:932: Method `ActionDispatch::Routing::Mapper::HttpHelpers#put` redefined without matching argument count. Expected: `1`, got: `14` https://srb.help/4010
     932 |  def put(
     933 |    name,
     934 |    controller: nil,
     935 |    action: nil,
     936 |    param: :id,
         |...
     944 |    anchor: true,
     945 |    format: nil,
     946 |    path: nil,
     947 |    &block
     948 |  ); end
    sorbet/rbi/gems/actionpack@7.0.2.3.rbi:4560: Previous definition
    4560 |  def put(*args, &block); end
            ^^^^^^^^^^^^^^^^^^^^^^

sorbet/rbi/sorbet-typed/lib/actionpack/all/actionpack.rbi:977: Method `ActionDispatch::Routing::Mapper::Resources#match` redefined without matching argument count. Expected: `2`, got: `14` https://srb.help/4010
     977 |  def match(
     978 |    name,
     979 |    controller: nil,
     980 |    action: nil,
     981 |    param: :id,
         |...
     989 |    anchor: true,
     990 |    format: nil,
     991 |    path: nil,
     992 |    &block
     993 |  ); end
    sorbet/rbi/gems/actionpack@7.0.2.3.rbi:4618: Previous definition
    4618 |  def match(path, *rest, &block); end
            ^^^^^^^^^^^^^^^^^^^^^^^^^^^^^^

sorbet/rbi/sorbet-typed/lib/actionpack/all/actionpack.rbi:1011: Method `ActionDispatch::Routing::Mapper::Resources#namespace` redefined without matching argument count. Expected: `2`, got: `5` https://srb.help/4010
    1011 |  def namespace(
    1012 |    path,
    1013 |    as: T.unsafe(nil),
    1014 |    module: T.unsafe(nil),
    1015 |    shallow_path: T.unsafe(nil),
    1016 |    shallow_prefix: T.unsafe(nil),
    1017 |    &block
    1018 |  ); end
    sorbet/rbi/gems/actionpack@7.0.2.3.rbi:4620: Previous definition
    4620 |  def namespace(path, options = T.unsafe(nil)); end
            ^^^^^^^^^^^^^^^^^^^^^^^^^^^^^^^^^^^^^^^^^^^^

sorbet/rbi/sorbet-typed/lib/actionpack/all/actionpack.rbi:1046: Method `ActionDispatch::Routing::Mapper::Resources#resource` redefined without matching argument count. Expected: `1`, got: `13` https://srb.help/4010
    1046 |  def resource(
    1047 |    *resources,
    1048 |    as: nil,
    1049 |    controller: nil,
    1050 |    concerns: nil,
         |...
    1057 |    shallow_path: nil,
    1058 |    shallow_prefix: nil,
    1059 |    format: nil,
    1060 |    &block
    1061 |  ); end
    sorbet/rbi/gems/actionpack@7.0.2.3.rbi:4623: Previous definition
    4623 |  def resource(*resources, &block); end
            ^^^^^^^^^^^^^^^^^^^^^^^^^^^^^^^^

sorbet/rbi/sorbet-typed/lib/actionpack/all/actionpack.rbi:1091: Method `ActionDispatch::Routing::Mapper::Resources#resources` redefined without matching argument count. Expected: `1`, got: `15` https://srb.help/4010
    1091 |  def resources(
    1092 |    *resources,
    1093 |    as: nil,
    1094 |    constraints: nil,
    1095 |    controller: nil,
         |...
    1104 |    shallow_path: nil,
    1105 |    shallow_prefix: nil,
    1106 |    format: nil,
    1107 |    &block
    1108 |  ); end
    sorbet/rbi/gems/actionpack@7.0.2.3.rbi:4624: Previous definition
    4624 |  def resources(*resources, &block); end
            ^^^^^^^^^^^^^^^^^^^^^^^^^^^^^^^^^

sorbet/rbi/sorbet-typed/lib/actionpack/all/actionpack.rbi:1113: Method `ActionDispatch::Routing::Mapper::Resources#root` redefined without matching argument count. Expected: `2`, got: `3` https://srb.help/4010
    1113 |  def root(path = T.unsafe(nil), to: nil, as: nil); end
            ^^^^^^^^^^^^^^^^^^^^^^^^^^^^^^^^^^^^^^^^^^^^^^^^
    sorbet/rbi/gems/actionpack@7.0.2.3.rbi:4626: Previous definition
    4626 |  def root(path, options = T.unsafe(nil)); end
            ^^^^^^^^^^^^^^^^^^^^^^^^^^^^^^^^^^^^^^^

sorbet/rbi/gems/reline@0.3.1.rbi:736: Unable to resolve constant `CParser` https://srb.help/5002
     736 |  extend ::Fiddle::CParser
                   ^^^^^^^^^^^^^^^^^

sorbet/rbi/gems/reline@0.3.1.rbi:736: Unable to resolve constant `CParser` https://srb.help/5002
     736 |  extend ::Fiddle::CParser
                   ^^^^^^^^^^^^^^^^^

sorbet/rbi/gems/reline@0.3.1.rbi:737: Unable to resolve constant `Importer` https://srb.help/5002
     737 |  extend ::Fiddle::Importer
                   ^^^^^^^^^^^^^^^^^^

sorbet/rbi/gems/reline@0.3.1.rbi:737: Unable to resolve constant `Importer` https://srb.help/5002
     737 |  extend ::Fiddle::Importer
                   ^^^^^^^^^^^^^^^^^^

sorbet/rbi/gems/actionmailbox.rbi:162: Unable to resolve constant `Anonymous_Module_23` https://srb.help/5002
     162 |  include Anonymous_Module_23
                    ^^^^^^^^^^^^^^^^^^^
  Autocorrect: Use `-a` to autocorrect
    sorbet/rbi/gems/actionmailbox.rbi:162: Replace with `Anonymous_Module_33`
     162 |  include Anonymous_Module_23
                    ^^^^^^^^^^^^^^^^^^^
  Autocorrect: Use `-a` to autocorrect
    sorbet/rbi/gems/actionmailbox.rbi:162: Replace with `Anonymous_Module_29`
     162 |  include Anonymous_Module_23
                    ^^^^^^^^^^^^^^^^^^^
  Autocorrect: Use `-a` to autocorrect
    sorbet/rbi/gems/actionmailbox.rbi:162: Replace with `Anonymous_Module_24`
     162 |  include Anonymous_Module_23
                    ^^^^^^^^^^^^^^^^^^^
    sorbet/rbi/gems/actionmailbox.rbi:66: Did you mean: `Anonymous_Module_33`?
    66 |module Anonymous_Module_33
        ^^^^^^^^^^^^^^^^^^^^^^^^^^
    sorbet/rbi/gems/actionmailer.rbi:114: Did you mean: `Anonymous_Module_29`?
     114 |module Anonymous_Module_29
          ^^^^^^^^^^^^^^^^^^^^^^^^^^
    sorbet/rbi/gems/activestorage.rbi:296: Did you mean: `Anonymous_Module_24`?
     296 |module Anonymous_Module_24
          ^^^^^^^^^^^^^^^^^^^^^^^^^^

sorbet/rbi/gems/actionmailbox.rbi:162: Unable to resolve constant `Anonymous_Module_23` https://srb.help/5002
     162 |  include Anonymous_Module_23
                    ^^^^^^^^^^^^^^^^^^^
  Autocorrect: Use `-a` to autocorrect
    sorbet/rbi/gems/actionmailbox.rbi:162: Replace with `Anonymous_Module_33`
     162 |  include Anonymous_Module_23
                    ^^^^^^^^^^^^^^^^^^^
  Autocorrect: Use `-a` to autocorrect
    sorbet/rbi/gems/actionmailbox.rbi:162: Replace with `Anonymous_Module_29`
     162 |  include Anonymous_Module_23
                    ^^^^^^^^^^^^^^^^^^^
  Autocorrect: Use `-a` to autocorrect
    sorbet/rbi/gems/actionmailbox.rbi:162: Replace with `Anonymous_Module_24`
     162 |  include Anonymous_Module_23
                    ^^^^^^^^^^^^^^^^^^^
    sorbet/rbi/gems/actionmailbox.rbi:66: Did you mean: `Anonymous_Module_33`?
    66 |module Anonymous_Module_33
        ^^^^^^^^^^^^^^^^^^^^^^^^^^
    sorbet/rbi/gems/actionmailer.rbi:114: Did you mean: `Anonymous_Module_29`?
     114 |module Anonymous_Module_29
          ^^^^^^^^^^^^^^^^^^^^^^^^^^
    sorbet/rbi/gems/activestorage.rbi:296: Did you mean: `Anonymous_Module_24`?
     296 |module Anonymous_Module_24
          ^^^^^^^^^^^^^^^^^^^^^^^^^^

sorbet/rbi/gems/actionmailbox.rbi:188: Unable to resolve constant `Anonymous_Module_23` https://srb.help/5002
     188 |  include Anonymous_Module_23
                    ^^^^^^^^^^^^^^^^^^^
  Autocorrect: Use `-a` to autocorrect
    sorbet/rbi/gems/actionmailbox.rbi:188: Replace with `Anonymous_Module_33`
     188 |  include Anonymous_Module_23
                    ^^^^^^^^^^^^^^^^^^^
  Autocorrect: Use `-a` to autocorrect
    sorbet/rbi/gems/actionmailbox.rbi:188: Replace with `Anonymous_Module_29`
     188 |  include Anonymous_Module_23
                    ^^^^^^^^^^^^^^^^^^^
  Autocorrect: Use `-a` to autocorrect
    sorbet/rbi/gems/actionmailbox.rbi:188: Replace with `Anonymous_Module_24`
     188 |  include Anonymous_Module_23
                    ^^^^^^^^^^^^^^^^^^^
    sorbet/rbi/gems/actionmailbox.rbi:66: Did you mean: `Anonymous_Module_33`?
    66 |module Anonymous_Module_33
        ^^^^^^^^^^^^^^^^^^^^^^^^^^
    sorbet/rbi/gems/actionmailer.rbi:114: Did you mean: `Anonymous_Module_29`?
     114 |module Anonymous_Module_29
          ^^^^^^^^^^^^^^^^^^^^^^^^^^
    sorbet/rbi/gems/activestorage.rbi:296: Did you mean: `Anonymous_Module_24`?
     296 |module Anonymous_Module_24
          ^^^^^^^^^^^^^^^^^^^^^^^^^^

sorbet/rbi/gems/actionmailbox.rbi:188: Unable to resolve constant `Anonymous_Module_23` https://srb.help/5002
     188 |  include Anonymous_Module_23
                    ^^^^^^^^^^^^^^^^^^^
  Autocorrect: Use `-a` to autocorrect
    sorbet/rbi/gems/actionmailbox.rbi:188: Replace with `Anonymous_Module_33`
     188 |  include Anonymous_Module_23
                    ^^^^^^^^^^^^^^^^^^^
  Autocorrect: Use `-a` to autocorrect
    sorbet/rbi/gems/actionmailbox.rbi:188: Replace with `Anonymous_Module_29`
     188 |  include Anonymous_Module_23
                    ^^^^^^^^^^^^^^^^^^^
  Autocorrect: Use `-a` to autocorrect
    sorbet/rbi/gems/actionmailbox.rbi:188: Replace with `Anonymous_Module_24`
     188 |  include Anonymous_Module_23
                    ^^^^^^^^^^^^^^^^^^^
    sorbet/rbi/gems/actionmailbox.rbi:66: Did you mean: `Anonymous_Module_33`?
    66 |module Anonymous_Module_33
        ^^^^^^^^^^^^^^^^^^^^^^^^^^
    sorbet/rbi/gems/actionmailer.rbi:114: Did you mean: `Anonymous_Module_29`?
     114 |module Anonymous_Module_29
          ^^^^^^^^^^^^^^^^^^^^^^^^^^
    sorbet/rbi/gems/activestorage.rbi:296: Did you mean: `Anonymous_Module_24`?
     296 |module Anonymous_Module_24
          ^^^^^^^^^^^^^^^^^^^^^^^^^^

sorbet/rbi/gems/actionmailbox.rbi:191: Unable to resolve constant `Anonymous_Module_23` https://srb.help/5002
     191 |  include Anonymous_Module_23
                    ^^^^^^^^^^^^^^^^^^^
  Autocorrect: Use `-a` to autocorrect
    sorbet/rbi/gems/actionmailbox.rbi:191: Replace with `Anonymous_Module_33`
     191 |  include Anonymous_Module_23
                    ^^^^^^^^^^^^^^^^^^^
  Autocorrect: Use `-a` to autocorrect
    sorbet/rbi/gems/actionmailbox.rbi:191: Replace with `Anonymous_Module_29`
     191 |  include Anonymous_Module_23
                    ^^^^^^^^^^^^^^^^^^^
  Autocorrect: Use `-a` to autocorrect
    sorbet/rbi/gems/actionmailbox.rbi:191: Replace with `Anonymous_Module_24`
     191 |  include Anonymous_Module_23
                    ^^^^^^^^^^^^^^^^^^^
    sorbet/rbi/gems/actionmailbox.rbi:66: Did you mean: `Anonymous_Module_33`?
    66 |module Anonymous_Module_33
        ^^^^^^^^^^^^^^^^^^^^^^^^^^
    sorbet/rbi/gems/actionmailer.rbi:114: Did you mean: `Anonymous_Module_29`?
     114 |module Anonymous_Module_29
          ^^^^^^^^^^^^^^^^^^^^^^^^^^
    sorbet/rbi/gems/activestorage.rbi:296: Did you mean: `Anonymous_Module_24`?
     296 |module Anonymous_Module_24
          ^^^^^^^^^^^^^^^^^^^^^^^^^^

sorbet/rbi/gems/actionmailbox.rbi:191: Unable to resolve constant `Anonymous_Module_23` https://srb.help/5002
     191 |  include Anonymous_Module_23
                    ^^^^^^^^^^^^^^^^^^^
  Autocorrect: Use `-a` to autocorrect
    sorbet/rbi/gems/actionmailbox.rbi:191: Replace with `Anonymous_Module_33`
     191 |  include Anonymous_Module_23
                    ^^^^^^^^^^^^^^^^^^^
  Autocorrect: Use `-a` to autocorrect
    sorbet/rbi/gems/actionmailbox.rbi:191: Replace with `Anonymous_Module_29`
     191 |  include Anonymous_Module_23
                    ^^^^^^^^^^^^^^^^^^^
  Autocorrect: Use `-a` to autocorrect
    sorbet/rbi/gems/actionmailbox.rbi:191: Replace with `Anonymous_Module_24`
     191 |  include Anonymous_Module_23
                    ^^^^^^^^^^^^^^^^^^^
    sorbet/rbi/gems/actionmailbox.rbi:66: Did you mean: `Anonymous_Module_33`?
    66 |module Anonymous_Module_33
        ^^^^^^^^^^^^^^^^^^^^^^^^^^
    sorbet/rbi/gems/actionmailer.rbi:114: Did you mean: `Anonymous_Module_29`?
     114 |module Anonymous_Module_29
          ^^^^^^^^^^^^^^^^^^^^^^^^^^
    sorbet/rbi/gems/activestorage.rbi:296: Did you mean: `Anonymous_Module_24`?
     296 |module Anonymous_Module_24
          ^^^^^^^^^^^^^^^^^^^^^^^^^^

sorbet/rbi/gems/actionmailbox.rbi:194: Unable to resolve constant `Anonymous_Module_23` https://srb.help/5002
     194 |  include Anonymous_Module_23
                    ^^^^^^^^^^^^^^^^^^^
  Autocorrect: Use `-a` to autocorrect
    sorbet/rbi/gems/actionmailbox.rbi:194: Replace with `Anonymous_Module_33`
     194 |  include Anonymous_Module_23
                    ^^^^^^^^^^^^^^^^^^^
  Autocorrect: Use `-a` to autocorrect
    sorbet/rbi/gems/actionmailbox.rbi:194: Replace with `Anonymous_Module_29`
     194 |  include Anonymous_Module_23
                    ^^^^^^^^^^^^^^^^^^^
  Autocorrect: Use `-a` to autocorrect
    sorbet/rbi/gems/actionmailbox.rbi:194: Replace with `Anonymous_Module_24`
     194 |  include Anonymous_Module_23
                    ^^^^^^^^^^^^^^^^^^^
    sorbet/rbi/gems/actionmailbox.rbi:66: Did you mean: `Anonymous_Module_33`?
    66 |module Anonymous_Module_33
        ^^^^^^^^^^^^^^^^^^^^^^^^^^
    sorbet/rbi/gems/actionmailer.rbi:114: Did you mean: `Anonymous_Module_29`?
     114 |module Anonymous_Module_29
          ^^^^^^^^^^^^^^^^^^^^^^^^^^
    sorbet/rbi/gems/activestorage.rbi:296: Did you mean: `Anonymous_Module_24`?
     296 |module Anonymous_Module_24
          ^^^^^^^^^^^^^^^^^^^^^^^^^^

sorbet/rbi/gems/actionmailbox.rbi:194: Unable to resolve constant `Anonymous_Module_23` https://srb.help/5002
     194 |  include Anonymous_Module_23
                    ^^^^^^^^^^^^^^^^^^^
  Autocorrect: Use `-a` to autocorrect
    sorbet/rbi/gems/actionmailbox.rbi:194: Replace with `Anonymous_Module_33`
     194 |  include Anonymous_Module_23
                    ^^^^^^^^^^^^^^^^^^^
  Autocorrect: Use `-a` to autocorrect
    sorbet/rbi/gems/actionmailbox.rbi:194: Replace with `Anonymous_Module_29`
     194 |  include Anonymous_Module_23
                    ^^^^^^^^^^^^^^^^^^^
  Autocorrect: Use `-a` to autocorrect
    sorbet/rbi/gems/actionmailbox.rbi:194: Replace with `Anonymous_Module_24`
     194 |  include Anonymous_Module_23
                    ^^^^^^^^^^^^^^^^^^^
    sorbet/rbi/gems/actionmailbox.rbi:66: Did you mean: `Anonymous_Module_33`?
    66 |module Anonymous_Module_33
        ^^^^^^^^^^^^^^^^^^^^^^^^^^
    sorbet/rbi/gems/actionmailer.rbi:114: Did you mean: `Anonymous_Module_29`?
     114 |module Anonymous_Module_29
          ^^^^^^^^^^^^^^^^^^^^^^^^^^
    sorbet/rbi/gems/activestorage.rbi:296: Did you mean: `Anonymous_Module_24`?
     296 |module Anonymous_Module_24
          ^^^^^^^^^^^^^^^^^^^^^^^^^^

sorbet/rbi/gems/actionmailbox.rbi:199: Unable to resolve constant `Anonymous_Module_23` https://srb.help/5002
     199 |  include Anonymous_Module_23
                    ^^^^^^^^^^^^^^^^^^^
  Autocorrect: Use `-a` to autocorrect
    sorbet/rbi/gems/actionmailbox.rbi:199: Replace with `Anonymous_Module_33`
     199 |  include Anonymous_Module_23
                    ^^^^^^^^^^^^^^^^^^^
  Autocorrect: Use `-a` to autocorrect
    sorbet/rbi/gems/actionmailbox.rbi:199: Replace with `Anonymous_Module_29`
     199 |  include Anonymous_Module_23
                    ^^^^^^^^^^^^^^^^^^^
  Autocorrect: Use `-a` to autocorrect
    sorbet/rbi/gems/actionmailbox.rbi:199: Replace with `Anonymous_Module_24`
     199 |  include Anonymous_Module_23
                    ^^^^^^^^^^^^^^^^^^^
    sorbet/rbi/gems/actionmailbox.rbi:66: Did you mean: `Anonymous_Module_33`?
    66 |module Anonymous_Module_33
        ^^^^^^^^^^^^^^^^^^^^^^^^^^
    sorbet/rbi/gems/actionmailer.rbi:114: Did you mean: `Anonymous_Module_29`?
     114 |module Anonymous_Module_29
          ^^^^^^^^^^^^^^^^^^^^^^^^^^
    sorbet/rbi/gems/activestorage.rbi:296: Did you mean: `Anonymous_Module_24`?
     296 |module Anonymous_Module_24
          ^^^^^^^^^^^^^^^^^^^^^^^^^^

sorbet/rbi/gems/actionmailbox.rbi:199: Unable to resolve constant `Anonymous_Module_23` https://srb.help/5002
     199 |  include Anonymous_Module_23
                    ^^^^^^^^^^^^^^^^^^^
  Autocorrect: Use `-a` to autocorrect
    sorbet/rbi/gems/actionmailbox.rbi:199: Replace with `Anonymous_Module_33`
     199 |  include Anonymous_Module_23
                    ^^^^^^^^^^^^^^^^^^^
  Autocorrect: Use `-a` to autocorrect
    sorbet/rbi/gems/actionmailbox.rbi:199: Replace with `Anonymous_Module_29`
     199 |  include Anonymous_Module_23
                    ^^^^^^^^^^^^^^^^^^^
  Autocorrect: Use `-a` to autocorrect
    sorbet/rbi/gems/actionmailbox.rbi:199: Replace with `Anonymous_Module_24`
     199 |  include Anonymous_Module_23
                    ^^^^^^^^^^^^^^^^^^^
    sorbet/rbi/gems/actionmailbox.rbi:66: Did you mean: `Anonymous_Module_33`?
    66 |module Anonymous_Module_33
        ^^^^^^^^^^^^^^^^^^^^^^^^^^
    sorbet/rbi/gems/actionmailer.rbi:114: Did you mean: `Anonymous_Module_29`?
     114 |module Anonymous_Module_29
          ^^^^^^^^^^^^^^^^^^^^^^^^^^
    sorbet/rbi/gems/activestorage.rbi:296: Did you mean: `Anonymous_Module_24`?
     296 |module Anonymous_Module_24
          ^^^^^^^^^^^^^^^^^^^^^^^^^^

sorbet/rbi/gems/rack-test.rbi:86: unexpected token "**" https://srb.help/2001
    86 |  def authorize(*args, ****, &block); end
                                 ^^

sorbet/rbi/gems/rack-test.rbi:84: module definition in method body https://srb.help/2001
    84 |module Rack::Test::Methods
        ^^^^^^

sorbet/rbi/gems/rack-test.rbi:87: unexpected token "**" https://srb.help/2001
    87 |  def basic_authorize(*args, ****, &block); end
                                       ^^

sorbet/rbi/gems/rack-test.rbi:90: unexpected token "**" https://srb.help/2001
    90 |  def clear_cookies(*args, ****, &block); end
                                     ^^

sorbet/rbi/gems/rack-test.rbi:92: unexpected token "**" https://srb.help/2001
    92 |  def custom_request(*args, ****, &block); end
                                      ^^

sorbet/rbi/gems/rack-test.rbi:93: unexpected token "**" https://srb.help/2001
    93 |  def delete(*args, ****, &block); end
                              ^^

sorbet/rbi/gems/rack-test.rbi:94: unexpected token "**" https://srb.help/2001
    94 |  def digest_authorize(*args, ****, &block); end
                                        ^^

sorbet/rbi/gems/rack-test.rbi:95: unexpected token "**" https://srb.help/2001
    95 |  def env(*args, ****, &block); end
                           ^^

sorbet/rbi/gems/rack-test.rbi:96: unexpected token "**" https://srb.help/2001
    96 |  def follow_redirect!(*args, ****, &block); end
                                        ^^

sorbet/rbi/gems/rack-test.rbi:97: unexpected token "**" https://srb.help/2001
    97 |  def get(*args, ****, &block); end
                           ^^

sorbet/rbi/gems/rack-test.rbi:98: unexpected token "**" https://srb.help/2001
    98 |  def head(*args, ****, &block); end
                            ^^

sorbet/rbi/gems/rack-test.rbi:99: unexpected token "**" https://srb.help/2001
    99 |  def header(*args, ****, &block); end
                              ^^

sorbet/rbi/gems/rack-test.rbi:100: unexpected token "**" https://srb.help/2001
     100 |  def last_request(*args, ****, &block); end
                                      ^^

sorbet/rbi/gems/rack-test.rbi:101: unexpected token "**" https://srb.help/2001
     101 |  def last_response(*args, ****, &block); end
                                       ^^

sorbet/rbi/gems/rack-test.rbi:102: unexpected token "**" https://srb.help/2001
     102 |  def options(*args, ****, &block); end
                                 ^^

sorbet/rbi/gems/rack-test.rbi:103: unexpected token "**" https://srb.help/2001
     103 |  def patch(*args, ****, &block); end
                               ^^

sorbet/rbi/gems/rack-test.rbi:104: unexpected token "**" https://srb.help/2001
     104 |  def post(*args, ****, &block); end
                              ^^

sorbet/rbi/gems/rack-test.rbi:105: unexpected token "**" https://srb.help/2001
     105 |  def put(*args, ****, &block); end
                             ^^

sorbet/rbi/gems/rack-test.rbi:108: unexpected token "**" https://srb.help/2001
     108 |  def request(*args, ****, &block); end
                                 ^^

sorbet/rbi/gems/rack-test.rbi:109: unexpected token "**" https://srb.help/2001
     109 |  def set_cookie(*args, ****, &block); end
                                    ^^

sorbet/rbi/gems/rack-test.rbi:112: unexpected token "end" https://srb.help/2001
     112 |end
          ^^^

sorbet/rbi/gems/rack-test.rbi:113: class definition in method body https://srb.help/2001
     113 |class Rack::Test::UploadedFile
          ^^^^^

sorbet/rbi/gems/rack-test.rbi:128: class definition in method body https://srb.help/2001
     128 |class Rack::Test::Error < StandardError
          ^^^^^

sorbet/rbi/gems/rack-test.rbi:133: unexpected token "**" https://srb.help/2001
     133 |  def clear_cookies(*args, ****, &block); end
                                       ^^

sorbet/rbi/gems/rack-test.rbi:130: class definition in method body https://srb.help/2001
     130 |class Rack::Test::Session
          ^^^^^

sorbet/rbi/gems/rack-test.rbi:148: unexpected token "**" https://srb.help/2001
     148 |  def last_request(*args, ****, &block); end
                                      ^^

sorbet/rbi/gems/rack-test.rbi:149: unexpected token "**" https://srb.help/2001
     149 |  def last_response(*args, ****, &block); end
                                       ^^

sorbet/rbi/gems/rack-test.rbi:159: unexpected token "**" https://srb.help/2001
     159 |  def set_cookie(*args, ****, &block); end
                                    ^^

sorbet/rbi/gems/rack-test.rbi:162: unexpected token "end" https://srb.help/2001
     162 |end
          ^^^

sorbet/rbi/gems/msgpack.rbi:16: Method `MessagePack.dump` redefined without matching argument count. Expected: `2`, got: `3` https://srb.help/4010
    16 |  def self.dump(v, io = nil, options = nil); end
          ^^^^^^^^^^^^^^^^^^^^^^^^^^^^^^^^^^^^^^^^^
    https://github.com/sorbet/sorbet/tree/db802a9199bdfb55d50b6996819799b27af5b93b/rbi/gems/msgpack.rbi#L14: Previous definition
    14 |  def self.dump(v, *rest); end
          ^^^^^^^^^^^^^^^^^^^^^^^

sorbet/rbi/gems/msgpack.rbi:18: Method `MessagePack.pack` redefined without matching argument count. Expected: `2`, got: `3` https://srb.help/4010
    18 |  def self.pack(v, io = nil, options = nil); end
          ^^^^^^^^^^^^^^^^^^^^^^^^^^^^^^^^^^^^^^^^^
    https://github.com/sorbet/sorbet/tree/db802a9199bdfb55d50b6996819799b27af5b93b/rbi/gems/msgpack.rbi#L32: Previous definition
    32 |  def self.pack(v, *rest); end
          ^^^^^^^^^^^^^^^^^^^^^^^

sorbet/rbi/gems/actionmailer.rbi:108: Unable to resolve constant `Anonymous_Module_7` https://srb.help/5002
     108 |  include Anonymous_Module_7
                    ^^^^^^^^^^^^^^^^^^

sorbet/rbi/gems/actionmailer.rbi:108: Unable to resolve constant `Anonymous_Module_7` https://srb.help/5002
     108 |  include Anonymous_Module_7
                    ^^^^^^^^^^^^^^^^^^

sorbet/rbi/gems/net-smtp@0.3.1.rbi:8: Method `Net::SMTP#initialize` redefined without matching argument count. Expected: `2`, got: `7` https://srb.help/4010
     8 |  def initialize(address, port = T.unsafe(nil), tls: T.unsafe(nil), starttls: T.unsafe(nil), tls_verify: T.unsafe(nil), tls_hostname: T.unsafe(nil), ssl_context_params: T.unsafe(nil)); end
          ^^^^^^^^^^^^^^^^^^^^^^^^^^^^^^^^^^^^^^^^^^^^^^^^^^^^^^^^^^^^^^^^^^^^^^^^^^^^^^^^^^^^^^^^^^^^^^^^^^^^^^^^^^^^^^^^^^^^^^^^^^^^^^^^^^^^^^^^^^^^^^^^^^^^^^^^^^^^^^^^^^^^^^^^^^^^^^^^^^^^^
    https://github.com/sorbet/sorbet/tree/db802a9199bdfb55d50b6996819799b27af5b93b/rbi/stdlib/net.rbi#L6368: Previous definition
    6368 |  def initialize(address, port=T.unsafe(nil)); end
            ^^^^^^^^^^^^^^^^^^^^^^^^^^^^^^^^^^^^^^^^^^^

sorbet/rbi/gems/net-smtp@0.3.1.rbi:57: Method `Net::SMTP#start` redefined without matching argument count. Expected: `4`, got: `6` https://srb.help/4010
    57 |  def start(*args, helo: T.unsafe(nil), user: T.unsafe(nil), secret: T.unsafe(nil), password: T.unsafe(nil), authtype: T.unsafe(nil)); end
          ^^^^^^^^^^^^^^^^^^^^^^^^^^^^^^^^^^^^^^^^^^^^^^^^^^^^^^^^^^^^^^^^^^^^^^^^^^^^^^^^^^^^^^^^^^^^^^^^^^^^^^^^^^^^^^^^^^^^^^^^^^^^^^^^^^^
    https://github.com/sorbet/sorbet/tree/db802a9199bdfb55d50b6996819799b27af5b93b/rbi/stdlib/net.rbi#L6587: Previous definition
    6587 |  def start(helo=T.unsafe(nil), user=T.unsafe(nil), secret=T.unsafe(nil), authtype=T.unsafe(nil)); end
            ^^^^^^^^^^^^^^^^^^^^^^^^^^^^^^^^^^^^^^^^^^^^^^^^^^^^^^^^^^^^^^^^^^^^^^^^^^^^^^^^^^^^^^^^^^^^^^^

sorbet/rbi/gems/net-smtp@0.3.1.rbi:98: Method `Net::SMTP.default_ssl_context` redefined without matching argument count. Expected: `0`, got: `1` https://srb.help/4010
    98 |    def default_ssl_context(ssl_context_params = T.unsafe(nil)); end
            ^^^^^^^^^^^^^^^^^^^^^^^^^^^^^^^^^^^^^^^^^^^^^^^^^^^^^^^^^^^
    https://github.com/sorbet/sorbet/tree/db802a9199bdfb55d50b6996819799b27af5b93b/rbi/stdlib/net.rbi#L6616: Previous definition
    6616 |  def self.default_ssl_context(); end
            ^^^^^^^^^^^^^^^^^^^^^^^^^^^^^^

sorbet/rbi/gems/net-smtp@0.3.1.rbi:102: Method `Net::SMTP.start` redefined without matching argument count. Expected: `6`, got: `13` https://srb.help/4010
     102 |    def start(address, port = T.unsafe(nil), *args, helo: T.unsafe(nil), user: T.unsafe(nil), secret: T.unsafe(nil), password: T.unsafe(nil), authtype: T.unsafe(nil), tls: T.unsafe(nil), starttls: T.unsafe(nil), tls_verify: T.unsafe(nil), tls_hostname: T.unsafe(nil), ssl_context_params: T.unsafe(nil), &block); end
              ^^^^^^^^^^^^^^^^^^^^^^^^^^^^^^^^^^^^^^^^^^^^^^^^^^^^^^^^^^^^^^^^^^^^^^^^^^^^^^^^^^^^^^^^^^^^^^^^^^^^^^^^^^^^^^^^^^^^^^^^^^^^^^^^^^^^^^^^^^^^^^^^^^^^^^^^^^^^^^^^^^^^^^^^^^^^^^^^^^^^^^^^^^^^^^^^^^^^^^^^^^^^^^^^^^^^^^^^^^^^^^^^^^^^^^^^^^^^^^^^^^^^^^^^^^^^^^^^^^^^^^^^^^^^^^^^^^^^^^^^^^^^^^^^^^^^^^^^^^^^^^^^^^
    https://github.com/sorbet/sorbet/tree/db802a9199bdfb55d50b6996819799b27af5b93b/rbi/stdlib/net.rbi#L6688: Previous definition
    6688 |  def self.start(address, port=T.unsafe(nil), helo=T.unsafe(nil), user=T.unsafe(nil), secret=T.unsafe(nil), authtype=T.unsafe(nil), &block); end
            ^^^^^^^^^^^^^^^^^^^^^^^^^^^^^^^^^^^^^^^^^^^^^^^^^^^^^^^^^^^^^^^^^^^^^^^^^^^^^^^^^^^^^^^^^^^^^^^^^^^^^^^^^^^^^^^^^^^^^^^^^^^^^^^^^^^^^^^^^

sorbet/rbi/gems/net-protocol.rbi:47: Method `Net::BufferedIO#<<` redefined with argument `strs` as a splat argument https://srb.help/4010
    47 |  def <<(*strs); end
          ^^^^^^^^^^^^^
    https://github.com/sorbet/sorbet/tree/db802a9199bdfb55d50b6996819799b27af5b93b/rbi/stdlib/net.rbi#L9: The corresponding argument `str` in the previous definition was not a splat argument
     9 |  def <<(str); end
          ^^^^^^^^^^^

sorbet/rbi/gems/net-protocol.rbi:58: Method `Net::BufferedIO#initialize` redefined without matching argument count. Expected: `4`, got: `5` https://srb.help/4010
    58 |  def initialize(io, read_timeout: nil, write_timeout: nil, continue_timeout: nil, debug_output: nil); end
          ^^^^^^^^^^^^^^^^^^^^^^^^^^^^^^^^^^^^^^^^^^^^^^^^^^^^^^^^^^^^^^^^^^^^^^^^^^^^^^^^^^^^^^^^^^^^^^^^^^^
    https://github.com/sorbet/sorbet/tree/db802a9199bdfb55d50b6996819799b27af5b93b/rbi/stdlib/net.rbi#L25: Previous definition
    25 |  def initialize(io, read_timeout: T.unsafe(nil), continue_timeout: T.unsafe(nil), debug_output: T.unsafe(nil)); end
          ^^^^^^^^^^^^^^^^^^^^^^^^^^^^^^^^^^^^^^^^^^^^^^^^^^^^^^^^^^^^^^^^^^^^^^^^^^^^^^^^^^^^^^^^^^^^^^^^^^^^^^^^^^^^^

sorbet/rbi/gems/net-protocol.rbi:69: Method `Net::BufferedIO#write` redefined with argument `strs` as a splat argument https://srb.help/4010
    69 |  def write(*strs); end
          ^^^^^^^^^^^^^^^^
    https://github.com/sorbet/sorbet/tree/db802a9199bdfb55d50b6996819799b27af5b93b/rbi/stdlib/net.rbi#L43: The corresponding argument `str` in the previous definition was not a splat argument
    43 |  def write(str); end
          ^^^^^^^^^^^^^^

sorbet/rbi/gems/net-protocol.rbi:82: Method `Net::InternetMessageIO#initialize` redefined without matching argument count. Expected: `1`, got: `2` https://srb.help/4010
    82 |  def initialize(*arg0, **arg1); end
          ^^^^^^^^^^^^^^^^^^^^^^^^^^^^^
    https://github.com/sorbet/sorbet/tree/db802a9199bdfb55d50b6996819799b27af5b93b/rbi/stdlib/net.rbi#L5545: Previous definition
    5545 |  def initialize(*_); end
            ^^^^^^^^^^^^^^^^^^

sorbet/rbi/gems/net-protocol.rbi:90: Method `Net::WriteAdapter#initialize` redefined without matching argument count. Expected: `2`, got: `1` https://srb.help/4010
    90 |  def initialize(writer); end
          ^^^^^^^^^^^^^^^^^^^^^^
    https://github.com/sorbet/sorbet/tree/db802a9199bdfb55d50b6996819799b27af5b93b/rbi/stdlib/net.rbi#L6781: Previous definition
    6781 |  def initialize(socket, method); end
            ^^^^^^^^^^^^^^^^^^^^^^^^^^^^^^

sorbet/rbi/gems/thor.rbi:19: Unable to resolve constant `Anonymous_Struct_46` https://srb.help/5002
    19 |class Thor::Command < Anonymous_Struct_46
                              ^^^^^^^^^^^^^^^^^^^

sorbet/rbi/gems/thor.rbi:19: Unable to resolve constant `Anonymous_Struct_46` https://srb.help/5002
    19 |class Thor::Command < Anonymous_Struct_46
                              ^^^^^^^^^^^^^^^^^^^

sorbet/rbi/gems/thor.rbi:19: Parent of class `Thor::Command` redefined from `Struct` to `Sorbet::Private::Static::StubModule` https://srb.help/5012
    19 |class Thor::Command < Anonymous_Struct_46
                              ^^^^^^^^^^^^^^^^^^^

sorbet/rbi/sorbet-typed/lib/activesupport/all/activesupport.rbi:111: Method `NilClass#try` redefined without matching argument count. Expected: `1`, got: `2` https://srb.help/4010
     111 |  def try(method_name = nil, *args, &b); end
            ^^^^^^^^^^^^^^^^^^^^^^^^^^^^^^^^^^^^^
    sorbet/rbi/gems/activesupport@7.0.2.3.rbi:3821: Previous definition
    3821 |  def try(*_arg0); end
            ^^^^^^^^^^^^^^^

sorbet/rbi/sorbet-typed/lib/activesupport/all/activesupport.rbi:120: Method `NilClass#try!` redefined without matching argument count. Expected: `1`, got: `2` https://srb.help/4010
     120 |  def try!(method_name = nil, *args, &b); end
            ^^^^^^^^^^^^^^^^^^^^^^^^^^^^^^^^^^^^^^
    sorbet/rbi/gems/activesupport@7.0.2.3.rbi:3822: Previous definition
    3822 |  def try!(*_arg0); end
            ^^^^^^^^^^^^^^^^

sorbet/rbi/sorbet-typed/lib/activesupport/all/activesupport.rbi:265: Method `String#truncate` redefined without matching argument count. Expected: `2`, got: `3` https://srb.help/4010
     265 |  def truncate(truncate_at, separator: nil, omission: "..."); end
            ^^^^^^^^^^^^^^^^^^^^^^^^^^^^^^^^^^^^^^^^^^^^^^^^^^^^^^^^^^
    sorbet/rbi/gems/activesupport@7.0.2.3.rbi:4004: Previous definition
    4004 |  def truncate(truncate_at, options = T.unsafe(nil)); end
            ^^^^^^^^^^^^^^^^^^^^^^^^^^^^^^^^^^^^^^^^^^^^^^^^^^

sorbet/rbi/sorbet-typed/lib/activesupport/all/activesupport.rbi:268: Method `String#truncate_words` redefined without matching argument count. Expected: `2`, got: `3` https://srb.help/4010
     268 |  def truncate_words(words_count, separator: nil, omission: "..."); end
            ^^^^^^^^^^^^^^^^^^^^^^^^^^^^^^^^^^^^^^^^^^^^^^^^^^^^^^^^^^^^^^^^
    sorbet/rbi/gems/activesupport@7.0.2.3.rbi:4006: Previous definition
    4006 |  def truncate_words(words_count, options = T.unsafe(nil)); end
            ^^^^^^^^^^^^^^^^^^^^^^^^^^^^^^^^^^^^^^^^^^^^^^^^^^^^^^^^

sorbet/rbi/sorbet-typed/lib/activesupport/all/activesupport.rbi:352: Method `Array#to_sentence` redefined without matching argument count. Expected: `1`, got: `4` https://srb.help/4010
     352 |  def to_sentence(words_connector: ", ", two_words_connector: " and ", last_word_connector: ", and ", locale: nil); end
            ^^^^^^^^^^^^^^^^^^^^^^^^^^^^^^^^^^^^^^^^^^^^^^^^^^^^^^^^^^^^^^^^^^^^^^^^^^^^^^^^^^^^^^^^^^^^^^^^^^^^^^^^^^^^^^^^
    sorbet/rbi/gems/activesupport@7.0.2.3.rbi:3175: Previous definition
    3175 |  def to_sentence(options = T.unsafe(nil)); end
            ^^^^^^^^^^^^^^^^^^^^^^^^^^^^^^^^^^^^^^^^

sorbet/rbi/sorbet-typed/lib/activesupport/all/activesupport.rbi:384: Method `ActiveSupport::NumberHelper#number_to_currency` redefined without matching argument count. Expected: `2`, got: `8` https://srb.help/4010
     384 |  def number_to_currency(number, locale: :en, precision: 2, unit: "$", separator: ".", delimiter: ",", format: "%u%n", negative_format: "-%u%n"); end
            ^^^^^^^^^^^^^^^^^^^^^^^^^^^^^^^^^^^^^^^^^^^^^^^^^^^^^^^^^^^^^^^^^^^^^^^^^^^^^^^^^^^^^^^^^^^^^^^^^^^^^^^^^^^^^^^^^^^^^^^^^^^^^^^^^^^^^^^^^^^^^^
    sorbet/rbi/gems/activesupport@7.0.2.3.rbi:2097: Previous definition
    2097 |  def number_to_currency(number, options = T.unsafe(nil)); end
            ^^^^^^^^^^^^^^^^^^^^^^^^^^^^^^^^^^^^^^^^^^^^^^^^^^^^^^^

sorbet/rbi/sorbet-typed/lib/activesupport/all/activesupport.rbi:395: Method `ActiveSupport::NumberHelper#number_to_delimited` redefined without matching argument count. Expected: `2`, got: `5` https://srb.help/4010
     395 |  def number_to_delimited(number, locale: :en, delimiter: ",", separator: ".", delimiter_pattern: nil); end
            ^^^^^^^^^^^^^^^^^^^^^^^^^^^^^^^^^^^^^^^^^^^^^^^^^^^^^^^^^^^^^^^^^^^^^^^^^^^^^^^^^^^^^^^^^^^^^^^^^^^^
    sorbet/rbi/gems/activesupport@7.0.2.3.rbi:2098: Previous definition
    2098 |  def number_to_delimited(number, options = T.unsafe(nil)); end
            ^^^^^^^^^^^^^^^^^^^^^^^^^^^^^^^^^^^^^^^^^^^^^^^^^^^^^^^^

sorbet/rbi/sorbet-typed/lib/activesupport/all/activesupport.rbi:410: Method `ActiveSupport::NumberHelper#number_to_human` redefined without matching argument count. Expected: `2`, got: `9` https://srb.help/4010
     410 |  def number_to_human(number, locale: :en, precision: 3, significant: true, separator: ".", delimiter: "", strip_insignificant_zeros: true, units: {}, format: "%n %u"); end
            ^^^^^^^^^^^^^^^^^^^^^^^^^^^^^^^^^^^^^^^^^^^^^^^^^^^^^^^^^^^^^^^^^^^^^^^^^^^^^^^^^^^^^^^^^^^^^^^^^^^^^^^^^^^^^^^^^^^^^^^^^^^^^^^^^^^^^^^^^^^^^^^^^^^^^^^^^^^^^^^^^^^^^
    sorbet/rbi/gems/activesupport@7.0.2.3.rbi:2099: Previous definition
    2099 |  def number_to_human(number, options = T.unsafe(nil)); end
            ^^^^^^^^^^^^^^^^^^^^^^^^^^^^^^^^^^^^^^^^^^^^^^^^^^^^

sorbet/rbi/sorbet-typed/lib/activesupport/all/activesupport.rbi:423: Method `ActiveSupport::NumberHelper#number_to_human_size` redefined without matching argument count. Expected: `2`, got: `7` https://srb.help/4010
     423 |  def number_to_human_size(number, locale: :en, precision: 3, significant: true, separator: ".", delimiter: "", strip_insignificant_zeros: true); end
            ^^^^^^^^^^^^^^^^^^^^^^^^^^^^^^^^^^^^^^^^^^^^^^^^^^^^^^^^^^^^^^^^^^^^^^^^^^^^^^^^^^^^^^^^^^^^^^^^^^^^^^^^^^^^^^^^^^^^^^^^^^^^^^^^^^^^^^^^^^^^^^
    sorbet/rbi/gems/activesupport@7.0.2.3.rbi:2100: Previous definition
    2100 |  def number_to_human_size(number, options = T.unsafe(nil)); end
            ^^^^^^^^^^^^^^^^^^^^^^^^^^^^^^^^^^^^^^^^^^^^^^^^^^^^^^^^^

sorbet/rbi/sorbet-typed/lib/activesupport/all/activesupport.rbi:437: Method `ActiveSupport::NumberHelper#number_to_percentage` redefined without matching argument count. Expected: `2`, got: `8` https://srb.help/4010
     437 |  def number_to_percentage(number, locale: :en, precision: 3, significant: false, separator: ".", delimiter: "", strip_insignificant_zeros: false, format: "%n%"); end
            ^^^^^^^^^^^^^^^^^^^^^^^^^^^^^^^^^^^^^^^^^^^^^^^^^^^^^^^^^^^^^^^^^^^^^^^^^^^^^^^^^^^^^^^^^^^^^^^^^^^^^^^^^^^^^^^^^^^^^^^^^^^^^^^^^^^^^^^^^^^^^^^^^^^^^^^^^^^^^^^
    sorbet/rbi/gems/activesupport@7.0.2.3.rbi:2101: Previous definition
    2101 |  def number_to_percentage(number, options = T.unsafe(nil)); end
            ^^^^^^^^^^^^^^^^^^^^^^^^^^^^^^^^^^^^^^^^^^^^^^^^^^^^^^^^^

sorbet/rbi/sorbet-typed/lib/activesupport/all/activesupport.rbi:449: Method `ActiveSupport::NumberHelper#number_to_phone` redefined without matching argument count. Expected: `2`, got: `6` https://srb.help/4010
     449 |  def number_to_phone(number, area_code: false, delimiter: "-", extension: nil, country_code: nil, pattern: nil); end
            ^^^^^^^^^^^^^^^^^^^^^^^^^^^^^^^^^^^^^^^^^^^^^^^^^^^^^^^^^^^^^^^^^^^^^^^^^^^^^^^^^^^^^^^^^^^^^^^^^^^^^^^^^^^^^^
    sorbet/rbi/gems/activesupport@7.0.2.3.rbi:2102: Previous definition
    2102 |  def number_to_phone(number, options = T.unsafe(nil)); end
            ^^^^^^^^^^^^^^^^^^^^^^^^^^^^^^^^^^^^^^^^^^^^^^^^^^^^

sorbet/rbi/sorbet-typed/lib/activesupport/all/activesupport.rbi:462: Method `ActiveSupport::NumberHelper#number_to_rounded` redefined without matching argument count. Expected: `2`, got: `7` https://srb.help/4010
     462 |  def number_to_rounded(number, locale: :en, precision: 3, significant: false, separator: ".", delimiter: "", strip_insignificant_zeros: false); end
            ^^^^^^^^^^^^^^^^^^^^^^^^^^^^^^^^^^^^^^^^^^^^^^^^^^^^^^^^^^^^^^^^^^^^^^^^^^^^^^^^^^^^^^^^^^^^^^^^^^^^^^^^^^^^^^^^^^^^^^^^^^^^^^^^^^^^^^^^^^^^^
    sorbet/rbi/gems/activesupport@7.0.2.3.rbi:2103: Previous definition
    2103 |  def number_to_rounded(number, options = T.unsafe(nil)); end
            ^^^^^^^^^^^^^^^^^^^^^^^^^^^^^^^^^^^^^^^^^^^^^^^^^^^^^^

sorbet/rbi/sorbet-typed/lib/activerecord/all/activerecord.rbi:78: Method `ActiveRecord::Associations::ClassMethods#has_many` redefined without matching argument count. Expected: `3`, got: `24` https://srb.help/4010
      78 |  def has_many(
      79 |    name,
      80 |    scope = nil,
      81 |    after_add: nil,
      82 |    after_remove: nil,
         |...
     100 |    table_name: nil,
     101 |    through: nil,
     102 |    validate: nil,
     103 |    &blk
     104 |  ); end
    sorbet/rbi/gems/activerecord@7.0.2.3.rbi:411: Previous definition
     411 |  def has_many(name, scope = T.unsafe(nil), **options, &extension); end
            ^^^^^^^^^^^^^^^^^^^^^^^^^^^^^^^^^^^^^^^^^^^^^^^^^^^^^^^^^^^^^^^^

sorbet/rbi/sorbet-typed/lib/activerecord/all/activerecord.rbi:128: Method `ActiveRecord::Associations::ClassMethods#has_one` redefined without matching argument count. Expected: `3`, got: `17` https://srb.help/4010
     128 |  def has_one(
     129 |    name,
     130 |    scope = nil,
     131 |    anonymous_class: nil,
     132 |    as: nil,
         |...
     143 |    through: nil,
     144 |    validate: nil,
     145 |    touch: nil,
     146 |    &blk
     147 |  ); end
    sorbet/rbi/gems/activerecord@7.0.2.3.rbi:412: Previous definition
     412 |  def has_one(name, scope = T.unsafe(nil), **options); end
            ^^^^^^^^^^^^^^^^^^^^^^^^^^^^^^^^^^^^^^^^^^^^^^^^^^^

sorbet/rbi/sorbet-typed/lib/activerecord/all/activerecord.rbi:169: Method `ActiveRecord::Associations::ClassMethods#belongs_to` redefined without matching argument count. Expected: `3`, got: `16` https://srb.help/4010
     169 |  def belongs_to(
     170 |    name,
     171 |    scope = nil,
     172 |    autosave: nil,
     173 |    class_name: nil,
         |...
     182 |    required: nil,
     183 |    touch: nil,
     184 |    validate: nil,
     185 |    default: nil
     186 |  ); end
    sorbet/rbi/gems/activerecord@7.0.2.3.rbi:409: Previous definition
     409 |  def belongs_to(name, scope = T.unsafe(nil), **options); end
            ^^^^^^^^^^^^^^^^^^^^^^^^^^^^^^^^^^^^^^^^^^^^^^^^^^^^^^

sorbet/rbi/sorbet-typed/lib/activerecord/all/activerecord.rbi:207: Method `ActiveRecord::Associations::ClassMethods#has_and_belongs_to_many` redefined without matching argument count. Expected: `3`, got: `14` https://srb.help/4010
     207 |  def has_and_belongs_to_many(
     208 |    name,
     209 |    scope = nil,
     210 |    after_add: nil,
     211 |    after_remove: nil,
         |...
     219 |    inverse_of: nil,
     220 |    join_table: nil,
     221 |    validate: nil,
     222 |    &blk
     223 |  ); end
    sorbet/rbi/gems/activerecord@7.0.2.3.rbi:410: Previous definition
     410 |  def has_and_belongs_to_many(name, scope = T.unsafe(nil), **options, &extension); end
            ^^^^^^^^^^^^^^^^^^^^^^^^^^^^^^^^^^^^^^^^^^^^^^^^^^^^^^^^^^^^^^^^^^^^^^^^^^^^^^^

sorbet/rbi/sorbet-typed/lib/activerecord/all/activerecord.rbi:232: Method `ActiveRecord::AttributeMethods::Serialization::ClassMethods#serialize` redefined without matching argument count. Expected: `3`, got: `2` https://srb.help/4010
     232 |  def serialize(attr_name, class_name_or_coder = Object); end
            ^^^^^^^^^^^^^^^^^^^^^^^^^^^^^^^^^^^^^^^^^^^^^^^^^^^^^^
    sorbet/rbi/gems/activerecord@7.0.2.3.rbi:1349: Previous definition
    1349 |  def serialize(attr_name, class_name_or_coder = T.unsafe(nil), **options); end
            ^^^^^^^^^^^^^^^^^^^^^^^^^^^^^^^^^^^^^^^^^^^^^^^^^^^^^^^^^^^^^^^^^^^^^^^^

sorbet/rbi/sorbet-typed/lib/activerecord/all/activerecord.rbi:322: Method `ActiveRecord::NestedAttributes::ClassMethods#accepts_nested_attributes_for` redefined without matching argument count. Expected: `1`, got: `5` https://srb.help/4010
     322 |  def accepts_nested_attributes_for(
     323 |    *attr_names,
     324 |    allow_destroy: nil,
     325 |    reject_if: nil,
     326 |    limit: nil,
     327 |    update_only: nil
     328 |  ); end
    sorbet/rbi/gems/activerecord@7.0.2.3.rbi:5715: Previous definition
    5715 |  def accepts_nested_attributes_for(*attr_names); end
            ^^^^^^^^^^^^^^^^^^^^^^^^^^^^^^^^^^^^^^^^^^^^^^

sorbet/rbi/sorbet-typed/lib/activerecord/all/activerecord.rbi:444: Method `ActiveRecord::Base.after_create` redefined without matching argument count. Expected: `2`, got: `3` https://srb.help/4010
     444 |  def self.after_create(
     445 |    *args,
     446 |    if: nil,
     447 |    unless: nil,
     448 |    &block
     449 |  ); end
    sorbet/rbi/gems/activerecord@7.0.2.3.rbi:1755: Previous definition
    1755 |    def after_create(*args, **options, &block); end
              ^^^^^^^^^^^^^^^^^^^^^^^^^^^^^^^^^^^^^^^^^^

sorbet/rbi/sorbet-typed/lib/activerecord/all/activerecord.rbi:459: Method `ActiveRecord::Base.after_destroy` redefined without matching argument count. Expected: `2`, got: `3` https://srb.help/4010
     459 |  def self.after_destroy(
     460 |    *args,
     461 |    if: nil,
     462 |    unless: nil,
     463 |    &block
     464 |  ); end
    sorbet/rbi/gems/activerecord@7.0.2.3.rbi:1756: Previous definition
    1756 |    def after_destroy(*args, **options, &block); end
              ^^^^^^^^^^^^^^^^^^^^^^^^^^^^^^^^^^^^^^^^^^^

sorbet/rbi/sorbet-typed/lib/activerecord/all/activerecord.rbi:489: Method `ActiveRecord::Base.after_save` redefined without matching argument count. Expected: `2`, got: `3` https://srb.help/4010
     489 |  def self.after_save(
     490 |    *args,
     491 |    if: nil,
     492 |    unless: nil,
     493 |    &block
     494 |  ); end
    sorbet/rbi/gems/activerecord@7.0.2.3.rbi:1759: Previous definition
    1759 |    def after_save(*args, **options, &block); end
              ^^^^^^^^^^^^^^^^^^^^^^^^^^^^^^^^^^^^^^^^

sorbet/rbi/sorbet-typed/lib/activerecord/all/activerecord.rbi:504: Method `ActiveRecord::Base.after_update` redefined without matching argument count. Expected: `2`, got: `3` https://srb.help/4010
     504 |  def self.after_update(
     505 |    *args,
     506 |    if: nil,
     507 |    unless: nil,
     508 |    &block
     509 |  ); end
    sorbet/rbi/gems/activerecord@7.0.2.3.rbi:1761: Previous definition
    1761 |    def after_update(*args, **options, &block); end
              ^^^^^^^^^^^^^^^^^^^^^^^^^^^^^^^^^^^^^^^^^^

sorbet/rbi/sorbet-typed/lib/activerecord/all/activerecord.rbi:536: Method `ActiveRecord::Base.around_create` redefined without matching argument count. Expected: `2`, got: `3` https://srb.help/4010
     536 |  def self.around_create(
     537 |    *args,
     538 |    if: nil,
     539 |    unless: nil,
     540 |    &block
     541 |  ); end
    sorbet/rbi/gems/activerecord@7.0.2.3.rbi:1766: Previous definition
    1766 |    def around_create(*args, **options, &block); end
              ^^^^^^^^^^^^^^^^^^^^^^^^^^^^^^^^^^^^^^^^^^^

sorbet/rbi/sorbet-typed/lib/activerecord/all/activerecord.rbi:551: Method `ActiveRecord::Base.around_destroy` redefined without matching argument count. Expected: `2`, got: `3` https://srb.help/4010
     551 |  def self.around_destroy(
     552 |    *args,
     553 |    if: nil,
     554 |    unless: nil,
     555 |    &block
     556 |  ); end
    sorbet/rbi/gems/activerecord@7.0.2.3.rbi:1767: Previous definition
    1767 |    def around_destroy(*args, **options, &block); end
              ^^^^^^^^^^^^^^^^^^^^^^^^^^^^^^^^^^^^^^^^^^^^

sorbet/rbi/sorbet-typed/lib/activerecord/all/activerecord.rbi:566: Method `ActiveRecord::Base.around_save` redefined without matching argument count. Expected: `2`, got: `3` https://srb.help/4010
     566 |  def self.around_save(
     567 |    *args,
     568 |    if: nil,
     569 |    unless: nil,
     570 |    &block
     571 |  ); end
    sorbet/rbi/gems/activerecord@7.0.2.3.rbi:1768: Previous definition
    1768 |    def around_save(*args, **options, &block); end
              ^^^^^^^^^^^^^^^^^^^^^^^^^^^^^^^^^^^^^^^^^

sorbet/rbi/sorbet-typed/lib/activerecord/all/activerecord.rbi:581: Method `ActiveRecord::Base.around_update` redefined without matching argument count. Expected: `2`, got: `3` https://srb.help/4010
     581 |  def self.around_update(
     582 |    *args,
     583 |    if: nil,
     584 |    unless: nil,
     585 |    &block
     586 |  ); end
    sorbet/rbi/gems/activerecord@7.0.2.3.rbi:1769: Previous definition
    1769 |    def around_update(*args, **options, &block); end
              ^^^^^^^^^^^^^^^^^^^^^^^^^^^^^^^^^^^^^^^^^^^

sorbet/rbi/sorbet-typed/lib/activerecord/all/activerecord.rbi:596: Method `ActiveRecord::Base.before_create` redefined without matching argument count. Expected: `2`, got: `3` https://srb.help/4010
     596 |  def self.before_create(
     597 |    *args,
     598 |    if: nil,
     599 |    unless: nil,
     600 |    &block
     601 |  ); end
    sorbet/rbi/gems/activerecord@7.0.2.3.rbi:1784: Previous definition
    1784 |    def before_create(*args, **options, &block); end
              ^^^^^^^^^^^^^^^^^^^^^^^^^^^^^^^^^^^^^^^^^^^

sorbet/rbi/sorbet-typed/lib/activerecord/all/activerecord.rbi:612: Method `ActiveRecord::Base.before_destroy` redefined without matching argument count. Expected: `2`, got: `4` https://srb.help/4010
     612 |  def self.before_destroy(
     613 |    *args,
     614 |    if: nil,
     615 |    unless: nil,
     616 |    prepend: false,
     617 |    &block
     618 |  ); end
    sorbet/rbi/gems/activerecord@7.0.2.3.rbi:1785: Previous definition
    1785 |    def before_destroy(*args, **options, &block); end
              ^^^^^^^^^^^^^^^^^^^^^^^^^^^^^^^^^^^^^^^^^^^^

sorbet/rbi/sorbet-typed/lib/activerecord/all/activerecord.rbi:628: Method `ActiveRecord::Base.before_save` redefined without matching argument count. Expected: `2`, got: `3` https://srb.help/4010
     628 |  def self.before_save(
     629 |    *args,
     630 |    if: nil,
     631 |    unless: nil,
     632 |    &block
     633 |  ); end
    sorbet/rbi/gems/activerecord@7.0.2.3.rbi:1786: Previous definition
    1786 |    def before_save(*args, **options, &block); end
              ^^^^^^^^^^^^^^^^^^^^^^^^^^^^^^^^^^^^^^^^^

sorbet/rbi/sorbet-typed/lib/activerecord/all/activerecord.rbi:643: Method `ActiveRecord::Base.before_update` redefined without matching argument count. Expected: `2`, got: `3` https://srb.help/4010
     643 |  def self.before_update(
     644 |    *args,
     645 |    if: nil,
     646 |    unless: nil,
     647 |    &block
     648 |  ); end
    sorbet/rbi/gems/activerecord@7.0.2.3.rbi:1787: Previous definition
    1787 |    def before_update(*args, **options, &block); end
              ^^^^^^^^^^^^^^^^^^^^^^^^^^^^^^^^^^^^^^^^^^^

sorbet/rbi/sorbet-typed/lib/activerecord/all/activerecord.rbi:687: Method `ActiveRecord::Transactions::ClassMethods#transaction` redefined with argument `options` as a non-keyword argument https://srb.help/4010
     687 |  def transaction(options = {}, &block); end
            ^^^^^^^^^^^^^^^^^^^^^^^^^^^^^^^^^^^^^
    sorbet/rbi/gems/activerecord@7.0.2.3.rbi:7818: The corresponding argument `options` in the previous definition was a keyword argument
    7818 |  def transaction(**options, &block); end
            ^^^^^^^^^^^^^^^^^^^^^^^^^^^^^^^^^^

sorbet/rbi/sorbet-typed/lib/activerecord/all/activerecord.rbi:764: Method `ActiveRecord::Persistence#save!` redefined with argument `args` as a non-keyword argument https://srb.help/4010
     764 |  def save!(*args, &blk); end
            ^^^^^^^^^^^^^^^^^^^^^^
    sorbet/rbi/gems/activerecord@7.0.2.3.rbi:5834: The corresponding argument `options` in the previous definition was a keyword argument
    5834 |  def save!(**options, &block); end
            ^^^^^^^^^^^^^^^^^^^^^^^^^^^^

sorbet/rbi/sorbet-typed/lib/activerecord/all/activerecord.rbi:772: Method `ActiveRecord::Persistence#save` redefined with argument `args` as a non-keyword argument https://srb.help/4010
     772 |  def save(*args, &blk); end
            ^^^^^^^^^^^^^^^^^^^^^
    sorbet/rbi/gems/activerecord@7.0.2.3.rbi:5833: The corresponding argument `options` in the previous definition was a keyword argument
    5833 |  def save(**options, &block); end
            ^^^^^^^^^^^^^^^^^^^^^^^^^^^

sorbet/rbi/sorbet-typed/lib/activerecord/all/activerecord.rbi:918: Method `ActiveRecord::Persistence::ClassMethods#insert_all!` redefined without matching argument count. Expected: `3`, got: `2` https://srb.help/4010
     918 |  def insert_all!(attributes, returning: nil); end
            ^^^^^^^^^^^^^^^^^^^^^^^^^^^^^^^^^^^^^^^^^^^
    sorbet/rbi/gems/activerecord@7.0.2.3.rbi:5876: Previous definition
    5876 |  def insert_all!(attributes, returning: T.unsafe(nil), record_timestamps: T.unsafe(nil)); end
            ^^^^^^^^^^^^^^^^^^^^^^^^^^^^^^^^^^^^^^^^^^^^^^^^^^^^^^^^^^^^^^^^^^^^^^^^^^^^^^^^^^^^^^^

sorbet/rbi/sorbet-typed/lib/activerecord/all/activerecord.rbi:927: Method `ActiveRecord::Persistence::ClassMethods#insert_all` redefined without matching argument count. Expected: `4`, got: `3` https://srb.help/4010
     927 |  def insert_all(attributes, returning: nil, unique_by: nil); end
            ^^^^^^^^^^^^^^^^^^^^^^^^^^^^^^^^^^^^^^^^^^^^^^^^^^^^^^^^^^
    sorbet/rbi/gems/activerecord@7.0.2.3.rbi:5875: Previous definition
    5875 |  def insert_all(attributes, returning: T.unsafe(nil), unique_by: T.unsafe(nil), record_timestamps: T.unsafe(nil)); end
            ^^^^^^^^^^^^^^^^^^^^^^^^^^^^^^^^^^^^^^^^^^^^^^^^^^^^^^^^^^^^^^^^^^^^^^^^^^^^^^^^^^^^^^^^^^^^^^^^^^^^^^^^^^^^^^^^

sorbet/rbi/sorbet-typed/lib/activerecord/all/activerecord.rbi:936: Method `ActiveRecord::Persistence::ClassMethods#insert!` redefined with mismatched keyword argument name. Expected: `record_timestamps`, got: `unique_by` https://srb.help/4010
     936 |  def insert!(attributes, returning: nil, unique_by: nil); end
            ^^^^^^^^^^^^^^^^^^^^^^^^^^^^^^^^^^^^^^^^^^^^^^^^^^^^^^^
    sorbet/rbi/gems/activerecord@7.0.2.3.rbi:5874: Previous definition
    5874 |  def insert!(attributes, returning: T.unsafe(nil), record_timestamps: T.unsafe(nil)); end
            ^^^^^^^^^^^^^^^^^^^^^^^^^^^^^^^^^^^^^^^^^^^^^^^^^^^^^^^^^^^^^^^^^^^^^^^^^^^^^^^^^^^

sorbet/rbi/sorbet-typed/lib/activerecord/all/activerecord.rbi:945: Method `ActiveRecord::Persistence::ClassMethods#insert` redefined without matching argument count. Expected: `4`, got: `3` https://srb.help/4010
     945 |  def insert(attributes, returning: nil, unique_by: nil); end
            ^^^^^^^^^^^^^^^^^^^^^^^^^^^^^^^^^^^^^^^^^^^^^^^^^^^^^^
    sorbet/rbi/gems/activerecord@7.0.2.3.rbi:5873: Previous definition
    5873 |  def insert(attributes, returning: T.unsafe(nil), unique_by: T.unsafe(nil), record_timestamps: T.unsafe(nil)); end
            ^^^^^^^^^^^^^^^^^^^^^^^^^^^^^^^^^^^^^^^^^^^^^^^^^^^^^^^^^^^^^^^^^^^^^^^^^^^^^^^^^^^^^^^^^^^^^^^^^^^^^^^^^^^^

sorbet/rbi/sorbet-typed/lib/activerecord/all/activerecord.rbi:969: Method `ActiveRecord::Persistence::ClassMethods#upsert_all` redefined without matching argument count. Expected: `6`, got: `3` https://srb.help/4010
     969 |  def upsert_all(attributes, returning: nil, unique_by: nil); end
            ^^^^^^^^^^^^^^^^^^^^^^^^^^^^^^^^^^^^^^^^^^^^^^^^^^^^^^^^^^
    sorbet/rbi/gems/activerecord@7.0.2.3.rbi:5881: Previous definition
    5881 |  def upsert_all(attributes, on_duplicate: T.unsafe(nil), update_only: T.unsafe(nil), returning: T.unsafe(nil), unique_by: T.unsafe(nil), record_timestamps: T.unsafe(nil)); end
            ^^^^^^^^^^^^^^^^^^^^^^^^^^^^^^^^^^^^^^^^^^^^^^^^^^^^^^^^^^^^^^^^^^^^^^^^^^^^^^^^^^^^^^^^^^^^^^^^^^^^^^^^^^^^^^^^^^^^^^^^^^^^^^^^^^^^^^^^^^^^^^^^^^^^^^^^^^^^^^^^^^^^^^^^^

sorbet/rbi/sorbet-typed/lib/activerecord/all/activerecord.rbi:978: Method `ActiveRecord::Persistence::ClassMethods#upsert` redefined without matching argument count. Expected: `5`, got: `3` https://srb.help/4010
     978 |  def upsert(attributes, returning: nil, unique_by: nil); end
            ^^^^^^^^^^^^^^^^^^^^^^^^^^^^^^^^^^^^^^^^^^^^^^^^^^^^^^
    sorbet/rbi/gems/activerecord@7.0.2.3.rbi:5880: Previous definition
    5880 |  def upsert(attributes, on_duplicate: T.unsafe(nil), returning: T.unsafe(nil), unique_by: T.unsafe(nil), record_timestamps: T.unsafe(nil)); end
            ^^^^^^^^^^^^^^^^^^^^^^^^^^^^^^^^^^^^^^^^^^^^^^^^^^^^^^^^^^^^^^^^^^^^^^^^^^^^^^^^^^^^^^^^^^^^^^^^^^^^^^^^^^^^^^^^^^^^^^^^^^^^^^^^^^^^^^^^^

sorbet/rbi/sorbet-typed/lib/activerecord/all/activerecord.rbi:1136: Method `ActiveRecord::ConnectionAdapters::TableDefinition#column` redefined without matching argument count. Expected: `4`, got: `5` https://srb.help/4010
    1136 |  def column(
    1137 |    name,
    1138 |    type,
    1139 |    index: nil,
    1140 |    default: nil,
    1141 |    **options
    1142 |  ); end
    sorbet/rbi/gems/activerecord@7.0.2.3.rbi:3235: Previous definition
    3235 |  def column(name, type, index: T.unsafe(nil), **options); end
            ^^^^^^^^^^^^^^^^^^^^^^^^^^^^^^^^^^^^^^^^^^^^^^^^^^^^^^^

sorbet/rbi/sorbet-typed/lib/activerecord/all/activerecord.rbi:1164: Method `ActiveRecord::ConnectionAdapters::TableDefinition#index` redefined with argument `options` as a non-keyword argument https://srb.help/4010
    1164 |  def index(column_name, options = {}); end
            ^^^^^^^^^^^^^^^^^^^^^^^^^^^^^^^^^^^^
    sorbet/rbi/gems/activerecord@7.0.2.3.rbi:3245: The corresponding argument `options` in the previous definition was a keyword argument
    3245 |  def index(column_name, **options); end
            ^^^^^^^^^^^^^^^^^^^^^^^^^^^^^^^^^

sorbet/rbi/sorbet-typed/lib/activerecord/all/activerecord.rbi:1413: Method `ActiveRecord::ConnectionAdapters::Table#column` redefined without matching argument count. Expected: `4`, got: `3` https://srb.help/4010
    1413 |  def column(column_name, type, **options); end
            ^^^^^^^^^^^^^^^^^^^^^^^^^^^^^^^^^^^^^^^^
    sorbet/rbi/gems/activerecord@7.0.2.3.rbi:3188: Previous definition
    3188 |  def column(column_name, type, index: T.unsafe(nil), **options); end
            ^^^^^^^^^^^^^^^^^^^^^^^^^^^^^^^^^^^^^^^^^^^^^^^^^^^^^^^^^^^^^^

sorbet/rbi/sorbet-typed/lib/activerecord/all/activerecord.rbi:1421: Method `ActiveRecord::ConnectionAdapters::Table#column_exists?` redefined with argument `options` as a non-keyword argument https://srb.help/4010
    1421 |  def column_exists?(column_name, type = nil, options = {}); end
            ^^^^^^^^^^^^^^^^^^^^^^^^^^^^^^^^^^^^^^^^^^^^^^^^^^^^^^^^^
    sorbet/rbi/gems/activerecord@7.0.2.3.rbi:3189: The corresponding argument `options` in the previous definition was a keyword argument
    3189 |  def column_exists?(column_name, type = T.unsafe(nil), **options); end
            ^^^^^^^^^^^^^^^^^^^^^^^^^^^^^^^^^^^^^^^^^^^^^^^^^^^^^^^^^^^^^^^^

sorbet/rbi/sorbet-typed/lib/activerecord/all/activerecord.rbi:1437: Method `ActiveRecord::ConnectionAdapters::Table#index` redefined with argument `options` as a non-keyword argument https://srb.help/4010
    1437 |  def index(column_name, options = {}); end
            ^^^^^^^^^^^^^^^^^^^^^^^^^^^^^^^^^^^^
    sorbet/rbi/gems/activerecord@7.0.2.3.rbi:3196: The corresponding argument `options` in the previous definition was a keyword argument
    3196 |  def index(column_name, **options); end
            ^^^^^^^^^^^^^^^^^^^^^^^^^^^^^^^^^

sorbet/rbi/sorbet-typed/lib/activerecord/all/activerecord.rbi:1462: Method `ActiveRecord::ConnectionAdapters::Table#timestamps` redefined with argument `options` as a non-keyword argument https://srb.help/4010
    1462 |  def timestamps(options = {}); end
            ^^^^^^^^^^^^^^^^^^^^^^^^^^^^
    sorbet/rbi/gems/activerecord@7.0.2.3.rbi:3216: The corresponding argument `options` in the previous definition was a keyword argument
    3216 |  def timestamps(**options); end
            ^^^^^^^^^^^^^^^^^^^^^^^^^

sorbet/rbi/sorbet-typed/lib/activerecord/all/activerecord.rbi:1471: Method `ActiveRecord::ConnectionAdapters::Table#change` redefined with argument `options` as a non-keyword argument https://srb.help/4010
    1471 |  def change(column_name, type, options = {}); end
            ^^^^^^^^^^^^^^^^^^^^^^^^^^^^^^^^^^^^^^^^^^^
    sorbet/rbi/gems/activerecord@7.0.2.3.rbi:3184: The corresponding argument `options` in the previous definition was a keyword argument
    3184 |  def change(column_name, type, **options); end
            ^^^^^^^^^^^^^^^^^^^^^^^^^^^^^^^^^^^^^^^^

sorbet/rbi/sorbet-typed/lib/activerecord/all/activerecord.rbi:1490: Method `ActiveRecord::ConnectionAdapters::Table#remove` redefined without matching argument count. Expected: `2`, got: `1` https://srb.help/4010
    1490 |  def remove(*column_names); end
            ^^^^^^^^^^^^^^^^^^^^^^^^^
    sorbet/rbi/gems/activerecord@7.0.2.3.rbi:3203: Previous definition
    3203 |  def remove(*column_names, **options); end
            ^^^^^^^^^^^^^^^^^^^^^^^^^^^^^^^^^^^^

sorbet/rbi/sorbet-typed/lib/activerecord/all/activerecord.rbi:1500: Method `ActiveRecord::ConnectionAdapters::Table#remove_index` redefined without matching argument count. Expected: `2`, got: `1` https://srb.help/4010
    1500 |  def remove_index(options = {}); end
            ^^^^^^^^^^^^^^^^^^^^^^^^^^^^^^
    sorbet/rbi/gems/activerecord@7.0.2.3.rbi:3207: Previous definition
    3207 |  def remove_index(column_name = T.unsafe(nil), **options); end
            ^^^^^^^^^^^^^^^^^^^^^^^^^^^^^^^^^^^^^^^^^^^^^^^^^^^^^^^^

sorbet/rbi/sorbet-typed/lib/activerecord/all/activerecord.rbi:1508: Method `ActiveRecord::ConnectionAdapters::Table#remove_timestamps` redefined with argument `options` as a non-keyword argument https://srb.help/4010
    1508 |  def remove_timestamps(options = {}); end
            ^^^^^^^^^^^^^^^^^^^^^^^^^^^^^^^^^^^
    sorbet/rbi/gems/activerecord@7.0.2.3.rbi:3209: The corresponding argument `options` in the previous definition was a keyword argument
    3209 |  def remove_timestamps(**options); end
            ^^^^^^^^^^^^^^^^^^^^^^^^^^^^^^^^

sorbet/rbi/sorbet-typed/lib/activerecord/all/activerecord.rbi:1561: Method `ActiveRecord::ConnectionAdapters::Table#foreign_key` redefined without matching argument count. Expected: `2`, got: `1` https://srb.help/4010
    1561 |  def foreign_key(*args); end
            ^^^^^^^^^^^^^^^^^^^^^^
    sorbet/rbi/gems/activerecord@7.0.2.3.rbi:3194: Previous definition
    3194 |  def foreign_key(*args, **options); end
            ^^^^^^^^^^^^^^^^^^^^^^^^^^^^^^^^^

sorbet/rbi/sorbet-typed/lib/activerecord/all/activerecord.rbi:1570: Method `ActiveRecord::ConnectionAdapters::Table#remove_foreign_key` redefined without matching argument count. Expected: `2`, got: `1` https://srb.help/4010
    1570 |  def remove_foreign_key(*args); end
            ^^^^^^^^^^^^^^^^^^^^^^^^^^^^^
    sorbet/rbi/gems/activerecord@7.0.2.3.rbi:3206: Previous definition
    3206 |  def remove_foreign_key(*args, **options); end
            ^^^^^^^^^^^^^^^^^^^^^^^^^^^^^^^^^^^^^^^^

sorbet/rbi/sorbet-typed/lib/activerecord/all/activerecord.rbi:1578: Method `ActiveRecord::ConnectionAdapters::Table#foreign_key_exists?` redefined without matching argument count. Expected: `2`, got: `1` https://srb.help/4010
    1578 |  def foreign_key_exists?(*args); end
            ^^^^^^^^^^^^^^^^^^^^^^^^^^^^^^
    sorbet/rbi/gems/activerecord@7.0.2.3.rbi:3195: Previous definition
    3195 |  def foreign_key_exists?(*args, **options); end
            ^^^^^^^^^^^^^^^^^^^^^^^^^^^^^^^^^^^^^^^^^

sorbet/rbi/sorbet-typed/lib/activerecord/all/activerecord.rbi:1608: Method `ActiveRecord::Locking::Pessimistic#with_lock` redefined with argument `lock` as a non-splat argument https://srb.help/4010
    1608 |  def with_lock(lock = nil, &blk); end
            ^^^^^^^^^^^^^^^^^^^^^^^^^^^^^^^
    sorbet/rbi/gems/activerecord@7.0.2.3.rbi:5043: The corresponding argument `args` in the previous definition was a splat argument
    5043 |  def with_lock(*args); end
            ^^^^^^^^^^^^^^^^^^^^

sorbet/rbi/gems/rake@13.0.6.rbi:606: Unable to resolve constant `Task` https://srb.help/5002
     606 |Rake::RDocTask = RDoc::Task
                           ^^^^^^^^^^

sorbet/rbi/sorbet-typed/lib/activerecord/~>7.0.0.alpha2/activerecord.rbi:30: Method `ActiveRecord::Migration::Compatibility::V5_2#create_table` redefined without matching argument count. Expected: `2`, got: `8` https://srb.help/4010
    30 |  def create_table(
    31 |    table_name,
    32 |    comment: nil,
    33 |    id: :primary_key,
    34 |    primary_key: :_,
       |...
    36 |    temporary: false,
    37 |    force: false,
    38 |    as: nil,
    39 |    &blk
    40 |  ); end
    sorbet/rbi/gems/activerecord@7.0.2.3.rbi:5364: Previous definition
    5364 |  def create_table(table_name, **options); end
            ^^^^^^^^^^^^^^^^^^^^^^^^^^^^^^^^^^^^^^^

sorbet/rbi/sorbet-typed/lib/activerecord/~>7.0.0.alpha2/activerecord.rbi:492: Method `ActiveRecord::ConnectionHandling#connected_to` redefined with mismatched keyword argument name. Expected: `role`, got: `database` https://srb.help/4010
     492 |  def connected_to(database: T.unsafe(nil), role: T.unsafe(nil), prevent_writes: T.unsafe(nil), &blk); end
            ^^^^^^^^^^^^^^^^^^^^^^^^^^^^^^^^^^^^^^^^^^^^^^^^^^^^^^^^^^^^^^^^^^^^^^^^^^^^^^^^^^^^^^^^^^^^^^^^^^^
    sorbet/rbi/gems/activerecord@7.0.2.3.rbi:3344: Previous definition
    3344 |  def connected_to(role: T.unsafe(nil), shard: T.unsafe(nil), prevent_writes: T.unsafe(nil), &blk); end
            ^^^^^^^^^^^^^^^^^^^^^^^^^^^^^^^^^^^^^^^^^^^^^^^^^^^^^^^^^^^^^^^^^^^^^^^^^^^^^^^^^^^^^^^^^^^^^^^^

sorbet/rbi/sorbet-typed/lib/activerecord/~>7.0.0.alpha2/activerecord.rbi:493: Method `ActiveRecord::ConnectionHandling#connected_to?` redefined without matching argument count. Expected: `2`, got: `1` https://srb.help/4010
     493 |  def connected_to?(role:); end
            ^^^^^^^^^^^^^^^^^^^^^^^^
    sorbet/rbi/gems/activerecord@7.0.2.3.rbi:3345: Previous definition
    3345 |  def connected_to?(role:, shard: T.unsafe(nil)); end
            ^^^^^^^^^^^^^^^^^^^^^^^^^^^^^^^^^^^^^^^^^^^^^^

sorbet/rbi/sorbet-typed/lib/activerecord/~>7.0.0.alpha2/activerecord.rbi:494: Method `ActiveRecord::ConnectionHandling#connects_to` redefined without matching argument count. Expected: `2`, got: `1` https://srb.help/4010
     494 |  def connects_to(database: T.unsafe(nil)); end
            ^^^^^^^^^^^^^^^^^^^^^^^^^^^^^^^^^^^^^^^^
    sorbet/rbi/gems/activerecord@7.0.2.3.rbi:3353: Previous definition
    3353 |  def connects_to(database: T.unsafe(nil), shards: T.unsafe(nil)); end
            ^^^^^^^^^^^^^^^^^^^^^^^^^^^^^^^^^^^^^^^^^^^^^^^^^^^^^^^^^^^^^^^

sorbet/rbi/gems/rack.rbi:185: Unable to resolve constant `Anonymous_Delegator_9` https://srb.help/5002
     185 |class Rack::Session::Cookie::SessionId < Anonymous_Delegator_9
                                                   ^^^^^^^^^^^^^^^^^^^^^

sorbet/rbi/gems/rack.rbi:185: Unable to resolve constant `Anonymous_Delegator_9` https://srb.help/5002
     185 |class Rack::Session::Cookie::SessionId < Anonymous_Delegator_9
                                                   ^^^^^^^^^^^^^^^^^^^^^

sorbet/rbi/gems/rack.rbi:250: Unable to resolve constant `Anonymous_Struct_10` https://srb.help/5002
     250 |class Rack::Directory::DirectoryBody < Anonymous_Struct_10
                                                 ^^^^^^^^^^^^^^^^^^^

sorbet/rbi/gems/rack.rbi:250: Unable to resolve constant `Anonymous_Struct_10` https://srb.help/5002
     250 |class Rack::Directory::DirectoryBody < Anonymous_Struct_10
                                                 ^^^^^^^^^^^^^^^^^^^

sorbet/rbi/gems/rack.rbi:314: Unable to resolve constant `Anonymous_Struct_11` https://srb.help/5002
     314 |class Rack::Multipart::Parser::Collector::MimePart < Anonymous_Struct_11
                                                               ^^^^^^^^^^^^^^^^^^^

sorbet/rbi/gems/rack.rbi:314: Unable to resolve constant `Anonymous_Struct_11` https://srb.help/5002
     314 |class Rack::Multipart::Parser::Collector::MimePart < Anonymous_Struct_11
                                                               ^^^^^^^^^^^^^^^^^^^

sorbet/rbi/gems/rack.rbi:250: Parent of class `Rack::Directory::DirectoryBody` redefined from `Struct` to `Sorbet::Private::Static::StubModule` https://srb.help/5012
     250 |class Rack::Directory::DirectoryBody < Anonymous_Struct_10
                                                 ^^^^^^^^^^^^^^^^^^^

sorbet/rbi/gems/rack.rbi:314: Parent of class `Rack::Multipart::Parser::Collector::MimePart` redefined from `Struct` to `Sorbet::Private::Static::StubModule` https://srb.help/5012
     314 |class Rack::Multipart::Parser::Collector::MimePart < Anonymous_Struct_11
                                                               ^^^^^^^^^^^^^^^^^^^

sorbet/rbi/gems/net-protocol@0.1.3.rbi:8: Method `Net::BufferedIO#initialize` redefined without matching argument count. Expected: `4`, got: `5` https://srb.help/4010
     8 |  def initialize(io, read_timeout: T.unsafe(nil), write_timeout: T.unsafe(nil), continue_timeout: T.unsafe(nil), debug_output: T.unsafe(nil)); end
          ^^^^^^^^^^^^^^^^^^^^^^^^^^^^^^^^^^^^^^^^^^^^^^^^^^^^^^^^^^^^^^^^^^^^^^^^^^^^^^^^^^^^^^^^^^^^^^^^^^^^^^^^^^^^^^^^^^^^^^^^^^^^^^^^^^^^^^^^^^^
    https://github.com/sorbet/sorbet/tree/db802a9199bdfb55d50b6996819799b27af5b93b/rbi/stdlib/net.rbi#L25: Previous definition
    25 |  def initialize(io, read_timeout: T.unsafe(nil), continue_timeout: T.unsafe(nil), debug_output: T.unsafe(nil)); end
          ^^^^^^^^^^^^^^^^^^^^^^^^^^^^^^^^^^^^^^^^^^^^^^^^^^^^^^^^^^^^^^^^^^^^^^^^^^^^^^^^^^^^^^^^^^^^^^^^^^^^^^^^^^^^^

sorbet/rbi/gems/net-protocol@0.1.3.rbi:10: Method `Net::BufferedIO#<<` redefined with argument `strs` as a splat argument https://srb.help/4010
    10 |  def <<(*strs); end
          ^^^^^^^^^^^^^
    https://github.com/sorbet/sorbet/tree/db802a9199bdfb55d50b6996819799b27af5b93b/rbi/stdlib/net.rbi#L9: The corresponding argument `str` in the previous definition was not a splat argument
     9 |  def <<(str); end
          ^^^^^^^^^^^

sorbet/rbi/gems/net-protocol@0.1.3.rbi:26: Method `Net::BufferedIO#write` redefined with argument `strs` as a splat argument https://srb.help/4010
    26 |  def write(*strs); end
          ^^^^^^^^^^^^^^^^
    https://github.com/sorbet/sorbet/tree/db802a9199bdfb55d50b6996819799b27af5b93b/rbi/stdlib/net.rbi#L43: The corresponding argument `str` in the previous definition was not a splat argument
    43 |  def write(str); end
          ^^^^^^^^^^^^^^

sorbet/rbi/gems/net-protocol@0.1.3.rbi:43: Method `Net::InternetMessageIO#initialize` redefined without matching argument count. Expected: `1`, got: `2` https://srb.help/4010
    43 |  def initialize(*_arg0, **_arg1); end
          ^^^^^^^^^^^^^^^^^^^^^^^^^^^^^^^
    https://github.com/sorbet/sorbet/tree/db802a9199bdfb55d50b6996819799b27af5b93b/rbi/stdlib/net.rbi#L5545: Previous definition
    5545 |  def initialize(*_); end
            ^^^^^^^^^^^^^^^^^^

sorbet/rbi/gems/net-protocol@0.1.3.rbi:93: Method `Net::WriteAdapter#initialize` redefined without matching argument count. Expected: `2`, got: `1` https://srb.help/4010
    93 |  def initialize(writer); end
          ^^^^^^^^^^^^^^^^^^^^^^
    https://github.com/sorbet/sorbet/tree/db802a9199bdfb55d50b6996819799b27af5b93b/rbi/stdlib/net.rbi#L6781: Previous definition
    6781 |  def initialize(socket, method); end
            ^^^^^^^^^^^^^^^^^^^^^^^^^^^^^^

sorbet/rbi/sorbet-typed/lib/activerecord/all/sanitization.rbi:15: Redefining the existing method `ActiveRecord::Sanitization::ClassMethods#sanitize_sql` as a method alias https://srb.help/5037
    15 |  alias :sanitize_sql :sanitize_sql_for_conditions
          ^^^^^^^^^^^^^^^^^^^^^^^^^^^^^^^^^^^^^^^^^^^^^^^^
    sorbet/rbi/gems/activerecord@7.0.2.3.rbi:6957: Previous definition
    6957 |  def sanitize_sql(condition); end
            ^^^^^^^^^^^^^^^^^^^^^^^^^^^

sorbet/rbi/gems/concurrent-ruby.rbi:1015: unexpected token "**" https://srb.help/2001
    1015 |  def new(*args, ****, &block); end
                             ^^

sorbet/rbi/gems/concurrent-ruby.rbi:1014: module definition in method body https://srb.help/2001
    1014 |module Concurrent::Async::ClassMethods
          ^^^^^^

sorbet/rbi/gems/concurrent-ruby.rbi:1017: class definition in method body https://srb.help/2001
    1017 |class Concurrent::Async::AsyncDelegator < Concurrent::Synchronization::LockableObject
          ^^^^^

sorbet/rbi/gems/concurrent-ruby.rbi:1024: class definition in method body https://srb.help/2001
    1024 |class Concurrent::Async::AwaitDelegator
          ^^^^^

sorbet/rbi/gems/concurrent-ruby.rbi:1029: class definition in method body https://srb.help/2001
    1029 |class Concurrent::Future < Concurrent::IVar
          ^^^^^

sorbet/rbi/gems/concurrent-ruby.rbi:1039: class definition in method body https://srb.help/2001
    1039 |class Concurrent::DependencyCounter
          ^^^^^

sorbet/rbi/gems/concurrent-ruby.rbi:1043: class definition in method body https://srb.help/2001
    1043 |class Concurrent::Maybe < Concurrent::Synchronization::Object
          ^^^^^

sorbet/rbi/gems/concurrent-ruby.rbi:1061: class definition in method body https://srb.help/2001
    1061 |class Concurrent::AbstractExchanger < Concurrent::Synchronization::Object
          ^^^^^

sorbet/rbi/gems/concurrent-ruby.rbi:1068: class definition in method body https://srb.help/2001
    1068 |class Concurrent::RubyExchanger < Concurrent::AbstractExchanger
          ^^^^^

sorbet/rbi/gems/concurrent-ruby.rbi:1079: class definition in method body https://srb.help/2001
    1079 |class Concurrent::RubyExchanger::Node < Concurrent::Synchronization::Object
          ^^^^^

sorbet/rbi/gems/concurrent-ruby.rbi:1091: class definition in method body https://srb.help/2001
    1091 |class Concurrent::Exchanger < Concurrent::RubyExchanger
          ^^^^^

sorbet/rbi/gems/concurrent-ruby.rbi:1093: module definition in method body https://srb.help/2001
    1093 |module Concurrent::Synchronization::AbstractStruct
          ^^^^^^

sorbet/rbi/gems/concurrent-ruby.rbi:1112: module definition in method body https://srb.help/2001
    1112 |module Concurrent::ImmutableStruct
          ^^^^^^

sorbet/rbi/gems/concurrent-ruby.rbi:1130: module definition in method body https://srb.help/2001
    1130 |module Concurrent::MutableStruct
          ^^^^^^

sorbet/rbi/gems/concurrent-ruby.rbi:1148: class definition in method body https://srb.help/2001
    1148 |class Concurrent::MVar < Concurrent::Synchronization::Object
          ^^^^^

sorbet/rbi/gems/concurrent-ruby.rbi:1169: class definition in method body https://srb.help/2001
    1169 |class Concurrent::PromiseExecutionError < StandardError
          ^^^^^

sorbet/rbi/gems/concurrent-ruby.rbi:1171: class definition in method body https://srb.help/2001
    1171 |class Concurrent::Promise < Concurrent::IVar
          ^^^^^

sorbet/rbi/gems/concurrent-ruby.rbi:1201: module definition in method body https://srb.help/2001
    1201 |module Concurrent::SettableStruct
          ^^^^^^

sorbet/rbi/gems/concurrent-ruby.rbi:1219: class definition in method body https://srb.help/2001
    1219 |class Concurrent::TimerTask < Concurrent::RubyExecutorService
          ^^^^^

sorbet/rbi/gems/concurrent-ruby.rbi:1238: class definition in method body https://srb.help/2001
    1238 |class Concurrent::TVar < Concurrent::Synchronization::Object
          ^^^^^

sorbet/rbi/gems/concurrent-ruby.rbi:1247: class definition in method body https://srb.help/2001
    1247 |class Concurrent::Transaction
          ^^^^^

sorbet/rbi/gems/concurrent-ruby.rbi:1258: class definition in method body https://srb.help/2001
    1258 |class Concurrent::Transaction::OpenEntry < Struct
          ^^^^^

sorbet/rbi/gems/concurrent-ruby.rbi:1269: class definition in method body https://srb.help/2001
    1269 |class Concurrent::Transaction::AbortError < StandardError
          ^^^^^

sorbet/rbi/gems/concurrent-ruby.rbi:1271: class definition in method body https://srb.help/2001
    1271 |class Concurrent::Transaction::LeaveError < StandardError
          ^^^^^

sorbet/rbi/gems/concurrent-ruby.rbi:1273: class definition in method body https://srb.help/2001
    1273 |class Concurrent::LockFreeStack < Concurrent::Synchronization::Object
          ^^^^^

sorbet/rbi/gems/concurrent-ruby.rbi:1303: unexpected token "**" https://srb.help/2001
    1303 |  def self.[](*arg0, ****); end
                                 ^^

sorbet/rbi/gems/concurrent-ruby.rbi:1300: class definition in method body https://srb.help/2001
    1300 |class Concurrent::LockFreeStack::Node
          ^^^^^

sorbet/rbi/gems/concurrent-ruby.rbi:1306: unexpected token "end" https://srb.help/2001
    1306 |end
          ^^^

sorbet/rbi/gems/concurrent-ruby.rbi:1307: module definition in method body https://srb.help/2001
    1307 |module Concurrent::ReInclude
          ^^^^^^

sorbet/rbi/gems/concurrent-ruby.rbi:1312: module definition in method body https://srb.help/2001
    1312 |module Concurrent::Promises
          ^^^^^^

sorbet/rbi/gems/concurrent-ruby.rbi:1315: module definition in method body https://srb.help/2001
    1315 |module Concurrent::Promises::FactoryMethods
          ^^^^^^

sorbet/rbi/gems/concurrent-ruby.rbi:1348: module definition in method body https://srb.help/2001
    1348 |module Concurrent::Promises::FactoryMethods::Configuration
          ^^^^^^

sorbet/rbi/gems/concurrent-ruby.rbi:1351: module definition in method body https://srb.help/2001
    1351 |module Concurrent::Promises::InternalStates
          ^^^^^^

sorbet/rbi/gems/concurrent-ruby.rbi:1353: class definition in method body https://srb.help/2001
    1353 |class Concurrent::Promises::InternalStates::State
          ^^^^^

sorbet/rbi/gems/concurrent-ruby.rbi:1357: class definition in method body https://srb.help/2001
    1357 |class Concurrent::Promises::InternalStates::Pending < Concurrent::Promises::InternalStates::State
          ^^^^^

sorbet/rbi/gems/concurrent-ruby.rbi:1361: class definition in method body https://srb.help/2001
    1361 |class Concurrent::Promises::InternalStates::Reserved < Concurrent::Promises::InternalStates::Pending
          ^^^^^

sorbet/rbi/gems/concurrent-ruby.rbi:1363: class definition in method body https://srb.help/2001
    1363 |class Concurrent::Promises::InternalStates::ResolvedWithResult < Concurrent::Promises::InternalStates::State
          ^^^^^

sorbet/rbi/gems/concurrent-ruby.rbi:1372: class definition in method body https://srb.help/2001
    1372 |class Concurrent::Promises::InternalStates::Fulfilled < Concurrent::Promises::InternalStates::ResolvedWithResult
          ^^^^^

sorbet/rbi/gems/concurrent-ruby.rbi:1380: class definition in method body https://srb.help/2001
    1380 |class Concurrent::Promises::InternalStates::FulfilledArray < Concurrent::Promises::InternalStates::Fulfilled
          ^^^^^

sorbet/rbi/gems/concurrent-ruby.rbi:1383: class definition in method body https://srb.help/2001
    1383 |class Concurrent::Promises::InternalStates::Rejected < Concurrent::Promises::InternalStates::ResolvedWithResult
          ^^^^^

sorbet/rbi/gems/concurrent-ruby.rbi:1391: class definition in method body https://srb.help/2001
    1391 |class Concurrent::Promises::InternalStates::PartiallyRejected < Concurrent::Promises::InternalStates::ResolvedWithResult
          ^^^^^

sorbet/rbi/gems/concurrent-ruby.rbi:1399: class definition in method body https://srb.help/2001
    1399 |class Concurrent::Promises::AbstractEventFuture < Concurrent::Synchronization::Object
          ^^^^^

sorbet/rbi/gems/concurrent-ruby.rbi:1443: class definition in method body https://srb.help/2001
    1443 |class Concurrent::Promises::Event < Concurrent::Promises::AbstractEventFuture
          ^^^^^

sorbet/rbi/gems/concurrent-ruby.rbi:1457: class definition in method body https://srb.help/2001
    1457 |class Concurrent::Promises::Future < Concurrent::Promises::AbstractEventFuture
          ^^^^^

sorbet/rbi/gems/concurrent-ruby.rbi:1501: module definition in method body https://srb.help/2001
    1501 |module Concurrent::Promises::Resolvable
          ^^^^^^

sorbet/rbi/gems/concurrent-ruby.rbi:1504: class definition in method body https://srb.help/2001
    1504 |class Concurrent::Promises::ResolvableEvent < Concurrent::Promises::Event
          ^^^^^

sorbet/rbi/gems/concurrent-ruby.rbi:1510: class definition in method body https://srb.help/2001
    1510 |class Concurrent::Promises::ResolvableFuture < Concurrent::Promises::Future
          ^^^^^

sorbet/rbi/gems/concurrent-ruby.rbi:1525: class definition in method body https://srb.help/2001
    1525 |class Concurrent::Promises::AbstractPromise < Concurrent::Synchronization::Object
          ^^^^^

sorbet/rbi/gems/concurrent-ruby.rbi:1540: class definition in method body https://srb.help/2001
    1540 |class Concurrent::Promises::ResolvableEventPromise < Concurrent::Promises::AbstractPromise
          ^^^^^

sorbet/rbi/gems/concurrent-ruby.rbi:1543: class definition in method body https://srb.help/2001
    1543 |class Concurrent::Promises::ResolvableFuturePromise < Concurrent::Promises::AbstractPromise
          ^^^^^

sorbet/rbi/gems/concurrent-ruby.rbi:1547: class definition in method body https://srb.help/2001
    1547 |class Concurrent::Promises::InnerPromise < Concurrent::Promises::AbstractPromise
          ^^^^^

sorbet/rbi/gems/concurrent-ruby.rbi:1549: class definition in method body https://srb.help/2001
    1549 |class Concurrent::Promises::BlockedPromise < Concurrent::Promises::InnerPromise
          ^^^^^

sorbet/rbi/gems/concurrent-ruby.rbi:1565: class definition in method body https://srb.help/2001
    1565 |class Concurrent::Promises::BlockedTaskPromise < Concurrent::Promises::BlockedPromise
          ^^^^^

sorbet/rbi/gems/concurrent-ruby.rbi:1569: class definition in method body https://srb.help/2001
    1569 |class Concurrent::Promises::ThenPromise < Concurrent::Promises::BlockedTaskPromise
          ^^^^^

sorbet/rbi/gems/concurrent-ruby.rbi:1573: class definition in method body https://srb.help/2001
    1573 |class Concurrent::Promises::RescuePromise < Concurrent::Promises::BlockedTaskPromise
          ^^^^^

sorbet/rbi/gems/concurrent-ruby.rbi:1577: class definition in method body https://srb.help/2001
    1577 |class Concurrent::Promises::ChainPromise < Concurrent::Promises::BlockedTaskPromise
          ^^^^^

sorbet/rbi/gems/concurrent-ruby.rbi:1580: class definition in method body https://srb.help/2001
    1580 |class Concurrent::Promises::ImmediateEventPromise < Concurrent::Promises::InnerPromise
          ^^^^^

sorbet/rbi/gems/concurrent-ruby.rbi:1583: class definition in method body https://srb.help/2001
    1583 |class Concurrent::Promises::ImmediateFuturePromise < Concurrent::Promises::InnerPromise
          ^^^^^

sorbet/rbi/gems/concurrent-ruby.rbi:1586: class definition in method body https://srb.help/2001
    1586 |class Concurrent::Promises::AbstractFlatPromise < Concurrent::Promises::BlockedPromise
          ^^^^^

sorbet/rbi/gems/concurrent-ruby.rbi:1594: class definition in method body https://srb.help/2001
    1594 |class Concurrent::Promises::FlatEventPromise < Concurrent::Promises::AbstractFlatPromise
          ^^^^^

sorbet/rbi/gems/concurrent-ruby.rbi:1598: class definition in method body https://srb.help/2001
    1598 |class Concurrent::Promises::FlatFuturePromise < Concurrent::Promises::AbstractFlatPromise
          ^^^^^

sorbet/rbi/gems/concurrent-ruby.rbi:1602: class definition in method body https://srb.help/2001
    1602 |class Concurrent::Promises::RunFuturePromise < Concurrent::Promises::AbstractFlatPromise
          ^^^^^

sorbet/rbi/gems/concurrent-ruby.rbi:1606: class definition in method body https://srb.help/2001
    1606 |class Concurrent::Promises::ZipEventEventPromise < Concurrent::Promises::BlockedPromise
          ^^^^^

sorbet/rbi/gems/concurrent-ruby.rbi:1610: class definition in method body https://srb.help/2001
    1610 |class Concurrent::Promises::ZipFutureEventPromise < Concurrent::Promises::BlockedPromise
          ^^^^^

sorbet/rbi/gems/concurrent-ruby.rbi:1615: class definition in method body https://srb.help/2001
    1615 |class Concurrent::Promises::EventWrapperPromise < Concurrent::Promises::BlockedPromise
          ^^^^^

sorbet/rbi/gems/concurrent-ruby.rbi:1619: class definition in method body https://srb.help/2001
    1619 |class Concurrent::Promises::FutureWrapperPromise < Concurrent::Promises::BlockedPromise
          ^^^^^

sorbet/rbi/gems/concurrent-ruby.rbi:1623: class definition in method body https://srb.help/2001
    1623 |class Concurrent::Promises::ZipFuturesPromise < Concurrent::Promises::BlockedPromise
          ^^^^^

sorbet/rbi/gems/concurrent-ruby.rbi:1628: class definition in method body https://srb.help/2001
    1628 |class Concurrent::Promises::ZipEventsPromise < Concurrent::Promises::BlockedPromise
          ^^^^^

sorbet/rbi/gems/concurrent-ruby.rbi:1632: class definition in method body https://srb.help/2001
    1632 |class Concurrent::Promises::AbstractAnyPromise < Concurrent::Promises::BlockedPromise
          ^^^^^

sorbet/rbi/gems/concurrent-ruby.rbi:1634: class definition in method body https://srb.help/2001
    1634 |class Concurrent::Promises::AnyResolvedEventPromise < Concurrent::Promises::AbstractAnyPromise
          ^^^^^

sorbet/rbi/gems/concurrent-ruby.rbi:1639: class definition in method body https://srb.help/2001
    1639 |class Concurrent::Promises::AnyResolvedFuturePromise < Concurrent::Promises::AbstractAnyPromise
          ^^^^^

sorbet/rbi/gems/concurrent-ruby.rbi:1644: class definition in method body https://srb.help/2001
    1644 |class Concurrent::Promises::AnyFulfilledFuturePromise < Concurrent::Promises::AnyResolvedFuturePromise
          ^^^^^

sorbet/rbi/gems/concurrent-ruby.rbi:1647: class definition in method body https://srb.help/2001
    1647 |class Concurrent::Promises::DelayPromise < Concurrent::Promises::InnerPromise
          ^^^^^

sorbet/rbi/gems/concurrent-ruby.rbi:1652: class definition in method body https://srb.help/2001
    1652 |class Concurrent::Promises::ScheduledPromise < Concurrent::Promises::InnerPromise
          ^^^^^

sorbet/rbi/gems/concurrent-ruby.rbi:1657: class definition in method body https://srb.help/2001
    1657 |class Concurrent::SynchronizedDelegator < SimpleDelegator
          ^^^^^

sorbet/rbi/gems/actionpack.rbi:86: unexpected token "," https://srb.help/2001
    86 |  def as_json(**, ****, &&); end
                        ^

sorbet/rbi/gems/actionpack.rbi:79: class definition in method body https://srb.help/2001
    79 |class ActionController::Parameters
        ^^^^^

sorbet/rbi/gems/actionpack.rbi:103: unexpected token "," https://srb.help/2001
     103 |  def each_key(**, ****, &&); end
                           ^

sorbet/rbi/gems/actionpack.rbi:107: unexpected token "," https://srb.help/2001
     107 |  def empty?(**, ****, &&); end
                         ^

sorbet/rbi/gems/actionpack.rbi:112: unexpected token "," https://srb.help/2001
     112 |  def has_key?(**, ****, &&); end
                           ^

sorbet/rbi/gems/actionpack.rbi:113: unexpected token "," https://srb.help/2001
     113 |  def has_value?(**, ****, &&); end
                             ^

sorbet/rbi/gems/actionpack.rbi:116: unexpected token "," https://srb.help/2001
     116 |  def include?(**, ****, &&); end
                           ^

sorbet/rbi/gems/actionpack.rbi:122: unexpected token "," https://srb.help/2001
     122 |  def key?(**, ****, &&); end
                       ^

sorbet/rbi/gems/actionpack.rbi:123: unexpected token "," https://srb.help/2001
     123 |  def keys(**, ****, &&); end
                       ^

sorbet/rbi/gems/actionpack.rbi:124: unexpected token "," https://srb.help/2001
     124 |  def member?(**, ****, &&); end
                          ^

sorbet/rbi/gems/actionpack.rbi:163: unexpected token "," https://srb.help/2001
     163 |  def to_s(**, ****, &&); end
                       ^

sorbet/rbi/gems/actionpack.rbi:172: unexpected token "," https://srb.help/2001
     172 |  def value?(**, ****, &&); end
                         ^

sorbet/rbi/gems/actionpack.rbi:173: unexpected token "," https://srb.help/2001
     173 |  def values(**, ****, &&); end
                         ^

sorbet/rbi/gems/actionpack.rbi:177: unexpected token "end" https://srb.help/2001
     177 |end
          ^^^

sorbet/rbi/gems/actionpack.rbi:178: module definition in method body https://srb.help/2001
     178 |module ActionController::StrongParameters
          ^^^^^^

sorbet/rbi/gems/actionpack.rbi:182: module definition in method body https://srb.help/2001
     182 |module AbstractController::Railties
          ^^^^^^

sorbet/rbi/gems/actionpack.rbi:184: module definition in method body https://srb.help/2001
     184 |module AbstractController::Railties::RoutesHelpers
          ^^^^^^

sorbet/rbi/gems/actionpack.rbi:187: module definition in method body https://srb.help/2001
     187 |module ActionController::Railties
          ^^^^^^

sorbet/rbi/gems/actionpack.rbi:189: module definition in method body https://srb.help/2001
     189 |module ActionController::Railties::Helpers
          ^^^^^^

sorbet/rbi/gems/actionpack.rbi:192: class definition in method body https://srb.help/2001
     192 |class ActionController::Railtie < Rails::Railtie
          ^^^^^

sorbet/rbi/gems/actionpack.rbi:194: class definition in method body https://srb.help/2001
     194 |class ActionDispatch::Http::ContentDisposition
          ^^^^^

sorbet/rbi/gems/actionpack.rbi:204: module definition in method body https://srb.help/2001
     204 |module ActionDispatch::Routing
          ^^^^^^

sorbet/rbi/gems/actionpack.rbi:207: module definition in method body https://srb.help/2001
     207 |module ActionDispatch::Journey
          ^^^^^^

sorbet/rbi/gems/actionpack.rbi:209: class definition in method body https://srb.help/2001
     209 |class ActionDispatch::Journey::Router
          ^^^^^

sorbet/rbi/gems/actionpack.rbi:225: class definition in method body https://srb.help/2001
     225 |class ActionDispatch::Journey::Router::Utils
          ^^^^^

sorbet/rbi/gems/actionpack.rbi:232: class definition in method body https://srb.help/2001
     232 |class ActionDispatch::Journey::Router::Utils::UriEncoder
          ^^^^^

sorbet/rbi/gems/actionpack.rbi:240: class definition in method body https://srb.help/2001
     240 |class ActionDispatch::Journey::Routes
          ^^^^^

sorbet/rbi/gems/actionpack.rbi:258: class definition in method body https://srb.help/2001
     258 |class ActionController::ActionControllerError < StandardError
          ^^^^^

sorbet/rbi/gems/actionpack.rbi:260: class definition in method body https://srb.help/2001
     260 |class ActionController::BadRequest < ActionController::ActionControllerError
          ^^^^^

sorbet/rbi/gems/actionpack.rbi:263: class definition in method body https://srb.help/2001
     263 |class ActionController::RenderError < ActionController::ActionControllerError
          ^^^^^

sorbet/rbi/gems/actionpack.rbi:265: class definition in method body https://srb.help/2001
     265 |class ActionController::RoutingError < ActionController::ActionControllerError
          ^^^^^

sorbet/rbi/gems/actionpack.rbi:269: class definition in method body https://srb.help/2001
     269 |class ActionController::UrlGenerationError < ActionController::ActionControllerError
          ^^^^^

sorbet/rbi/gems/actionpack.rbi:277: class definition in method body https://srb.help/2001
     277 |class ActionController::MethodNotAllowed < ActionController::ActionControllerError
          ^^^^^

sorbet/rbi/gems/actionpack.rbi:280: class definition in method body https://srb.help/2001
     280 |class ActionController::NotImplemented < ActionController::MethodNotAllowed
          ^^^^^

sorbet/rbi/gems/actionpack.rbi:282: class definition in method body https://srb.help/2001
     282 |class ActionController::MissingFile < ActionController::ActionControllerError
          ^^^^^

sorbet/rbi/gems/actionpack.rbi:284: class definition in method body https://srb.help/2001
     284 |class ActionController::SessionOverflowError < ActionController::ActionControllerError
          ^^^^^

sorbet/rbi/gems/actionpack.rbi:287: class definition in method body https://srb.help/2001
     287 |class ActionController::UnknownHttpMethod < ActionController::ActionControllerError
          ^^^^^

sorbet/rbi/gems/actionpack.rbi:289: class definition in method body https://srb.help/2001
     289 |class ActionController::UnknownFormat < ActionController::ActionControllerError
          ^^^^^

sorbet/rbi/gems/actionpack.rbi:291: class definition in method body https://srb.help/2001
     291 |class ActionController::RespondToMismatchError < ActionController::ActionControllerError
          ^^^^^

sorbet/rbi/gems/actionpack.rbi:294: class definition in method body https://srb.help/2001
     294 |class ActionController::MissingExactTemplate < ActionController::UnknownFormat
          ^^^^^

sorbet/rbi/gems/actionpack.rbi:296: class definition in method body https://srb.help/2001
     296 |class ActionDispatch::Journey::Formatter
          ^^^^^

sorbet/rbi/gems/actionpack.rbi:310: class definition in method body https://srb.help/2001
     310 |class ActionDispatch::Journey::Formatter::RouteWithParams
          ^^^^^

sorbet/rbi/gems/actionpack.rbi:315: class definition in method body https://srb.help/2001
     315 |class ActionDispatch::Journey::Formatter::MissingRoute
          ^^^^^

sorbet/rbi/gems/actionpack.rbi:326: class definition in method body https://srb.help/2001
     326 |class ActionDispatch::Journey::Scanner
          ^^^^^

sorbet/rbi/gems/actionpack.rbi:336: class definition in method body https://srb.help/2001
     336 |class ActionDispatch::Journey::Format
          ^^^^^

sorbet/rbi/gems/actionpack.rbi:342: class definition in method body https://srb.help/2001
     342 |class ActionDispatch::Journey::Format::Parameter < Struct
          ^^^^^

sorbet/rbi/gems/actionpack.rbi:354: module definition in method body https://srb.help/2001
     354 |module ActionDispatch::Journey::Visitors
          ^^^^^^

sorbet/rbi/gems/actionpack.rbi:356: class definition in method body https://srb.help/2001
     356 |class ActionDispatch::Journey::Visitors::Visitor
          ^^^^^

sorbet/rbi/gems/actionpack.rbi:372: class definition in method body https://srb.help/2001
     372 |class ActionDispatch::Journey::Visitors::FunctionalVisitor
          ^^^^^

sorbet/rbi/gems/actionpack.rbi:388: class definition in method body https://srb.help/2001
     388 |class ActionDispatch::Journey::Visitors::FormatBuilder < ActionDispatch::Journey::Visitors::Visitor
          ^^^^^

sorbet/rbi/gems/actionpack.rbi:396: class definition in method body https://srb.help/2001
     396 |class ActionDispatch::Journey::Visitors::Each < ActionDispatch::Journey::Visitors::FunctionalVisitor
          ^^^^^

sorbet/rbi/gems/actionpack.rbi:399: class definition in method body https://srb.help/2001
     399 |class ActionDispatch::Journey::Visitors::String < ActionDispatch::Journey::Visitors::FunctionalVisitor
          ^^^^^

sorbet/rbi/gems/actionpack.rbi:405: class definition in method body https://srb.help/2001
     405 |class ActionDispatch::Journey::Visitors::Dot < ActionDispatch::Journey::Visitors::FunctionalVisitor
          ^^^^^

sorbet/rbi/gems/actionpack.rbi:417: class definition in method body https://srb.help/2001
     417 |class ActionDispatch::Journey::Ast
          ^^^^^

sorbet/rbi/gems/actionpack.rbi:432: module definition in method body https://srb.help/2001
     432 |module ActionDispatch::Journey::Nodes
          ^^^^^^

sorbet/rbi/gems/actionpack.rbi:434: class definition in method body https://srb.help/2001
     434 |class ActionDispatch::Journey::Nodes::Node
          ^^^^^

sorbet/rbi/gems/actionpack.rbi:454: class definition in method body https://srb.help/2001
     454 |class ActionDispatch::Journey::Nodes::Terminal < ActionDispatch::Journey::Nodes::Node
          ^^^^^

sorbet/rbi/gems/actionpack.rbi:458: class definition in method body https://srb.help/2001
     458 |class ActionDispatch::Journey::Nodes::Literal < ActionDispatch::Journey::Nodes::Terminal
          ^^^^^

sorbet/rbi/gems/actionpack.rbi:462: class definition in method body https://srb.help/2001
     462 |class ActionDispatch::Journey::Nodes::Dummy < ActionDispatch::Journey::Nodes::Literal
          ^^^^^

sorbet/rbi/gems/actionpack.rbi:466: class definition in method body https://srb.help/2001
     466 |class ActionDispatch::Journey::Nodes::Slash < ActionDispatch::Journey::Nodes::Terminal
          ^^^^^

sorbet/rbi/gems/actionpack.rbi:469: class definition in method body https://srb.help/2001
     469 |class ActionDispatch::Journey::Nodes::Dot < ActionDispatch::Journey::Nodes::Terminal
          ^^^^^

sorbet/rbi/gems/actionpack.rbi:472: class definition in method body https://srb.help/2001
     472 |class ActionDispatch::Journey::Nodes::Symbol < ActionDispatch::Journey::Nodes::Terminal
          ^^^^^

sorbet/rbi/gems/actionpack.rbi:481: class definition in method body https://srb.help/2001
     481 |class ActionDispatch::Journey::Nodes::Unary < ActionDispatch::Journey::Nodes::Node
          ^^^^^

sorbet/rbi/gems/actionpack.rbi:484: class definition in method body https://srb.help/2001
     484 |class ActionDispatch::Journey::Nodes::Group < ActionDispatch::Journey::Nodes::Unary
          ^^^^^

sorbet/rbi/gems/actionpack.rbi:488: class definition in method body https://srb.help/2001
     488 |class ActionDispatch::Journey::Nodes::Star < ActionDispatch::Journey::Nodes::Unary
          ^^^^^

sorbet/rbi/gems/actionpack.rbi:496: class definition in method body https://srb.help/2001
     496 |class ActionDispatch::Journey::Nodes::Binary < ActionDispatch::Journey::Nodes::Node
          ^^^^^

sorbet/rbi/gems/actionpack.rbi:502: class definition in method body https://srb.help/2001
     502 |class ActionDispatch::Journey::Nodes::Cat < ActionDispatch::Journey::Nodes::Binary
          ^^^^^

sorbet/rbi/gems/actionpack.rbi:506: class definition in method body https://srb.help/2001
     506 |class ActionDispatch::Journey::Nodes::Or < ActionDispatch::Journey::Nodes::Node
          ^^^^^

sorbet/rbi/gems/actionpack.rbi:511: class definition in method body https://srb.help/2001
     511 |class ActionDispatch::Journey::Parser < Racc::Parser
          ^^^^^

sorbet/rbi/gems/actionpack.rbi:529: class definition in method body https://srb.help/2001
     529 |class ActionDispatch::Journey::Route
          ^^^^^

sorbet/rbi/gems/actionpack.rbi:562: module definition in method body https://srb.help/2001
     562 |module ActionDispatch::Journey::Route::VerbMatchers
          ^^^^^^

sorbet/rbi/gems/actionpack.rbi:564: class definition in method body https://srb.help/2001
     564 |class ActionDispatch::Journey::Route::VerbMatchers::DELETE
          ^^^^^

sorbet/rbi/gems/actionpack.rbi:568: class definition in method body https://srb.help/2001
     568 |class ActionDispatch::Journey::Route::VerbMatchers::GET
          ^^^^^

sorbet/rbi/gems/actionpack.rbi:572: class definition in method body https://srb.help/2001
     572 |class ActionDispatch::Journey::Route::VerbMatchers::HEAD
          ^^^^^

sorbet/rbi/gems/actionpack.rbi:576: class definition in method body https://srb.help/2001
     576 |class ActionDispatch::Journey::Route::VerbMatchers::OPTIONS
          ^^^^^

sorbet/rbi/gems/actionpack.rbi:580: class definition in method body https://srb.help/2001
     580 |class ActionDispatch::Journey::Route::VerbMatchers::LINK
          ^^^^^

sorbet/rbi/gems/actionpack.rbi:584: class definition in method body https://srb.help/2001
     584 |class ActionDispatch::Journey::Route::VerbMatchers::PATCH
          ^^^^^

sorbet/rbi/gems/actionpack.rbi:588: class definition in method body https://srb.help/2001
     588 |class ActionDispatch::Journey::Route::VerbMatchers::POST
          ^^^^^

sorbet/rbi/gems/actionpack.rbi:592: class definition in method body https://srb.help/2001
     592 |class ActionDispatch::Journey::Route::VerbMatchers::PUT
          ^^^^^

sorbet/rbi/gems/actionpack.rbi:596: class definition in method body https://srb.help/2001
     596 |class ActionDispatch::Journey::Route::VerbMatchers::TRACE
          ^^^^^

sorbet/rbi/gems/actionpack.rbi:600: class definition in method body https://srb.help/2001
     600 |class ActionDispatch::Journey::Route::VerbMatchers::UNLINK
          ^^^^^

sorbet/rbi/gems/actionpack.rbi:604: class definition in method body https://srb.help/2001
     604 |class ActionDispatch::Journey::Route::VerbMatchers::Unknown
          ^^^^^

sorbet/rbi/gems/actionpack.rbi:609: class definition in method body https://srb.help/2001
     609 |class ActionDispatch::Journey::Route::VerbMatchers::All
          ^^^^^

sorbet/rbi/gems/actionpack.rbi:613: module definition in method body https://srb.help/2001
     613 |module ActionDispatch::Journey::Path
          ^^^^^^

sorbet/rbi/gems/actionpack.rbi:615: class definition in method body https://srb.help/2001
     615 |class ActionDispatch::Journey::Path::Pattern
          ^^^^^

sorbet/rbi/gems/actionpack.rbi:636: class definition in method body https://srb.help/2001
     636 |class ActionDispatch::Journey::Path::Pattern::AnchoredRegexp < ActionDispatch::Journey::Visitors::Visitor
          ^^^^^

sorbet/rbi/gems/actionpack.rbi:648: class definition in method body https://srb.help/2001
     648 |class ActionDispatch::Journey::Path::Pattern::UnanchoredRegexp < ActionDispatch::Journey::Path::Pattern::AnchoredRegexp
          ^^^^^

sorbet/rbi/gems/actionpack.rbi:651: class definition in method body https://srb.help/2001
     651 |class ActionDispatch::Journey::Path::Pattern::MatchData
          ^^^^^

sorbet/rbi/gems/actionpack.rbi:661: module definition in method body https://srb.help/2001
     661 |module ActionDispatch::Journey::NFA
          ^^^^^^

sorbet/rbi/gems/actionpack.rbi:663: module definition in method body https://srb.help/2001
     663 |module ActionDispatch::Journey::NFA::Dot
          ^^^^^^

sorbet/rbi/gems/actionpack.rbi:666: module definition in method body https://srb.help/2001
     666 |module ActionDispatch::Journey::GTG
          ^^^^^^

sorbet/rbi/gems/actionpack.rbi:668: class definition in method body https://srb.help/2001
     668 |class ActionDispatch::Journey::GTG::TransitionTable
          ^^^^^

sorbet/rbi/gems/actionpack.rbi:687: class definition in method body https://srb.help/2001
     687 |class ActionDispatch::Journey::GTG::Builder
          ^^^^^

sorbet/rbi/gems/actionpack.rbi:699: class definition in method body https://srb.help/2001
     699 |class ActionDispatch::Journey::GTG::MatchData
          ^^^^^

sorbet/rbi/gems/actionpack.rbi:703: class definition in method body https://srb.help/2001
     703 |class ActionDispatch::Journey::GTG::Simulator
          ^^^^^

sorbet/rbi/gems/actionpack.rbi:708: class definition in method body https://srb.help/2001
     708 |class ActionDispatch::Routing::Endpoint
          ^^^^^

sorbet/rbi/gems/actionpack.rbi:716: module definition in method body https://srb.help/2001
     716 |module ActionDispatch::Routing::PolymorphicRoutes
          ^^^^^^

sorbet/rbi/gems/actionpack.rbi:727: class definition in method body https://srb.help/2001
     727 |class ActionDispatch::Routing::PolymorphicRoutes::HelperMethodBuilder
          ^^^^^

sorbet/rbi/gems/actionpack.rbi:753: unexpected token "," https://srb.help/2001
     753 |  def initialize(**, ****, &&); end
                             ^

sorbet/rbi/gems/actionpack.rbi:749: module definition in method body https://srb.help/2001
     749 |module ActionDispatch::Routing::UrlFor
          ^^^^^^

sorbet/rbi/gems/actionpack.rbi:760: unexpected token "end" https://srb.help/2001
     760 |end
          ^^^

sorbet/rbi/gems/actionpack.rbi:761: class definition in method body https://srb.help/2001
     761 |class ActionDispatch::Routing::RouteSet
          ^^^^^

sorbet/rbi/gems/actionpack.rbi:818: class definition in method body https://srb.help/2001
     818 |class ActionDispatch::Routing::RouteSet::Dispatcher < ActionDispatch::Routing::Endpoint
          ^^^^^

sorbet/rbi/gems/actionpack.rbi:825: class definition in method body https://srb.help/2001
     825 |class ActionDispatch::Routing::RouteSet::StaticDispatcher < ActionDispatch::Routing::RouteSet::Dispatcher
          ^^^^^

sorbet/rbi/gems/actionpack.rbi:829: class definition in method body https://srb.help/2001
     829 |class ActionDispatch::Routing::RouteSet::NamedRouteCollection
          ^^^^^

sorbet/rbi/gems/actionpack.rbi:850: class definition in method body https://srb.help/2001
     850 |class ActionDispatch::Routing::RouteSet::NamedRouteCollection::UrlHelper
          ^^^^^

sorbet/rbi/gems/actionpack.rbi:858: class definition in method body https://srb.help/2001
     858 |class ActionDispatch::Routing::RouteSet::NamedRouteCollection::UrlHelper::OptimizedUrlHelper < ActionDispatch::Routing::RouteSet::NamedRouteCollection::UrlHelper
          ^^^^^

sorbet/rbi/gems/actionpack.rbi:867: class definition in method body https://srb.help/2001
     867 |class ActionDispatch::Routing::RouteSet::Config < Struct
          ^^^^^

sorbet/rbi/gems/actionpack.rbi:878: module definition in method body https://srb.help/2001
     878 |module ActionDispatch::Routing::RouteSet::MountedHelpers
          ^^^^^^

sorbet/rbi/gems/actionpack.rbi:882: class definition in method body https://srb.help/2001
     882 |class ActionDispatch::Routing::RouteSet::CustomUrlHelper
          ^^^^^

sorbet/rbi/gems/actionpack.rbi:891: class definition in method body https://srb.help/2001
     891 |class ActionDispatch::Routing::RouteSet::Generator
          ^^^^^

sorbet/rbi/gems/actionpack.rbi:909: module definition in method body https://srb.help/2001
     909 |module Mime
          ^^^^^^

sorbet/rbi/gems/actionpack.rbi:913: class definition in method body https://srb.help/2001
     913 |class Mime::Mimes
          ^^^^^

sorbet/rbi/gems/actionpack.rbi:921: class definition in method body https://srb.help/2001
     921 |class Mime::Type
          ^^^^^

sorbet/rbi/gems/actionpack.rbi:952: class definition in method body https://srb.help/2001
     952 |class Mime::Type::AcceptItem
          ^^^^^

sorbet/rbi/gems/actionpack.rbi:963: class definition in method body https://srb.help/2001
     963 |class Mime::Type::AcceptList
          ^^^^^

sorbet/rbi/gems/actionpack.rbi:967: class definition in method body https://srb.help/2001
     967 |class Mime::Type::InvalidMimeType < StandardError
          ^^^^^

sorbet/rbi/gems/actionpack.rbi:974: unexpected token "**" https://srb.help/2001
     974 |  def self.new(*arg0, ****); end
                                  ^^

sorbet/rbi/gems/actionpack.rbi:969: class definition in method body https://srb.help/2001
     969 |class Mime::AllType < Mime::Type
          ^^^^^

sorbet/rbi/gems/actionpack.rbi:977: unexpected token "end" https://srb.help/2001
     977 |end
          ^^^

sorbet/rbi/gems/actionpack.rbi:984: unexpected token "**" https://srb.help/2001
     984 |  def self.new(*arg0, ****); end
                                  ^^

sorbet/rbi/gems/actionpack.rbi:978: class definition in method body https://srb.help/2001
     978 |class Mime::NullType
          ^^^^^

sorbet/rbi/gems/actionpack.rbi:988: unexpected token "end" https://srb.help/2001
     988 |end
          ^^^

sorbet/rbi/gems/actionpack.rbi:989: class definition in method body https://srb.help/2001
     989 |class ActionDispatch::HostAuthorization
          ^^^^^

sorbet/rbi/gems/actionpack.rbi:991: class definition in method body https://srb.help/2001
     991 |class ActionDispatch::HostAuthorization::Permissions
          ^^^^^

sorbet/rbi/gems/actionpack.rbi:993: class definition in method body https://srb.help/2001
     993 |class ActionDispatch::HostAuthorization::DefaultResponseApp
          ^^^^^

sorbet/rbi/gems/actionpack.rbi:995: module definition in method body https://srb.help/2001
     995 |module ActionDispatch::Http::URL
          ^^^^^^

sorbet/rbi/gems/actionpack.rbi:997: class definition in method body https://srb.help/2001
     997 |class ActionDispatch::ExceptionWrapper
          ^^^^^

sorbet/rbi/gems/actionpack.rbi:999: module definition in method body https://srb.help/2001
     999 |module ActionDispatch::RequestCookieMethods
          ^^^^^^

sorbet/rbi/gems/actionpack.rbi:1001: class definition in method body https://srb.help/2001
    1001 |class ActionDispatch::Cookies
          ^^^^^

sorbet/rbi/gems/actionpack.rbi:1003: class definition in method body https://srb.help/2001
    1003 |class ActionDispatch::Cookies::CookieOverflow < StandardError
          ^^^^^

sorbet/rbi/gems/actionpack.rbi:1005: module definition in method body https://srb.help/2001
    1005 |module ActionDispatch::Cookies::ChainedCookieJars
          ^^^^^^

sorbet/rbi/gems/actionpack.rbi:1007: class definition in method body https://srb.help/2001
    1007 |class ActionDispatch::Cookies::CookieJar
          ^^^^^

sorbet/rbi/gems/actionpack.rbi:1010: class definition in method body https://srb.help/2001
    1010 |class ActionDispatch::Cookies::AbstractCookieJar
          ^^^^^

sorbet/rbi/gems/actionpack.rbi:1013: class definition in method body https://srb.help/2001
    1013 |class ActionDispatch::Cookies::PermanentCookieJar < ActionDispatch::Cookies::AbstractCookieJar
          ^^^^^

sorbet/rbi/gems/actionpack.rbi:1015: class definition in method body https://srb.help/2001
    1015 |class ActionDispatch::Cookies::MarshalWithJsonFallback
          ^^^^^

sorbet/rbi/gems/actionpack.rbi:1017: class definition in method body https://srb.help/2001
    1017 |class ActionDispatch::Cookies::JsonSerializer
          ^^^^^

sorbet/rbi/gems/actionpack.rbi:1019: module definition in method body https://srb.help/2001
    1019 |module ActionDispatch::Cookies::SerializedCookieJars
          ^^^^^^

sorbet/rbi/gems/actionpack.rbi:1021: class definition in method body https://srb.help/2001
    1021 |class ActionDispatch::Cookies::SignedKeyRotatingCookieJar < ActionDispatch::Cookies::AbstractCookieJar
          ^^^^^

sorbet/rbi/gems/actionpack.rbi:1024: class definition in method body https://srb.help/2001
    1024 |class ActionDispatch::Cookies::EncryptedKeyRotatingCookieJar < ActionDispatch::Cookies::AbstractCookieJar
          ^^^^^

sorbet/rbi/gems/actionpack.rbi:1027: module definition in method body https://srb.help/2001
    1027 |module AbstractController::Helpers
          ^^^^^^

sorbet/rbi/gems/actionpack.rbi:1030: class definition in method body https://srb.help/2001
    1030 |class AbstractController::Helpers::MissingHelperError < LoadError
          ^^^^^

sorbet/rbi/gems/actionpack.rbi:1032: module definition in method body https://srb.help/2001
    1032 |module AbstractController::Helpers::ClassMethods
          ^^^^^^

sorbet/rbi/gems/actionpack.rbi:1034: module definition in method body https://srb.help/2001
    1034 |module ActionController::Helpers
          ^^^^^^

sorbet/rbi/gems/actionpack.rbi:1038: module definition in method body https://srb.help/2001
    1038 |module ActionController::Helpers::ClassMethods
          ^^^^^^

sorbet/rbi/gems/actionpack.rbi:1040: class definition in method body https://srb.help/2001
    1040 |class ActionDispatch::Callbacks
          ^^^^^

sorbet/rbi/gems/actionpack.rbi:1045: module definition in method body https://srb.help/2001
    1045 |module ActionController::ApiRendering
          ^^^^^^

sorbet/rbi/gems/actionpack.rbi:1048: class definition in method body https://srb.help/2001
    1048 |class ActionDispatch::Routing::RouteWrapper < SimpleDelegator
          ^^^^^

sorbet/rbi/gems/actionpack.rbi:1050: class definition in method body https://srb.help/2001
    1050 |class ActionDispatch::Routing::RoutesInspector
          ^^^^^

sorbet/rbi/gems/actionpack.rbi:1052: module definition in method body https://srb.help/2001
    1052 |module ActionDispatch::Routing::ConsoleFormatter
          ^^^^^^

sorbet/rbi/gems/actionpack.rbi:1054: class definition in method body https://srb.help/2001
    1054 |class ActionDispatch::Routing::ConsoleFormatter::Base
          ^^^^^

sorbet/rbi/gems/actionpack.rbi:1056: class definition in method body https://srb.help/2001
    1056 |class ActionDispatch::Routing::ConsoleFormatter::Sheet < ActionDispatch::Routing::ConsoleFormatter::Base
          ^^^^^

sorbet/rbi/gems/actionpack.rbi:1058: class definition in method body https://srb.help/2001
    1058 |class ActionDispatch::Routing::ConsoleFormatter::Expanded < ActionDispatch::Routing::ConsoleFormatter::Base
          ^^^^^

sorbet/rbi/gems/actionpack.rbi:1060: class definition in method body https://srb.help/2001
    1060 |class ActionDispatch::Routing::HtmlTableFormatter
          ^^^^^

sorbet/rbi/gems/actionpack.rbi:1062: class definition in method body https://srb.help/2001
    1062 |class ActionDispatch::DebugExceptions
          ^^^^^

sorbet/rbi/gems/actionpack.rbi:1064: class definition in method body https://srb.help/2001
    1064 |class ActionDispatch::Http::Headers
          ^^^^^

sorbet/rbi/gems/actionpack.rbi:1067: module definition in method body https://srb.help/2001
    1067 |module ActionDispatch::Http::Cache
          ^^^^^^

sorbet/rbi/gems/actionpack.rbi:1069: module definition in method body https://srb.help/2001
    1069 |module ActionDispatch::Http::Cache::Request
          ^^^^^^

sorbet/rbi/gems/actionpack.rbi:1071: module definition in method body https://srb.help/2001
    1071 |module ActionDispatch::Http::Cache::Response
          ^^^^^^

sorbet/rbi/gems/actionpack.rbi:1073: module definition in method body https://srb.help/2001
    1073 |module ActionDispatch::Http::Parameters
          ^^^^^^

sorbet/rbi/gems/actionpack.rbi:1076: class definition in method body https://srb.help/2001
    1076 |class ActionDispatch::Http::Parameters::ParseError < StandardError
          ^^^^^

sorbet/rbi/gems/actionpack.rbi:1078: module definition in method body https://srb.help/2001
    1078 |module ActionDispatch::Http::Parameters::ClassMethods
          ^^^^^^

sorbet/rbi/gems/actionpack.rbi:1080: module definition in method body https://srb.help/2001
    1080 |module ActionDispatch::Http::MimeNegotiation
          ^^^^^^

sorbet/rbi/gems/actionpack.rbi:1083: class definition in method body https://srb.help/2001
    1083 |class ActionDispatch::Http::MimeNegotiation::InvalidType < Mime::Type::InvalidMimeType
          ^^^^^

sorbet/rbi/gems/actionpack.rbi:1085: module definition in method body https://srb.help/2001
    1085 |module ActionDispatch::Http::FilterParameters
          ^^^^^^

sorbet/rbi/gems/actionpack.rbi:1087: class definition in method body https://srb.help/2001
    1087 |class ActionDispatch::ContentSecurityPolicy
          ^^^^^

sorbet/rbi/gems/actionpack.rbi:1089: class definition in method body https://srb.help/2001
    1089 |class ActionDispatch::ContentSecurityPolicy::Middleware
          ^^^^^

sorbet/rbi/gems/actionpack.rbi:1091: module definition in method body https://srb.help/2001
    1091 |module ActionDispatch::ContentSecurityPolicy::Request
          ^^^^^^

sorbet/rbi/gems/actionpack.rbi:1093: class definition in method body https://srb.help/2001
    1093 |class ActionDispatch::PermissionsPolicy
          ^^^^^

sorbet/rbi/gems/actionpack.rbi:1095: class definition in method body https://srb.help/2001
    1095 |class ActionDispatch::PermissionsPolicy::Middleware
          ^^^^^

sorbet/rbi/gems/actionpack.rbi:1097: module definition in method body https://srb.help/2001
    1097 |module ActionDispatch::PermissionsPolicy::Request
          ^^^^^^

sorbet/rbi/gems/actionpack.rbi:1099: class definition in method body https://srb.help/2001
    1099 |class ActionDispatch::Request
          ^^^^^

sorbet/rbi/gems/actionpack.rbi:1112: class definition in method body https://srb.help/2001
    1112 |class ActionDispatch::Request::Utils
          ^^^^^

sorbet/rbi/gems/actionpack.rbi:1114: class definition in method body https://srb.help/2001
    1114 |class ActionDispatch::Request::Utils::ParamEncoder
          ^^^^^

sorbet/rbi/gems/actionpack.rbi:1116: class definition in method body https://srb.help/2001
    1116 |class ActionDispatch::Request::Utils::NoNilParamEncoder < ActionDispatch::Request::Utils::ParamEncoder
          ^^^^^

sorbet/rbi/gems/actionpack.rbi:1118: class definition in method body https://srb.help/2001
    1118 |class ActionDispatch::Request::Utils::CustomParamEncoder
          ^^^^^

sorbet/rbi/gems/actionpack.rbi:1120: class definition in method body https://srb.help/2001
    1120 |class ActionDispatch::Request::PASS_NOT_FOUND
          ^^^^^

sorbet/rbi/gems/actionpack.rbi:1122: class definition in method body https://srb.help/2001
    1122 |class ActionDispatch::RemoteIp
          ^^^^^

sorbet/rbi/gems/actionpack.rbi:1124: class definition in method body https://srb.help/2001
    1124 |class ActionDispatch::RemoteIp::IpSpoofAttackError < StandardError
          ^^^^^

sorbet/rbi/gems/actionpack.rbi:1126: class definition in method body https://srb.help/2001
    1126 |class ActionDispatch::RemoteIp::GetIp
          ^^^^^

sorbet/rbi/gems/actionpack.rbi:1128: class definition in method body https://srb.help/2001
    1128 |class ActionDispatch::MiddlewareStack
          ^^^^^

sorbet/rbi/gems/actionpack.rbi:1131: class definition in method body https://srb.help/2001
    1131 |class ActionDispatch::MiddlewareStack::Middleware
          ^^^^^

sorbet/rbi/gems/actionpack.rbi:1133: class definition in method body https://srb.help/2001
    1133 |class ActionDispatch::MiddlewareStack::InstrumentationProxy
          ^^^^^

sorbet/rbi/gems/actionpack.rbi:1135: class definition in method body https://srb.help/2001
    1135 |class ActionDispatch::Static
          ^^^^^

sorbet/rbi/gems/actionpack.rbi:1137: class definition in method body https://srb.help/2001
    1137 |class ActionDispatch::FileHandler
          ^^^^^

sorbet/rbi/gems/actionpack.rbi:1139: class definition in method body https://srb.help/2001
    1139 |class ActionDispatch::Executor
          ^^^^^

sorbet/rbi/gems/actionpack.rbi:1141: class definition in method body https://srb.help/2001
    1141 |class ActionDispatch::ServerTiming
          ^^^^^

sorbet/rbi/gems/actionpack.rbi:1143: class definition in method body https://srb.help/2001
    1143 |class ActionDispatch::RequestId
          ^^^^^

sorbet/rbi/gems/actionpack.rbi:1145: class definition in method body https://srb.help/2001
    1145 |class ActionDispatch::ShowExceptions
          ^^^^^

sorbet/rbi/gems/actionpack.rbi:1147: class definition in method body https://srb.help/2001
    1147 |class ActionDispatch::PublicExceptions
          ^^^^^

sorbet/rbi/gems/actionpack.rbi:1149: class definition in method body https://srb.help/2001
    1149 |class ActionDispatch::ActionableExceptions
          ^^^^^

sorbet/rbi/gems/actionpack.rbi:1151: class definition in method body https://srb.help/2001
    1151 |class ActionDispatch::Reloader < ActionDispatch::Executor
          ^^^^^

sorbet/rbi/gems/actionpack.rbi:1153: class definition in method body https://srb.help/2001
    1153 |class ActionDispatch::Request::Session
          ^^^^^

sorbet/rbi/gems/actionpack.rbi:1155: class definition in method body https://srb.help/2001
    1155 |class ActionDispatch::Request::Session::DisabledSessionError < StandardError
          ^^^^^

sorbet/rbi/gems/actionpack.rbi:1157: class definition in method body https://srb.help/2001
    1157 |class ActionDispatch::Request::Session::Options
          ^^^^^

sorbet/rbi/gems/actionpack.rbi:1159: class definition in method body https://srb.help/2001
    1159 |class ActionDispatch::Session::SessionRestoreError < StandardError
          ^^^^^

sorbet/rbi/gems/actionpack.rbi:1161: module definition in method body https://srb.help/2001
    1161 |module ActionDispatch::Session::Compatibility
          ^^^^^^

sorbet/rbi/gems/actionpack.rbi:1163: module definition in method body https://srb.help/2001
    1163 |module ActionDispatch::Session::StaleSessionCheck
          ^^^^^^

sorbet/rbi/gems/actionpack.rbi:1165: module definition in method body https://srb.help/2001
    1165 |module ActionDispatch::Session::SessionObject
          ^^^^^^

sorbet/rbi/gems/actionpack.rbi:1167: class definition in method body https://srb.help/2001
    1167 |class ActionDispatch::Session::AbstractStore < Rack::Session::Abstract::Persisted
          ^^^^^

sorbet/rbi/gems/actionpack.rbi:1172: class definition in method body https://srb.help/2001
    1172 |class ActionDispatch::Session::AbstractSecureStore < Rack::Session::Abstract::PersistedSecure
          ^^^^^

sorbet/rbi/gems/actionpack.rbi:1177: class definition in method body https://srb.help/2001
    1177 |class ActionDispatch::Session::CookieStore < ActionDispatch::Session::AbstractSecureStore
          ^^^^^

sorbet/rbi/gems/actionpack.rbi:1179: class definition in method body https://srb.help/2001
    1179 |class ActionDispatch::Session::CookieStore::SessionId < Anonymous_Delegator_2
          ^^^^^

sorbet/rbi/gems/actionpack.rbi:1181: class definition in method body https://srb.help/2001
    1181 |class ActionDispatch::Flash
          ^^^^^

sorbet/rbi/gems/actionpack.rbi:1183: module definition in method body https://srb.help/2001
    1183 |module ActionDispatch::Flash::RequestMethods
          ^^^^^^

sorbet/rbi/gems/actionpack.rbi:1185: class definition in method body https://srb.help/2001
    1185 |class ActionDispatch::Flash::FlashNow
          ^^^^^

sorbet/rbi/gems/actionpack.rbi:1187: class definition in method body https://srb.help/2001
    1187 |class ActionDispatch::Flash::FlashHash
          ^^^^^

sorbet/rbi/gems/actionpack.rbi:1190: class definition in method body https://srb.help/2001
    1190 |class ActionDispatch::Routing::Redirect < ActionDispatch::Routing::Endpoint
          ^^^^^

sorbet/rbi/gems/actionpack.rbi:1192: class definition in method body https://srb.help/2001
    1192 |class ActionDispatch::Routing::PathRedirect < ActionDispatch::Routing::Redirect
          ^^^^^

sorbet/rbi/gems/actionpack.rbi:1194: class definition in method body https://srb.help/2001
    1194 |class ActionDispatch::Routing::OptionRedirect < ActionDispatch::Routing::Redirect
          ^^^^^

sorbet/rbi/gems/actionpack.rbi:1196: module definition in method body https://srb.help/2001
    1196 |module ActionDispatch::Routing::Redirection
          ^^^^^^

sorbet/rbi/gems/actionpack.rbi:1198: class definition in method body https://srb.help/2001
    1198 |class ActionDispatch::Routing::Mapper
          ^^^^^

sorbet/rbi/gems/actionpack.rbi:1207: class definition in method body https://srb.help/2001
    1207 |class ActionDispatch::Routing::Mapper::Constraints < ActionDispatch::Routing::Endpoint
          ^^^^^

sorbet/rbi/gems/actionpack.rbi:1209: class definition in method body https://srb.help/2001
    1209 |class ActionDispatch::Routing::Mapper::Mapping
          ^^^^^

sorbet/rbi/gems/actionpack.rbi:1211: module definition in method body https://srb.help/2001
    1211 |module ActionDispatch::Routing::Mapper::Base
          ^^^^^^

sorbet/rbi/gems/actionpack.rbi:1213: module definition in method body https://srb.help/2001
    1213 |module ActionDispatch::Routing::Mapper::HttpHelpers
          ^^^^^^

sorbet/rbi/gems/actionpack.rbi:1215: module definition in method body https://srb.help/2001
    1215 |module ActionDispatch::Routing::Mapper::Scoping
          ^^^^^^

sorbet/rbi/gems/actionpack.rbi:1217: module definition in method body https://srb.help/2001
    1217 |module ActionDispatch::Routing::Mapper::Resources
          ^^^^^^

sorbet/rbi/gems/actionpack.rbi:1219: class definition in method body https://srb.help/2001
    1219 |class ActionDispatch::Routing::Mapper::Resources::Resource
          ^^^^^

sorbet/rbi/gems/actionpack.rbi:1221: class definition in method body https://srb.help/2001
    1221 |class ActionDispatch::Routing::Mapper::Resources::SingletonResource < ActionDispatch::Routing::Mapper::Resources::Resource
          ^^^^^

sorbet/rbi/gems/actionpack.rbi:1223: module definition in method body https://srb.help/2001
    1223 |module ActionDispatch::Routing::Mapper::Concerns
          ^^^^^^

sorbet/rbi/gems/actionpack.rbi:1225: module definition in method body https://srb.help/2001
    1225 |module ActionDispatch::Routing::Mapper::CustomUrls
          ^^^^^^

sorbet/rbi/gems/actionpack.rbi:1227: class definition in method body https://srb.help/2001
    1227 |class ActionDispatch::Routing::Mapper::Scope
          ^^^^^

sorbet/rbi/gems/actionpack.rbi:1230: class definition in method body https://srb.help/2001
    1230 |class ActionController::LogSubscriber < ActiveSupport::LogSubscriber
          ^^^^^

sorbet/rbi/gems/actionpack.rbi:1232: module definition in method body https://srb.help/2001
    1232 |module ActionController::ParamsWrapper
          ^^^^^^

sorbet/rbi/gems/actionpack.rbi:1235: class definition in method body https://srb.help/2001
    1235 |class ActionController::ParamsWrapper::Options < Anonymous_Struct_3
          ^^^^^

sorbet/rbi/gems/actionpack.rbi:1238: module definition in method body https://srb.help/2001
    1238 |module ActionController::ParamsWrapper::ClassMethods
          ^^^^^^

sorbet/rbi/gems/actionpack.rbi:1240: class definition in method body https://srb.help/2001
    1240 |class AbstractController::Error < StandardError
          ^^^^^

sorbet/rbi/gems/actionpack.rbi:1242: class definition in method body https://srb.help/2001
    1242 |class AbstractController::ActionNotFound < StandardError
          ^^^^^

sorbet/rbi/gems/actionpack.rbi:1245: class definition in method body https://srb.help/2001
    1245 |class AbstractController::Base
          ^^^^^

sorbet/rbi/gems/actionpack.rbi:1250: class definition in method body https://srb.help/2001
    1250 |class ActionController::MiddlewareStack < ActionDispatch::MiddlewareStack
          ^^^^^

sorbet/rbi/gems/actionpack.rbi:1252: class definition in method body https://srb.help/2001
    1252 |class ActionController::MiddlewareStack::Middleware < ActionDispatch::MiddlewareStack::Middleware
          ^^^^^

sorbet/rbi/gems/actionpack.rbi:1254: class definition in method body https://srb.help/2001
    1254 |class ActionController::Metal < AbstractController::Base
          ^^^^^

sorbet/rbi/gems/actionpack.rbi:1257: class definition in method body https://srb.help/2001
    1257 |class AbstractController::DoubleRenderError < AbstractController::Error
          ^^^^^

sorbet/rbi/gems/actionpack.rbi:1259: module definition in method body https://srb.help/2001
    1259 |module AbstractController::Rendering
          ^^^^^^

sorbet/rbi/gems/actionpack.rbi:1263: module definition in method body https://srb.help/2001
    1263 |module AbstractController::Translation
          ^^^^^^

sorbet/rbi/gems/actionpack.rbi:1265: module definition in method body https://srb.help/2001
    1265 |module AbstractController::AssetPaths
          ^^^^^^

sorbet/rbi/gems/actionpack.rbi:1268: module definition in method body https://srb.help/2001
    1268 |module AbstractController::UrlFor
          ^^^^^^

sorbet/rbi/gems/actionpack.rbi:1272: module definition in method body https://srb.help/2001
    1272 |module AbstractController::UrlFor::ClassMethods
          ^^^^^^

sorbet/rbi/gems/actionpack.rbi:1274: module definition in method body https://srb.help/2001
    1274 |module ActionController::UrlFor
          ^^^^^^

sorbet/rbi/gems/actionpack.rbi:1278: module definition in method body https://srb.help/2001
    1278 |module AbstractController::Logger
          ^^^^^^

sorbet/rbi/gems/actionpack.rbi:1281: module definition in method body https://srb.help/2001
    1281 |module ActionController::Redirecting
          ^^^^^^

sorbet/rbi/gems/actionpack.rbi:1286: class definition in method body https://srb.help/2001
    1286 |class ActionController::Redirecting::UnsafeRedirectError < StandardError
          ^^^^^

sorbet/rbi/gems/actionpack.rbi:1288: module definition in method body https://srb.help/2001
    1288 |module ActionController::Rendering
          ^^^^^^

sorbet/rbi/gems/actionpack.rbi:1291: module definition in method body https://srb.help/2001
    1291 |module ActionController::Rendering::ClassMethods
          ^^^^^^

sorbet/rbi/gems/actionpack.rbi:1293: class definition in method body https://srb.help/2001
    1293 |class ActionController::MissingRenderer < LoadError
          ^^^^^

sorbet/rbi/gems/actionpack.rbi:1295: module definition in method body https://srb.help/2001
    1295 |module ActionController::Renderers
          ^^^^^^

sorbet/rbi/gems/actionpack.rbi:1298: module definition in method body https://srb.help/2001
    1298 |module ActionController::Renderers::All
          ^^^^^^

sorbet/rbi/gems/actionpack.rbi:1302: module definition in method body https://srb.help/2001
    1302 |module ActionController::Renderers::ClassMethods
          ^^^^^^

sorbet/rbi/gems/actionpack.rbi:1304: module definition in method body https://srb.help/2001
    1304 |module ActionController::Head
          ^^^^^^

sorbet/rbi/gems/actionpack.rbi:1306: module definition in method body https://srb.help/2001
    1306 |module ActionController::ConditionalGet
          ^^^^^^

sorbet/rbi/gems/actionpack.rbi:1310: module definition in method body https://srb.help/2001
    1310 |module ActionController::ConditionalGet::ClassMethods
          ^^^^^^

sorbet/rbi/gems/actionpack.rbi:1312: module definition in method body https://srb.help/2001
    1312 |module ActionController::EtagWithTemplateDigest
          ^^^^^^

sorbet/rbi/gems/actionpack.rbi:1316: module definition in method body https://srb.help/2001
    1316 |module ActionController::EtagWithFlash
          ^^^^^^

sorbet/rbi/gems/actionpack.rbi:1320: module definition in method body https://srb.help/2001
    1320 |module ActionController::Caching
          ^^^^^^

sorbet/rbi/gems/actionpack.rbi:1323: module definition in method body https://srb.help/2001
    1323 |module AbstractController::Collector
          ^^^^^^

sorbet/rbi/gems/actionpack.rbi:1325: module definition in method body https://srb.help/2001
    1325 |module ActionController::MimeResponds
          ^^^^^^

sorbet/rbi/gems/actionpack.rbi:1327: class definition in method body https://srb.help/2001
    1327 |class ActionController::MimeResponds::Collector
          ^^^^^

sorbet/rbi/gems/actionpack.rbi:1330: class definition in method body https://srb.help/2001
    1330 |class ActionController::MimeResponds::Collector::VariantCollector
          ^^^^^

sorbet/rbi/gems/actionpack.rbi:1332: module definition in method body https://srb.help/2001
    1332 |module ActionController::BasicImplicitRender
          ^^^^^^

sorbet/rbi/gems/actionpack.rbi:1334: module definition in method body https://srb.help/2001
    1334 |module ActionController::ImplicitRender
          ^^^^^^

sorbet/rbi/gems/actionpack.rbi:1337: module definition in method body https://srb.help/2001
    1337 |module ActionController::ParameterEncoding
          ^^^^^^

sorbet/rbi/gems/actionpack.rbi:1340: module definition in method body https://srb.help/2001
    1340 |module ActionController::ParameterEncoding::ClassMethods
          ^^^^^^

sorbet/rbi/gems/actionpack.rbi:1342: module definition in method body https://srb.help/2001
    1342 |module ActionController::Cookies
          ^^^^^^

sorbet/rbi/gems/actionpack.rbi:1345: module definition in method body https://srb.help/2001
    1345 |module ActionController::Flash
          ^^^^^^

sorbet/rbi/gems/actionpack.rbi:1348: module definition in method body https://srb.help/2001
    1348 |module ActionController::Flash::ClassMethods
          ^^^^^^

sorbet/rbi/gems/actionpack.rbi:1350: module definition in method body https://srb.help/2001
    1350 |module ActionController::FormBuilder
          ^^^^^^

sorbet/rbi/gems/actionpack.rbi:1353: module definition in method body https://srb.help/2001
    1353 |module ActionController::FormBuilder::ClassMethods
          ^^^^^^

sorbet/rbi/gems/actionpack.rbi:1355: module definition in method body https://srb.help/2001
    1355 |module AbstractController::Callbacks
          ^^^^^^

sorbet/rbi/gems/actionpack.rbi:1359: class definition in method body https://srb.help/2001
    1359 |class AbstractController::Callbacks::ActionFilter
          ^^^^^

sorbet/rbi/gems/actionpack.rbi:1361: module definition in method body https://srb.help/2001
    1361 |module AbstractController::Callbacks::ClassMethods
          ^^^^^^

sorbet/rbi/gems/actionpack.rbi:1363: class definition in method body https://srb.help/2001
    1363 |class ActionController::InvalidAuthenticityToken < ActionController::ActionControllerError
          ^^^^^

sorbet/rbi/gems/actionpack.rbi:1365: class definition in method body https://srb.help/2001
    1365 |class ActionController::InvalidCrossOriginRequest < ActionController::ActionControllerError
          ^^^^^

sorbet/rbi/gems/actionpack.rbi:1367: module definition in method body https://srb.help/2001
    1367 |module ActionController::RequestForgeryProtection
          ^^^^^^

sorbet/rbi/gems/actionpack.rbi:1372: module definition in method body https://srb.help/2001
    1372 |module ActionController::RequestForgeryProtection::ClassMethods
          ^^^^^^

sorbet/rbi/gems/actionpack.rbi:1374: module definition in method body https://srb.help/2001
    1374 |module ActionController::RequestForgeryProtection::ProtectionMethods
          ^^^^^^

sorbet/rbi/gems/actionpack.rbi:1376: class definition in method body https://srb.help/2001
    1376 |class ActionController::RequestForgeryProtection::ProtectionMethods::NullSession
          ^^^^^

sorbet/rbi/gems/actionpack.rbi:1378: class definition in method body https://srb.help/2001
    1378 |class ActionController::RequestForgeryProtection::ProtectionMethods::NullSession::NullSessionHash < Rack::Session::Abstract::SessionHash
          ^^^^^

sorbet/rbi/gems/actionpack.rbi:1380: class definition in method body https://srb.help/2001
    1380 |class ActionController::RequestForgeryProtection::ProtectionMethods::NullSession::NullCookieJar < ActionDispatch::Cookies::CookieJar
          ^^^^^

sorbet/rbi/gems/actionpack.rbi:1382: class definition in method body https://srb.help/2001
    1382 |class ActionController::RequestForgeryProtection::ProtectionMethods::ResetSession
          ^^^^^

sorbet/rbi/gems/actionpack.rbi:1384: class definition in method body https://srb.help/2001
    1384 |class ActionController::RequestForgeryProtection::ProtectionMethods::Exception
          ^^^^^

sorbet/rbi/gems/actionpack.rbi:1386: module definition in method body https://srb.help/2001
    1386 |module ActionController::ContentSecurityPolicy
          ^^^^^^

sorbet/rbi/gems/actionpack.rbi:1391: module definition in method body https://srb.help/2001
    1391 |module ActionController::ContentSecurityPolicy::ClassMethods
          ^^^^^^

sorbet/rbi/gems/actionpack.rbi:1393: module definition in method body https://srb.help/2001
    1393 |module ActionController::PermissionsPolicy
          ^^^^^^

sorbet/rbi/gems/actionpack.rbi:1396: module definition in method body https://srb.help/2001
    1396 |module ActionController::PermissionsPolicy::ClassMethods
          ^^^^^^

sorbet/rbi/gems/actionpack.rbi:1398: module definition in method body https://srb.help/2001
    1398 |module ActionController::Streaming
          ^^^^^^

sorbet/rbi/gems/actionpack.rbi:1400: module definition in method body https://srb.help/2001
    1400 |module ActionController::DataStreaming
          ^^^^^^

sorbet/rbi/gems/actionpack.rbi:1404: module definition in method body https://srb.help/2001
    1404 |module ActionController::HttpAuthentication
          ^^^^^^

sorbet/rbi/gems/actionpack.rbi:1406: module definition in method body https://srb.help/2001
    1406 |module ActionController::HttpAuthentication::Basic
          ^^^^^^

sorbet/rbi/gems/actionpack.rbi:1409: module definition in method body https://srb.help/2001
    1409 |module ActionController::HttpAuthentication::Basic::ControllerMethods
          ^^^^^^

sorbet/rbi/gems/actionpack.rbi:1412: module definition in method body https://srb.help/2001
    1412 |module ActionController::HttpAuthentication::Basic::ControllerMethods::ClassMethods
          ^^^^^^

sorbet/rbi/gems/actionpack.rbi:1414: module definition in method body https://srb.help/2001
    1414 |module ActionController::HttpAuthentication::Digest
          ^^^^^^

sorbet/rbi/gems/actionpack.rbi:1417: module definition in method body https://srb.help/2001
    1417 |module ActionController::HttpAuthentication::Digest::ControllerMethods
          ^^^^^^

sorbet/rbi/gems/actionpack.rbi:1419: module definition in method body https://srb.help/2001
    1419 |module ActionController::HttpAuthentication::Token
          ^^^^^^

sorbet/rbi/gems/actionpack.rbi:1422: module definition in method body https://srb.help/2001
    1422 |module ActionController::HttpAuthentication::Token::ControllerMethods
          ^^^^^^

sorbet/rbi/gems/actionpack.rbi:1424: module definition in method body https://srb.help/2001
    1424 |module ActionController::DefaultHeaders
          ^^^^^^

sorbet/rbi/gems/actionpack.rbi:1427: module definition in method body https://srb.help/2001
    1427 |module ActionController::DefaultHeaders::ClassMethods
          ^^^^^^

sorbet/rbi/gems/actionpack.rbi:1429: module definition in method body https://srb.help/2001
    1429 |module ActionController::Logging
          ^^^^^^

sorbet/rbi/gems/actionpack.rbi:1432: module definition in method body https://srb.help/2001
    1432 |module ActionController::Logging::ClassMethods
          ^^^^^^

sorbet/rbi/gems/actionpack.rbi:1434: module definition in method body https://srb.help/2001
    1434 |module ActionController::Rescue
          ^^^^^^

sorbet/rbi/gems/actionpack.rbi:1438: module definition in method body https://srb.help/2001
    1438 |module ActionController::Instrumentation
          ^^^^^^

sorbet/rbi/gems/actionpack.rbi:1442: module definition in method body https://srb.help/2001
    1442 |module ActionController::Instrumentation::ClassMethods
          ^^^^^^

sorbet/rbi/gems/actionpack.rbi:1444: module definition in method body https://srb.help/2001
    1444 |module AbstractController::Caching
          ^^^^^^

sorbet/rbi/gems/actionpack.rbi:1450: module definition in method body https://srb.help/2001
    1450 |module AbstractController::Caching::Fragments
          ^^^^^^

sorbet/rbi/gems/actionpack.rbi:1453: module definition in method body https://srb.help/2001
    1453 |module AbstractController::Caching::Fragments::ClassMethods
          ^^^^^^

sorbet/rbi/gems/actionpack.rbi:1455: module definition in method body https://srb.help/2001
    1455 |module AbstractController::Caching::ConfigMethods
          ^^^^^^

sorbet/rbi/gems/actionpack.rbi:1457: module definition in method body https://srb.help/2001
    1457 |module AbstractController::Caching::ClassMethods
          ^^^^^^

sorbet/rbi/gems/actionpack.rbi:1459: class definition in method body https://srb.help/2001
    1459 |class ActionController::Renderer
          ^^^^^

sorbet/rbi/gems/actionpack.rbi:1461: class definition in method body https://srb.help/2001
    1461 |class ActionController::API < ActionController::Metal
          ^^^^^

sorbet/rbi/gems/actionpack.rbi:1517: module definition in method body https://srb.help/2001
    1517 |module Anonymous_Module_4
          ^^^^^^

sorbet/rbi/gems/actionpack.rbi:1519: module definition in method body https://srb.help/2001
    1519 |module ActionController::API::HelperMethods
          ^^^^^^

sorbet/rbi/gems/actionpack.rbi:1521: module definition in method body https://srb.help/2001
    1521 |module ActionView::RoutingUrlFor
          ^^^^^^

sorbet/rbi/gems/actionpack.rbi:1525: class definition in method body https://srb.help/2001
    1525 |class ActionController::Base < ActionController::Metal
          ^^^^^

sorbet/rbi/gems/actionpack.rbi:1617: module definition in method body https://srb.help/2001
    1617 |module ActionController::Base::HelperMethods
          ^^^^^^

sorbet/rbi/gems/actionpack.rbi:1622: module definition in method body https://srb.help/2001
    1622 |module Turbo::Streams
          ^^^^^^

sorbet/rbi/gems/actionpack.rbi:1624: module definition in method body https://srb.help/2001
    1624 |module Turbo::Frames
          ^^^^^^

sorbet/rbi/gems/actionpack.rbi:1626: module definition in method body https://srb.help/2001
    1626 |module Turbo::Native
          ^^^^^^

sorbet/rbi/gems/actionpack.rbi:1628: module definition in method body https://srb.help/2001
    1628 |module Anonymous_Module_6
          ^^^^^^

sorbet/rbi/gems/actionpack.rbi:1635: module definition in method body https://srb.help/2001
    1635 |module Anonymous_Module_7
          ^^^^^^

sorbet/rbi/gems/actionpack.rbi:1639: module definition in method body https://srb.help/2001
    1639 |module Anonymous_Module_5
          ^^^^^^

sorbet/rbi/gems/actionpack.rbi:1641: module definition in method body https://srb.help/2001
    1641 |module ActionDispatch::Http::FilterRedirect
          ^^^^^^

sorbet/rbi/gems/actionpack.rbi:1643: class definition in method body https://srb.help/2001
    1643 |class ActionDispatch::Response
          ^^^^^

sorbet/rbi/gems/actionpack.rbi:1649: class definition in method body https://srb.help/2001
    1649 |class ActionDispatch::Response::Header < Anonymous_Delegator_8
          ^^^^^

sorbet/rbi/gems/actionpack.rbi:1651: class definition in method body https://srb.help/2001
    1651 |class ActionDispatch::Response::Buffer
          ^^^^^

sorbet/rbi/gems/actionpack.rbi:1653: class definition in method body https://srb.help/2001
    1653 |class ActionDispatch::Response::FileBody
          ^^^^^

sorbet/rbi/gems/actionpack.rbi:1655: class definition in method body https://srb.help/2001
    1655 |class ActionDispatch::Response::RackBody
          ^^^^^

sorbet/rbi/gems/actionpack.rbi:1657: module definition in method body https://srb.help/2001
    1657 |module ActionController::Live
          ^^^^^^

sorbet/rbi/gems/actionpack.rbi:1660: module definition in method body https://srb.help/2001
    1660 |module ActionController::Live::ClassMethods
          ^^^^^^

sorbet/rbi/gems/actionpack.rbi:1662: class definition in method body https://srb.help/2001
    1662 |class ActionController::Live::SSE
          ^^^^^

sorbet/rbi/gems/actionpack.rbi:1664: class definition in method body https://srb.help/2001
    1664 |class ActionController::Live::ClientDisconnected < RuntimeError
          ^^^^^

sorbet/rbi/gems/actionpack.rbi:1666: class definition in method body https://srb.help/2001
    1666 |class ActionController::Live::Buffer < ActionDispatch::Response::Buffer
          ^^^^^

sorbet/rbi/gems/actionpack.rbi:1669: class definition in method body https://srb.help/2001
    1669 |class ActionController::Live::Response < ActionDispatch::Response
          ^^^^^

sorbet/rbi/gems/actionpack.rbi:1671: class definition in method body https://srb.help/2001
    1671 |class ActionDispatch::TestRequest < ActionDispatch::Request
          ^^^^^

sorbet/rbi/gems/actionpack.rbi:1673: module definition in method body https://srb.help/2001
    1673 |module ActionController::TemplateAssertions
          ^^^^^^

sorbet/rbi/gems/actionpack.rbi:1675: module definition in method body https://srb.help/2001
    1675 |module ActionController::Testing
          ^^^^^^

sorbet/rbi/gems/actionpack.rbi:1677: module definition in method body https://srb.help/2001
    1677 |module ActionController::Testing::Functional
          ^^^^^^

sorbet/rbi/gems/actionpack.rbi:1679: module definition in method body https://srb.help/2001
    1679 |module ActionDispatch::TestProcess
          ^^^^^^

sorbet/rbi/gems/actionpack.rbi:1682: module definition in method body https://srb.help/2001
    1682 |module ActionDispatch::TestProcess::FixtureFile
          ^^^^^^

sorbet/rbi/gems/actionpack.rbi:1684: module definition in method body https://srb.help/2001
    1684 |module ActionDispatch::Assertions
          ^^^^^^

sorbet/rbi/gems/actionpack.rbi:1689: module definition in method body https://srb.help/2001
    1689 |module ActionDispatch::Assertions::ResponseAssertions
          ^^^^^^

sorbet/rbi/gems/actionpack.rbi:1691: module definition in method body https://srb.help/2001
    1691 |module ActionDispatch::Assertions::RoutingAssertions
          ^^^^^^

sorbet/rbi/gems/actionpack.rbi:1693: class definition in method body https://srb.help/2001
    1693 |class ActionController::TestRequest < ActionDispatch::TestRequest
          ^^^^^

sorbet/rbi/gems/actionpack.rbi:1695: class definition in method body https://srb.help/2001
    1695 |class ActionController::LiveTestResponse < ActionController::Live::Response
          ^^^^^

sorbet/rbi/gems/actionpack.rbi:1697: class definition in method body https://srb.help/2001
    1697 |class ActionController::TestSession < Rack::Session::Abstract::PersistedSecure::SecureSessionHash
          ^^^^^

sorbet/rbi/gems/actionpack.rbi:1699: class definition in method body https://srb.help/2001
    1699 |class ActionController::TestCase < ActiveSupport::TestCase
          ^^^^^

sorbet/rbi/gems/actionpack.rbi:1708: module definition in method body https://srb.help/2001
    1708 |module ActionController::TestCase::Behavior
          ^^^^^^

sorbet/rbi/gems/actionpack.rbi:1714: module definition in method body https://srb.help/2001
    1714 |module ActionController::TestCase::Behavior::ClassMethods
          ^^^^^^

sorbet/rbi/gems/actionpack.rbi:1716: class definition in method body https://srb.help/2001
    1716 |class ActionDispatch::RequestEncoder
          ^^^^^

sorbet/rbi/gems/actionpack.rbi:1718: class definition in method body https://srb.help/2001
    1718 |class ActionDispatch::RequestEncoder::IdentityEncoder
          ^^^^^

sorbet/rbi/gems/actionpack.rbi:1720: module definition in method body https://srb.help/2001
    1720 |module ActionDispatch::Integration
          ^^^^^^

sorbet/rbi/gems/actionpack.rbi:1722: module definition in method body https://srb.help/2001
    1722 |module ActionDispatch::Integration::RequestHelpers
          ^^^^^^

sorbet/rbi/gems/actionpack.rbi:1724: class definition in method body https://srb.help/2001
    1724 |class ActionDispatch::Integration::Session
          ^^^^^

sorbet/rbi/gems/actionpack.rbi:1729: module definition in method body https://srb.help/2001
    1729 |module ActionDispatch::Integration::Runner
          ^^^^^^

sorbet/rbi/gems/actionpack.rbi:1732: class definition in method body https://srb.help/2001
    1732 |class ActionDispatch::IntegrationTest < ActiveSupport::TestCase
          ^^^^^

sorbet/rbi/gems/actionpack.rbi:1742: module definition in method body https://srb.help/2001
    1742 |module ActionDispatch::IntegrationTest::UrlOptions
          ^^^^^^

sorbet/rbi/gems/actionpack.rbi:1745: module definition in method body https://srb.help/2001
    1745 |module ActionDispatch::IntegrationTest::Behavior
          ^^^^^^

sorbet/rbi/gems/actionpack.rbi:1750: module definition in method body https://srb.help/2001
    1750 |module ActionDispatch::IntegrationTest::Behavior::ClassMethods
          ^^^^^^

sorbet/rbi/gems/actionpack.rbi:1752: class definition in method body https://srb.help/2001
    1752 |class ActionDispatch::RequestEncoder::TurboStreamEncoder < ActionDispatch::RequestEncoder::IdentityEncoder
          ^^^^^

sorbet/rbi/gems/actionview.rbi:287: unexpected token "," https://srb.help/2001
     287 |  def action_name(**, ****, &&); end
                              ^

sorbet/rbi/gems/actionview.rbi:286: module definition in method body https://srb.help/2001
     286 |module ActionView::Helpers::ControllerHelper
          ^^^^^^

sorbet/rbi/gems/actionview.rbi:291: unexpected token "," https://srb.help/2001
     291 |  def controller_name(**, ****, &&); end
                                  ^

sorbet/rbi/gems/actionview.rbi:292: unexpected token "," https://srb.help/2001
     292 |  def controller_path(**, ****, &&); end
                                  ^

sorbet/rbi/gems/actionview.rbi:293: unexpected token "," https://srb.help/2001
     293 |  def cookies(**, ****, &&); end
                          ^

sorbet/rbi/gems/actionview.rbi:294: unexpected token "," https://srb.help/2001
     294 |  def flash(**, ****, &&); end
                        ^

sorbet/rbi/gems/actionview.rbi:295: unexpected token "," https://srb.help/2001
     295 |  def headers(**, ****, &&); end
                          ^

sorbet/rbi/gems/actionview.rbi:297: unexpected token "," https://srb.help/2001
     297 |  def params(**, ****, &&); end
                         ^

sorbet/rbi/gems/actionview.rbi:300: unexpected token "," https://srb.help/2001
     300 |  def request_forgery_protection_token(**, ****, &&); end
                                                   ^

sorbet/rbi/gems/actionview.rbi:302: unexpected token "," https://srb.help/2001
     302 |  def response(**, ****, &&); end
                           ^

sorbet/rbi/gems/actionview.rbi:303: unexpected token "," https://srb.help/2001
     303 |  def session(**, ****, &&); end
                          ^

sorbet/rbi/gems/actionview.rbi:305: module definition in method body https://srb.help/2001
     305 |module ActionView::Helpers::CspHelper
          ^^^^^^

sorbet/rbi/gems/actionview.rbi:308: module definition in method body https://srb.help/2001
     308 |module ActionView::Helpers::CsrfHelper
          ^^^^^^

sorbet/rbi/gems/actionview.rbi:312: module definition in method body https://srb.help/2001
     312 |module ActionView::Helpers::DateHelper
          ^^^^^^

sorbet/rbi/gems/actionview.rbi:331: class definition in method body https://srb.help/2001
     331 |class ActionView::Helpers::DateTimeSelector
          ^^^^^

sorbet/rbi/gems/actionview.rbi:370: class definition in method body https://srb.help/2001
     370 |class ActionView::Helpers::FormBuilder
          ^^^^^

sorbet/rbi/gems/actionview.rbi:440: module definition in method body https://srb.help/2001
     440 |module ActionView::Helpers::DebugHelper
          ^^^^^^

sorbet/rbi/gems/actionview.rbi:444: module definition in method body https://srb.help/2001
     444 |module ActionView::Helpers::FormTagHelper
          ^^^^^^

sorbet/rbi/gems/actionview.rbi:495: module definition in method body https://srb.help/2001
     495 |module ActionView::ModelNaming
          ^^^^^^

sorbet/rbi/gems/actionview.rbi:499: module definition in method body https://srb.help/2001
     499 |module ActionView::RecordIdentifier
          ^^^^^^

sorbet/rbi/gems/actionview.rbi:507: module definition in method body https://srb.help/2001
     507 |module ActionView::Helpers::FormHelper
          ^^^^^^

sorbet/rbi/gems/actionview.rbi:559: module definition in method body https://srb.help/2001
     559 |module ActionView::Helpers::FormOptionsHelper
          ^^^^^^

sorbet/rbi/gems/actionview.rbi:584: module definition in method body https://srb.help/2001
     584 |module ActionView::Helpers::JavaScriptHelper
          ^^^^^^

sorbet/rbi/gems/actionview.rbi:590: module definition in method body https://srb.help/2001
     590 |module ActionView::Helpers::NumberHelper
          ^^^^^^

sorbet/rbi/gems/actionview.rbi:605: class definition in method body https://srb.help/2001
     605 |class ActionView::Helpers::NumberHelper::InvalidNumberError < StandardError
          ^^^^^

sorbet/rbi/gems/actionview.rbi:610: module definition in method body https://srb.help/2001
     610 |module ActionView::Helpers::RenderingHelper
          ^^^^^^

sorbet/rbi/gems/actionview.rbi:614: module definition in method body https://srb.help/2001
     614 |module ActionView::Helpers::TranslationHelper
          ^^^^^^

sorbet/rbi/gems/actionview.rbi:626: module definition in method body https://srb.help/2001
     626 |module ActionView::CollectionCaching
          ^^^^^^

sorbet/rbi/gems/actionview.rbi:636: unexpected token "," https://srb.help/2001
     636 |  def any_templates?(**, ****, &&); end
                                 ^

sorbet/rbi/gems/actionview.rbi:635: class definition in method body https://srb.help/2001
     635 |class ActionView::AbstractRenderer
          ^^^^^

sorbet/rbi/gems/actionview.rbi:640: unexpected token "," https://srb.help/2001
     640 |  def formats(**, ****, &&); end
                          ^

sorbet/rbi/gems/actionview.rbi:644: unexpected token "," https://srb.help/2001
     644 |  def template_exists?(**, ****, &&); end
                                   ^

sorbet/rbi/gems/actionview.rbi:646: module definition in method body https://srb.help/2001
     646 |module ActionView::AbstractRenderer::ObjectRendering
          ^^^^^^

sorbet/rbi/gems/actionview.rbi:654: class definition in method body https://srb.help/2001
     654 |class ActionView::AbstractRenderer::RenderedCollection
          ^^^^^

sorbet/rbi/gems/actionview.rbi:661: class definition in method body https://srb.help/2001
     661 |class ActionView::AbstractRenderer::RenderedCollection::EmptyCollection
          ^^^^^

sorbet/rbi/gems/actionview.rbi:666: class definition in method body https://srb.help/2001
     666 |class ActionView::AbstractRenderer::RenderedTemplate
          ^^^^^

sorbet/rbi/gems/actionview.rbi:672: class definition in method body https://srb.help/2001
     672 |class ActionView::PartialRenderer < ActionView::AbstractRenderer
          ^^^^^

sorbet/rbi/gems/actionview.rbi:684: class definition in method body https://srb.help/2001
     684 |class ActionView::PartialIteration
          ^^^^^

sorbet/rbi/gems/actionview.rbi:692: class definition in method body https://srb.help/2001
     692 |class ActionView::CollectionRenderer < ActionView::PartialRenderer
          ^^^^^

sorbet/rbi/gems/actionview.rbi:700: class definition in method body https://srb.help/2001
     700 |class ActionView::CollectionRenderer::CollectionIterator
          ^^^^^

sorbet/rbi/gems/actionview.rbi:707: class definition in method body https://srb.help/2001
     707 |class ActionView::CollectionRenderer::SameCollectionIterator < ActionView::CollectionRenderer::CollectionIterator
          ^^^^^

sorbet/rbi/gems/actionview.rbi:712: class definition in method body https://srb.help/2001
     712 |class ActionView::CollectionRenderer::PreloadCollectionIterator < ActionView::CollectionRenderer::SameCollectionIterator
          ^^^^^

sorbet/rbi/gems/actionview.rbi:717: class definition in method body https://srb.help/2001
     717 |class ActionView::CollectionRenderer::MixedCollectionIterator < ActionView::CollectionRenderer::CollectionIterator
          ^^^^^

sorbet/rbi/gems/actionview.rbi:721: module definition in method body https://srb.help/2001
     721 |module ActionView::ViewPaths
          ^^^^^^

sorbet/rbi/gems/actionview.rbi:724: module definition in method body https://srb.help/2001
     724 |module ActionView::ViewPaths::ClassMethods
          ^^^^^^

sorbet/rbi/gems/actionview.rbi:726: class definition in method body https://srb.help/2001
     726 |class ActionView::I18nProxy < I18n::Config
          ^^^^^

sorbet/rbi/gems/actionview.rbi:728: module definition in method body https://srb.help/2001
     728 |module ActionView::Rendering
          ^^^^^^

sorbet/rbi/gems/actionview.rbi:732: module definition in method body https://srb.help/2001
     732 |module ActionView::Rendering::ClassMethods
          ^^^^^^

sorbet/rbi/gems/actionview.rbi:734: class definition in method body https://srb.help/2001
     734 |class ActionView::Template
          ^^^^^

sorbet/rbi/gems/actionview.rbi:738: module definition in method body https://srb.help/2001
     738 |module ActionView::Template::Handlers
          ^^^^^^

sorbet/rbi/gems/actionview.rbi:740: class definition in method body https://srb.help/2001
     740 |class ActionView::Template::Handlers::Raw
          ^^^^^

sorbet/rbi/gems/actionview.rbi:742: class definition in method body https://srb.help/2001
     742 |class ActionView::Template::Handlers::ERB
          ^^^^^

sorbet/rbi/gems/actionview.rbi:744: class definition in method body https://srb.help/2001
     744 |class ActionView::Template::Handlers::ERB::Erubi < Erubi::Engine
          ^^^^^

sorbet/rbi/gems/actionview.rbi:746: class definition in method body https://srb.help/2001
     746 |class ActionView::Template::Handlers::Html < ActionView::Template::Handlers::Raw
          ^^^^^

sorbet/rbi/gems/actionview.rbi:748: class definition in method body https://srb.help/2001
     748 |class ActionView::Template::Handlers::Builder
          ^^^^^

sorbet/rbi/gems/actionview.rbi:750: class definition in method body https://srb.help/2001
     750 |class ActionView::CacheExpiry
          ^^^^^

sorbet/rbi/gems/actionview.rbi:752: class definition in method body https://srb.help/2001
     752 |class ActionView::CacheExpiry::Executor
          ^^^^^

sorbet/rbi/gems/actionview.rbi:754: class definition in method body https://srb.help/2001
     754 |class ActionView::CacheExpiry::ViewModificationWatcher
          ^^^^^

sorbet/rbi/gems/actionview.rbi:756: module definition in method body https://srb.help/2001
     756 |module ActionView::Layouts
          ^^^^^^

sorbet/rbi/gems/actionview.rbi:760: module definition in method body https://srb.help/2001
     760 |module ActionView::Layouts::ClassMethods
          ^^^^^^

sorbet/rbi/gems/actionview.rbi:762: module definition in method body https://srb.help/2001
     762 |module ActionView::Layouts::ClassMethods::LayoutConditions
          ^^^^^^

sorbet/rbi/gems/actionview.rbi:764: class definition in method body https://srb.help/2001
     764 |class ActionView::PathSet
          ^^^^^

sorbet/rbi/gems/actionview.rbi:767: module definition in method body https://srb.help/2001
     767 |module ActionView::Helpers::Tags
          ^^^^^^

sorbet/rbi/gems/actionview.rbi:770: module definition in method body https://srb.help/2001
     770 |module ActionView::Helpers::Tags::Placeholderable
          ^^^^^^

sorbet/rbi/gems/actionview.rbi:772: class definition in method body https://srb.help/2001
     772 |class ActionView::Helpers::Tags::Base
          ^^^^^

sorbet/rbi/gems/actionview.rbi:781: class definition in method body https://srb.help/2001
     781 |class ActionView::TemplatePath
          ^^^^^

sorbet/rbi/gems/actionview.rbi:783: class definition in method body https://srb.help/2001
     783 |class ActionView::Resolver
          ^^^^^

sorbet/rbi/gems/actionview.rbi:785: class definition in method body https://srb.help/2001
     785 |class ActionView::Resolver::PathParser
          ^^^^^

sorbet/rbi/gems/actionview.rbi:787: class definition in method body https://srb.help/2001
     787 |class ActionView::FileSystemResolver < ActionView::Resolver
          ^^^^^

sorbet/rbi/gems/actionview.rbi:789: module definition in method body https://srb.help/2001
     789 |module ActionView::RoutingUrlFor
          ^^^^^^

sorbet/rbi/gems/actionview.rbi:791: class definition in method body https://srb.help/2001
     791 |class ActionView::LogSubscriber < ActiveSupport::LogSubscriber
          ^^^^^

sorbet/rbi/gems/actionview.rbi:793: module definition in method body https://srb.help/2001
     793 |module ActionView::Context
          ^^^^^^

sorbet/rbi/gems/actionview.rbi:795: class definition in method body https://srb.help/2001
     795 |class ActionView::LookupContext
          ^^^^^

sorbet/rbi/gems/actionview.rbi:800: module definition in method body https://srb.help/2001
     800 |module ActionView::LookupContext::Accessors
          ^^^^^^

sorbet/rbi/gems/actionview.rbi:802: class definition in method body https://srb.help/2001
     802 |class ActionView::LookupContext::DetailsKey
          ^^^^^

sorbet/rbi/gems/actionview.rbi:804: module definition in method body https://srb.help/2001
     804 |module ActionView::LookupContext::DetailsCache
          ^^^^^^

sorbet/rbi/gems/actionview.rbi:806: module definition in method body https://srb.help/2001
     806 |module ActionView::LookupContext::ViewPaths
          ^^^^^^

sorbet/rbi/gems/actionview.rbi:808: module definition in method body https://srb.help/2001
     808 |module ActionView::Template::Types
          ^^^^^^

sorbet/rbi/gems/actionview.rbi:810: class definition in method body https://srb.help/2001
     810 |class ActionView::Template::Types::Type
          ^^^^^

sorbet/rbi/gems/actionview.rbi:812: class definition in method body https://srb.help/2001
     812 |class ActionView::RenderParser
          ^^^^^

sorbet/rbi/gems/actionview.rbi:814: module definition in method body https://srb.help/2001
     814 |module ActionView::RenderParser::RipperASTParser
          ^^^^^^

sorbet/rbi/gems/actionview.rbi:817: class definition in method body https://srb.help/2001
     817 |class ActionView::RenderParser::RipperASTParser::Node < Array
          ^^^^^

sorbet/rbi/gems/actionview.rbi:819: class definition in method body https://srb.help/2001
     819 |class ActionView::RenderParser::RipperASTParser::NodeParser < Ripper
          ^^^^^

sorbet/rbi/gems/actionview.rbi:821: class definition in method body https://srb.help/2001
     821 |class ActionView::RenderParser::RipperASTParser::RenderCallExtractor < ActionView::RenderParser::RipperASTParser::NodeParser
          ^^^^^

sorbet/rbi/gems/actionview.rbi:823: class definition in method body https://srb.help/2001
     823 |class ActionView::DependencyTracker
          ^^^^^

sorbet/rbi/gems/actionview.rbi:826: class definition in method body https://srb.help/2001
     826 |class ActionView::DependencyTracker::ERBTracker
          ^^^^^

sorbet/rbi/gems/actionview.rbi:828: class definition in method body https://srb.help/2001
     828 |class ActionView::Base
          ^^^^^

sorbet/rbi/gems/actionview.rbi:847: class definition in method body https://srb.help/2001
     847 |class ActionView::Digestor
          ^^^^^

sorbet/rbi/gems/actionview.rbi:849: class definition in method body https://srb.help/2001
     849 |class ActionView::Digestor::Node
          ^^^^^

sorbet/rbi/gems/actionview.rbi:851: class definition in method body https://srb.help/2001
     851 |class ActionView::Digestor::Partial < ActionView::Digestor::Node
          ^^^^^

sorbet/rbi/gems/actionview.rbi:853: class definition in method body https://srb.help/2001
     853 |class ActionView::Digestor::Missing < ActionView::Digestor::Node
          ^^^^^

sorbet/rbi/gems/actionview.rbi:855: class definition in method body https://srb.help/2001
     855 |class ActionView::Digestor::Injected < ActionView::Digestor::Node
          ^^^^^

sorbet/rbi/gems/actionview.rbi:857: class definition in method body https://srb.help/2001
     857 |class ActionView::Digestor::NullLogger
          ^^^^^

sorbet/rbi/gems/actionview.rbi:859: class definition in method body https://srb.help/2001
     859 |class ActionView::ActionViewError < StandardError
          ^^^^^

sorbet/rbi/gems/actionview.rbi:861: class definition in method body https://srb.help/2001
     861 |class ActionView::EncodingError < StandardError
          ^^^^^

sorbet/rbi/gems/actionview.rbi:863: class definition in method body https://srb.help/2001
     863 |class ActionView::WrongEncodingError < ActionView::EncodingError
          ^^^^^

sorbet/rbi/gems/actionview.rbi:865: class definition in method body https://srb.help/2001
     865 |class ActionView::MissingTemplate < ActionView::ActionViewError
          ^^^^^

sorbet/rbi/gems/actionview.rbi:868: class definition in method body https://srb.help/2001
     868 |class ActionView::MissingTemplate::Results
          ^^^^^

sorbet/rbi/gems/actionview.rbi:870: class definition in method body https://srb.help/2001
     870 |class ActionView::Template::Error < ActionView::ActionViewError
          ^^^^^

sorbet/rbi/gems/actionview.rbi:872: class definition in method body https://srb.help/2001
     872 |class ActionView::SyntaxErrorInTemplate < ActionView::Template::Error
          ^^^^^

sorbet/rbi/gems/actionview.rbi:874: class definition in method body https://srb.help/2001
     874 |class ActionView::Template::RawFile
          ^^^^^

sorbet/rbi/gems/actionview.rbi:876: class definition in method body https://srb.help/2001
     876 |class ActionView::Template::HTML
          ^^^^^

sorbet/rbi/gems/actionview.rbi:878: class definition in method body https://srb.help/2001
     878 |class ActionView::Template::Inline < ActionView::Template
          ^^^^^

sorbet/rbi/gems/actionview.rbi:880: module definition in method body https://srb.help/2001
     880 |module ActionView::Template::Sources
          ^^^^^^

sorbet/rbi/gems/actionview.rbi:883: class definition in method body https://srb.help/2001
     883 |class ActionView::Template::Text
          ^^^^^

sorbet/rbi/gems/actionview.rbi:885: class definition in method body https://srb.help/2001
     885 |class ActionView::UnboundTemplate
          ^^^^^

sorbet/rbi/gems/actionview.rbi:887: class definition in method body https://srb.help/2001
     887 |class ActionView::TestCase < ActiveSupport::TestCase
          ^^^^^

sorbet/rbi/gems/actionview.rbi:911: class definition in method body https://srb.help/2001
     911 |class ActionView::TestCase::TestController < ActionController::Base
          ^^^^^

sorbet/rbi/gems/actionview.rbi:916: module definition in method body https://srb.help/2001
     916 |module ActionView::TestCase::TestController::HelperMethods
          ^^^^^^

sorbet/rbi/gems/actionview.rbi:920: module definition in method body https://srb.help/2001
     920 |module ActionView::TestCase::Behavior
          ^^^^^^

sorbet/rbi/gems/actionview.rbi:933: module definition in method body https://srb.help/2001
     933 |module ActionView::TestCase::Behavior::ClassMethods
          ^^^^^^

sorbet/rbi/gems/actionview.rbi:935: class definition in method body https://srb.help/2001
     935 |class ActionView::TestCase::Behavior::RenderedViewsCollection
          ^^^^^

sorbet/rbi/gems/actionview.rbi:937: module definition in method body https://srb.help/2001
     937 |module ActionView::TestCase::Behavior::Locals
          ^^^^^^

sorbet/rbi/gems/actionview.rbi:939: module definition in method body https://srb.help/2001
     939 |module ActionView::TestCase::HelperMethods
          ^^^^^^

sorbet/rbi/gems/railties.rbi:27: unexpected token "," https://srb.help/2001
    27 |  def self.initialize!(**, ****, &&); end
                                 ^

sorbet/rbi/gems/railties.rbi:12: module definition in method body https://srb.help/2001
    12 |module Rails
        ^^^^^^

sorbet/rbi/gems/railties.rbi:28: unexpected token "," https://srb.help/2001
    28 |  def self.initialized?(**, ****, &&); end
                                  ^

sorbet/rbi/gems/railties.rbi:36: unexpected token "end" https://srb.help/2001
    36 |end
        ^^^

sorbet/rbi/gems/railties.rbi:37: module definition in method body https://srb.help/2001
    37 |module Rails::Initializable
        ^^^^^^

sorbet/rbi/gems/railties.rbi:42: class definition in method body https://srb.help/2001
    42 |class Rails::Initializable::Initializer
        ^^^^^

sorbet/rbi/gems/railties.rbi:53: class definition in method body https://srb.help/2001
    53 |class Rails::Initializable::Collection < Array
        ^^^^^

sorbet/rbi/gems/railties.rbi:59: module definition in method body https://srb.help/2001
    59 |module Rails::Initializable::ClassMethods
        ^^^^^^

sorbet/rbi/gems/railties.rbi:70: unexpected token "," https://srb.help/2001
    70 |  def railtie_name(**, ****, &&); end
                             ^

sorbet/rbi/gems/railties.rbi:65: class definition in method body https://srb.help/2001
    65 |class Rails::Railtie
        ^^^^^

sorbet/rbi/gems/railties.rbi:79: unexpected token "," https://srb.help/2001
    79 |  def self.config(**, ****, &&); end
                            ^

sorbet/rbi/gems/railties.rbi:88: unexpected token "**" https://srb.help/2001
    88 |  def self.method_missing(name, *args, ****, &block); end
                                                 ^^

sorbet/rbi/gems/railties.rbi:89: unexpected token "**" https://srb.help/2001
    89 |  def self.new(*arg0, ****); end
                                ^^

sorbet/rbi/gems/railties.rbi:100: unexpected token "end" https://srb.help/2001
     100 |end
          ^^^

sorbet/rbi/gems/railties.rbi:117: unexpected token "," https://srb.help/2001
     117 |  def engine_name(**, ****, &&); end
                              ^

sorbet/rbi/gems/railties.rbi:101: class definition in method body https://srb.help/2001
     101 |class Rails::Engine < Rails::Railtie
          ^^^^^

sorbet/rbi/gems/railties.rbi:123: unexpected token "," https://srb.help/2001
     123 |  def isolated?(**, ****, &&); end
                            ^

sorbet/rbi/gems/railties.rbi:131: unexpected token "," https://srb.help/2001
     131 |  def middleware(**, ****, &&); end
                             ^

sorbet/rbi/gems/railties.rbi:132: unexpected token "," https://srb.help/2001
     132 |  def paths(**, ****, &&); end
                        ^

sorbet/rbi/gems/railties.rbi:134: unexpected token "," https://srb.help/2001
     134 |  def root(**, ****, &&); end
                       ^

sorbet/rbi/gems/railties.rbi:145: unexpected token "," https://srb.help/2001
     145 |  def self.eager_load!(**, ****, &&); end
                                   ^

sorbet/rbi/gems/railties.rbi:159: unexpected token "end" https://srb.help/2001
     159 |end
          ^^^

sorbet/rbi/gems/railties.rbi:160: class definition in method body https://srb.help/2001
     160 |class Rails::Engine::Railties
          ^^^^^

sorbet/rbi/gems/railties.rbi:167: class definition in method body https://srb.help/2001
     167 |class Rails::Secrets
          ^^^^^

sorbet/rbi/gems/railties.rbi:184: class definition in method body https://srb.help/2001
     184 |class Rails::Secrets::MissingKeyError < RuntimeError
          ^^^^^

sorbet/rbi/gems/railties.rbi:187: class definition in method body https://srb.help/2001
     187 |class Rails::Autoloaders
          ^^^^^

sorbet/rbi/gems/railties.rbi:197: module definition in method body https://srb.help/2001
     197 |module Rails::Autoloaders::Inflector
          ^^^^^^

sorbet/rbi/gems/railties.rbi:216: unexpected token "," https://srb.help/2001
     216 |  def default_url_options(**, ****, &&); end
                                      ^

sorbet/rbi/gems/railties.rbi:201: class definition in method body https://srb.help/2001
     201 |class Rails::Application < Rails::Engine
          ^^^^^

sorbet/rbi/gems/railties.rbi:260: unexpected token "**" https://srb.help/2001
     260 |  def self.new(*arg0, ****); end
                                  ^^

sorbet/rbi/gems/railties.rbi:265: unexpected token "end" https://srb.help/2001
     265 |end
          ^^^

sorbet/rbi/gems/railties.rbi:266: module definition in method body https://srb.help/2001
     266 |module Rails::VERSION
          ^^^^^^

sorbet/rbi/gems/railties.rbi:268: module definition in method body https://srb.help/2001
     268 |module Rails::Paths
          ^^^^^^

sorbet/rbi/gems/railties.rbi:270: class definition in method body https://srb.help/2001
     270 |class Rails::Paths::Root
          ^^^^^

sorbet/rbi/gems/railties.rbi:287: class definition in method body https://srb.help/2001
     287 |class Rails::Paths::Path
          ^^^^^

sorbet/rbi/gems/railties.rbi:322: module definition in method body https://srb.help/2001
     322 |module Rails::Rack
          ^^^^^^

sorbet/rbi/gems/railties.rbi:324: module definition in method body https://srb.help/2001
     324 |module Rails::Configuration
          ^^^^^^

sorbet/rbi/gems/railties.rbi:328: unexpected token "," https://srb.help/2001
     328 |  def delete(**, ****, &&); end
                         ^

sorbet/rbi/gems/railties.rbi:326: class definition in method body https://srb.help/2001
     326 |class Rails::Configuration::MiddlewareStackProxy
          ^^^^^

sorbet/rbi/gems/railties.rbi:331: unexpected token "," https://srb.help/2001
     331 |  def insert(**, ****, &&); end
                         ^

sorbet/rbi/gems/railties.rbi:332: unexpected token "," https://srb.help/2001
     332 |  def insert_after(**, ****, &&); end
                               ^

sorbet/rbi/gems/railties.rbi:333: unexpected token "," https://srb.help/2001
     333 |  def insert_before(**, ****, &&); end
                                ^

sorbet/rbi/gems/railties.rbi:335: unexpected token "," https://srb.help/2001
     335 |  def move(**, ****, &&); end
                       ^

sorbet/rbi/gems/railties.rbi:336: unexpected token "," https://srb.help/2001
     336 |  def move_after(**, ****, &&); end
                             ^

sorbet/rbi/gems/railties.rbi:337: unexpected token "," https://srb.help/2001
     337 |  def move_before(**, ****, &&); end
                              ^

sorbet/rbi/gems/railties.rbi:339: unexpected token "," https://srb.help/2001
     339 |  def swap(**, ****, &&); end
                       ^

sorbet/rbi/gems/railties.rbi:340: unexpected token "," https://srb.help/2001
     340 |  def unshift(**, ****, &&); end
                          ^

sorbet/rbi/gems/railties.rbi:341: unexpected token "," https://srb.help/2001
     341 |  def use(**, ****, &&); end
                      ^

sorbet/rbi/gems/railties.rbi:343: class definition in method body https://srb.help/2001
     343 |class Rails::Configuration::Generators
          ^^^^^

sorbet/rbi/gems/railties.rbi:364: class definition in method body https://srb.help/2001
     364 |class Rails::Railtie::Configuration
          ^^^^^

sorbet/rbi/gems/railties.rbi:381: class definition in method body https://srb.help/2001
     381 |class Rails::Engine::Configuration < Rails::Railtie::Configuration
          ^^^^^

sorbet/rbi/gems/railties.rbi:398: module definition in method body https://srb.help/2001
     398 |module Rails::TestUnit
          ^^^^^^

sorbet/rbi/gems/railties.rbi:400: class definition in method body https://srb.help/2001
     400 |class Rails::TestUnit::Runner
          ^^^^^

sorbet/rbi/gems/railties.rbi:416: class definition in method body https://srb.help/2001
     416 |class Rails::TestUnit::CompositeFilter
          ^^^^^

sorbet/rbi/gems/railties.rbi:423: class definition in method body https://srb.help/2001
     423 |class Rails::TestUnit::Filter
          ^^^^^

sorbet/rbi/gems/railties.rbi:428: module definition in method body https://srb.help/2001
     428 |module Rails::LineFiltering
          ^^^^^^

sorbet/rbi/gems/railties.rbi:431: class definition in method body https://srb.help/2001
     431 |class Rails::TestUnitRailtie < Rails::Railtie
          ^^^^^

sorbet/rbi/gems/railties.rbi:433: class definition in method body https://srb.help/2001
     433 |class Rails::SourceAnnotationExtractor
          ^^^^^

sorbet/rbi/gems/railties.rbi:442: class definition in method body https://srb.help/2001
     442 |class Anonymous_Struct_1 < Struct
          ^^^^^

sorbet/rbi/gems/railties.rbi:455: class definition in method body https://srb.help/2001
     455 |class Rails::SourceAnnotationExtractor::Annotation < Anonymous_Struct_1
          ^^^^^

sorbet/rbi/gems/railties.rbi:464: class definition in method body https://srb.help/2001
     464 |class Rails::Application::Configuration < Rails::Engine::Configuration
          ^^^^^

sorbet/rbi/gems/railties.rbi:571: class definition in method body https://srb.help/2001
     571 |class Rails::Application::Configuration::Custom
          ^^^^^

sorbet/rbi/gems/railties.rbi:576: module definition in method body https://srb.help/2001
     576 |module Rails::Application::Bootstrap
          ^^^^^^

sorbet/rbi/gems/railties.rbi:580: module definition in method body https://srb.help/2001
     580 |module Rails::Application::Finisher
          ^^^^^^

sorbet/rbi/gems/railties.rbi:584: class definition in method body https://srb.help/2001
     584 |class Rails::Application::Finisher::MutexHook
          ^^^^^

sorbet/rbi/gems/railties.rbi:586: module definition in method body https://srb.help/2001
     586 |module Rails::Application::Finisher::InterlockHook
          ^^^^^^

sorbet/rbi/gems/railties.rbi:588: class definition in method body https://srb.help/2001
     588 |class Rails::Rack::Logger < ActiveSupport::LogSubscriber
          ^^^^^

sorbet/rbi/gems/railties.rbi:590: class definition in method body https://srb.help/2001
     590 |class Rails::Application::RoutesReloader
          ^^^^^

sorbet/rbi/gems/railties.rbi:595: class definition in method body https://srb.help/2001
     595 |class Rails::Application::DefaultMiddlewareStack
          ^^^^^

sorbet/rbi/gems/railties.rbi:597: class definition in method body https://srb.help/2001
     597 |class Rails::BacktraceCleaner < ActiveSupport::BacktraceCleaner
          ^^^^^

sorbet/rbi/gems/railties.rbi:599: module definition in method body https://srb.help/2001
     599 |module Rails::Command
          ^^^^^^

sorbet/rbi/gems/railties.rbi:604: module definition in method body https://srb.help/2001
     604 |module Rails::Command::Behavior
          ^^^^^^

sorbet/rbi/gems/railties.rbi:607: module definition in method body https://srb.help/2001
     607 |module Rails::Command::Behavior::ClassMethods
          ^^^^^^

sorbet/rbi/gems/railties.rbi:609: module definition in method body https://srb.help/2001
     609 |module Rails::Generators
          ^^^^^^

sorbet/rbi/gems/railties.rbi:613: module definition in method body https://srb.help/2001
     613 |module Rails::Generators::Testing
          ^^^^^^

sorbet/rbi/gems/railties.rbi:615: module definition in method body https://srb.help/2001
     615 |module Rails::Generators::Testing::Behaviour
          ^^^^^^

sorbet/rbi/gems/railties.rbi:619: module definition in method body https://srb.help/2001
     619 |module Rails::Generators::Testing::Behaviour::ClassMethods
          ^^^^^^

sorbet/rbi/gems/railties.rbi:621: module definition in method body https://srb.help/2001
     621 |module Rails::Generators::Testing::SetupAndTeardown
          ^^^^^^

sorbet/rbi/gems/railties.rbi:623: module definition in method body https://srb.help/2001
     623 |module Rails::Generators::Testing::Assertions
          ^^^^^^

sorbet/rbi/gems/railties.rbi:625: class definition in method body https://srb.help/2001
     625 |class Rails::Generators::TestCase < ActiveSupport::TestCase
          ^^^^^

sorbet/rbi/gems/railties.rbi:632: class definition in method body https://srb.help/2001
     632 |class ActiveSupport::TestCase < Minitest::Test
          ^^^^^

sorbet/rbi/gems/activemodel.rbi:97: unexpected token "," https://srb.help/2001
    97 |  def each_value(**, ****, &&); end
                           ^

sorbet/rbi/gems/activemodel.rbi:89: class definition in method body https://srb.help/2001
    89 |class ActiveModel::AttributeSet
        ^^^^^

sorbet/rbi/gems/activemodel.rbi:98: unexpected token "," https://srb.help/2001
    98 |  def except(**, ****, &&); end
                       ^

sorbet/rbi/gems/activemodel.rbi:99: unexpected token "," https://srb.help/2001
    99 |  def fetch(**, ****, &&); end
                      ^

sorbet/rbi/gems/activemodel.rbi:116: unexpected token "end" https://srb.help/2001
     116 |end
          ^^^

sorbet/rbi/gems/activemodel.rbi:117: class definition in method body https://srb.help/2001
     117 |class ActiveModel::AttributeSet::Builder
          ^^^^^

sorbet/rbi/gems/activemodel.rbi:123: class definition in method body https://srb.help/2001
     123 |class ActiveModel::LazyAttributeSet < ActiveModel::AttributeSet
          ^^^^^

sorbet/rbi/gems/activemodel.rbi:145: unexpected token "," https://srb.help/2001
     145 |  def each_value(**, ****, &&); end
                             ^

sorbet/rbi/gems/activemodel.rbi:135: class definition in method body https://srb.help/2001
     135 |class ActiveModel::LazyAttributeHash
          ^^^^^

sorbet/rbi/gems/activemodel.rbi:146: unexpected token "," https://srb.help/2001
     146 |  def except(**, ****, &&); end
                         ^

sorbet/rbi/gems/activemodel.rbi:147: unexpected token "," https://srb.help/2001
     147 |  def fetch(**, ****, &&); end
                        ^

sorbet/rbi/gems/activemodel.rbi:154: unexpected token "," https://srb.help/2001
     154 |  def transform_values(**, ****, &&); end
                                   ^

sorbet/rbi/gems/activemodel.rbi:157: unexpected token "end" https://srb.help/2001
     157 |end
          ^^^

sorbet/rbi/gems/activemodel.rbi:158: class definition in method body https://srb.help/2001
     158 |class ActiveModel::AttributeSet::YAMLEncoder
          ^^^^^

sorbet/rbi/gems/activemodel.rbi:164: class definition in method body https://srb.help/2001
     164 |class ActiveModel::Error
          ^^^^^

sorbet/rbi/gems/activemodel.rbi:195: unexpected token "**" https://srb.help/2001
     195 |  def message(*args, ****, &block); end
                                 ^^

sorbet/rbi/gems/activemodel.rbi:192: class definition in method body https://srb.help/2001
     192 |class ActiveModel::NestedError < ActiveModel::Error
          ^^^^^

sorbet/rbi/gems/activemodel.rbi:197: unexpected token "end" https://srb.help/2001
     197 |end
          ^^^

sorbet/rbi/gems/activemodel.rbi:204: unexpected token "**" https://srb.help/2001
     204 |  def clear(*args, ****, &block); end
                               ^^

sorbet/rbi/gems/activemodel.rbi:198: class definition in method body https://srb.help/2001
     198 |class ActiveModel::Errors
          ^^^^^

sorbet/rbi/gems/activemodel.rbi:208: unexpected token "**" https://srb.help/2001
     208 |  def each(*args, ****, &block); end
                              ^^

sorbet/rbi/gems/activemodel.rbi:209: unexpected token "**" https://srb.help/2001
     209 |  def empty?(*args, ****, &block); end
                                ^^

sorbet/rbi/gems/activemodel.rbi:229: unexpected token "**" https://srb.help/2001
     229 |  def size(*args, ****, &block); end
                              ^^

sorbet/rbi/gems/activemodel.rbi:232: unexpected token "**" https://srb.help/2001
     232 |  def uniq!(*args, ****, &block); end
                               ^^

sorbet/rbi/gems/activemodel.rbi:236: unexpected token "end" https://srb.help/2001
     236 |end
          ^^^

sorbet/rbi/gems/activemodel.rbi:237: class definition in method body https://srb.help/2001
     237 |class ActiveModel::StrictValidationFailed < StandardError
          ^^^^^

sorbet/rbi/gems/activemodel.rbi:239: class definition in method body https://srb.help/2001
     239 |class ActiveModel::RangeError < RangeError
          ^^^^^

sorbet/rbi/gems/activemodel.rbi:241: class definition in method body https://srb.help/2001
     241 |class ActiveModel::UnknownAttributeError < NoMethodError
          ^^^^^

sorbet/rbi/gems/activemodel.rbi:246: class definition in method body https://srb.help/2001
     246 |class ActiveModel::MissingAttributeError < NoMethodError
          ^^^^^

sorbet/rbi/gems/activemodel.rbi:253: unexpected token "**" https://srb.help/2001
     253 |  def method_missing(method, *args, ****, &block); end
                                                ^^

sorbet/rbi/gems/activemodel.rbi:248: module definition in method body https://srb.help/2001
     248 |module ActiveModel::AttributeMethods
          ^^^^^^

sorbet/rbi/gems/activemodel.rbi:258: unexpected token "end" https://srb.help/2001
     258 |end
          ^^^

sorbet/rbi/gems/activemodel.rbi:259: module definition in method body https://srb.help/2001
     259 |module ActiveModel::AttributeMethods::ClassMethods
          ^^^^^^

sorbet/rbi/gems/activemodel.rbi:275: class definition in method body https://srb.help/2001
     275 |class ActiveModel::AttributeMethods::ClassMethods::AttributeMethodMatcher
          ^^^^^

sorbet/rbi/gems/activemodel.rbi:284: class definition in method body https://srb.help/2001
     284 |class ActiveModel::AttributeMethods::ClassMethods::AttributeMethodMatcher::AttributeMethodMatch < Struct
          ^^^^^

sorbet/rbi/gems/activemodel.rbi:295: module definition in method body https://srb.help/2001
     295 |module ActiveModel::AttributeMethods::AttrNames
          ^^^^^^

sorbet/rbi/gems/activemodel.rbi:298: class definition in method body https://srb.help/2001
     298 |class ActiveModel::Railtie < Rails::Railtie
          ^^^^^

sorbet/rbi/gems/activemodel.rbi:300: module definition in method body https://srb.help/2001
     300 |module ActiveModel::SecurePassword
          ^^^^^^

sorbet/rbi/gems/activemodel.rbi:303: module definition in method body https://srb.help/2001
     303 |module ActiveModel::SecurePassword::ClassMethods
          ^^^^^^

sorbet/rbi/gems/activemodel.rbi:305: class definition in method body https://srb.help/2001
     305 |class ActiveModel::SecurePassword::InstanceMethodsOnActivation < Module
          ^^^^^

sorbet/rbi/gems/activemodel.rbi:307: class definition in method body https://srb.help/2001
     307 |class ActiveModel::Attribute::UserProvidedDefault < ActiveModel::Attribute::FromUser
          ^^^^^

sorbet/rbi/gems/activemodel.rbi:309: class definition in method body https://srb.help/2001
     309 |class ActiveModel::Name
          ^^^^^

sorbet/rbi/gems/activemodel.rbi:312: module definition in method body https://srb.help/2001
     312 |module ActiveModel::Naming
          ^^^^^^

sorbet/rbi/gems/activemodel.rbi:314: module definition in method body https://srb.help/2001
     314 |module ActiveModel::Translation
          ^^^^^^

sorbet/rbi/gems/activemodel.rbi:317: module definition in method body https://srb.help/2001
     317 |module ActiveModel::Type
          ^^^^^^

sorbet/rbi/gems/activemodel.rbi:319: module definition in method body https://srb.help/2001
     319 |module ActiveModel::Type::Helpers
          ^^^^^^

sorbet/rbi/gems/activemodel.rbi:321: class definition in method body https://srb.help/2001
     321 |class ActiveModel::Type::Helpers::AcceptsMultiparameterTime < Module
          ^^^^^

sorbet/rbi/gems/activemodel.rbi:323: module definition in method body https://srb.help/2001
     323 |module ActiveModel::Type::Helpers::AcceptsMultiparameterTime::InstanceMethods
          ^^^^^^

sorbet/rbi/gems/activemodel.rbi:325: module definition in method body https://srb.help/2001
     325 |module ActiveModel::Type::Helpers::Numeric
          ^^^^^^

sorbet/rbi/gems/activemodel.rbi:327: module definition in method body https://srb.help/2001
     327 |module ActiveModel::Type::Helpers::Mutable
          ^^^^^^

sorbet/rbi/gems/activemodel.rbi:329: module definition in method body https://srb.help/2001
     329 |module ActiveModel::Type::Helpers::TimeValue
          ^^^^^^

sorbet/rbi/gems/activemodel.rbi:331: module definition in method body https://srb.help/2001
     331 |module ActiveModel::Type::Helpers::Timezone
          ^^^^^^

sorbet/rbi/gems/activemodel.rbi:333: class definition in method body https://srb.help/2001
     333 |class ActiveModel::Type::Value
          ^^^^^

sorbet/rbi/gems/activemodel.rbi:335: class definition in method body https://srb.help/2001
     335 |class ActiveModel::Type::Integer < ActiveModel::Type::Value
          ^^^^^

sorbet/rbi/gems/activemodel.rbi:338: class definition in method body https://srb.help/2001
     338 |class ActiveModel::Type::BigInteger < ActiveModel::Type::Integer
          ^^^^^

sorbet/rbi/gems/activemodel.rbi:340: class definition in method body https://srb.help/2001
     340 |class ActiveModel::Type::Binary < ActiveModel::Type::Value
          ^^^^^

sorbet/rbi/gems/activemodel.rbi:342: class definition in method body https://srb.help/2001
     342 |class ActiveModel::Type::Binary::Data
          ^^^^^

sorbet/rbi/gems/activemodel.rbi:344: class definition in method body https://srb.help/2001
     344 |class ActiveModel::Type::Boolean < ActiveModel::Type::Value
          ^^^^^

sorbet/rbi/gems/activemodel.rbi:346: class definition in method body https://srb.help/2001
     346 |class ActiveModel::Type::Date < ActiveModel::Type::Value
          ^^^^^

sorbet/rbi/gems/activemodel.rbi:350: module definition in method body https://srb.help/2001
     350 |module Anonymous_ActiveModel_Type_Helpers_AcceptsMultiparameterTime_13
          ^^^^^^

sorbet/rbi/gems/activemodel.rbi:353: class definition in method body https://srb.help/2001
     353 |class ActiveModel::Type::DateTime < ActiveModel::Type::Value
          ^^^^^

sorbet/rbi/gems/activemodel.rbi:358: module definition in method body https://srb.help/2001
     358 |module Anonymous_ActiveModel_Type_Helpers_AcceptsMultiparameterTime_14
          ^^^^^^

sorbet/rbi/gems/activemodel.rbi:361: class definition in method body https://srb.help/2001
     361 |class ActiveModel::Type::Decimal < ActiveModel::Type::Value
          ^^^^^

sorbet/rbi/gems/activemodel.rbi:364: class definition in method body https://srb.help/2001
     364 |class ActiveModel::Type::Float < ActiveModel::Type::Value
          ^^^^^

sorbet/rbi/gems/activemodel.rbi:367: class definition in method body https://srb.help/2001
     367 |class ActiveModel::Type::ImmutableString < ActiveModel::Type::Value
          ^^^^^

sorbet/rbi/gems/activemodel.rbi:369: class definition in method body https://srb.help/2001
     369 |class ActiveModel::Type::String < ActiveModel::Type::ImmutableString
          ^^^^^

sorbet/rbi/gems/activemodel.rbi:371: class definition in method body https://srb.help/2001
     371 |class ActiveModel::Type::Time < ActiveModel::Type::Value
          ^^^^^

sorbet/rbi/gems/activemodel.rbi:376: module definition in method body https://srb.help/2001
     376 |module Anonymous_ActiveModel_Type_Helpers_AcceptsMultiparameterTime_15
          ^^^^^^

sorbet/rbi/gems/activemodel.rbi:379: class definition in method body https://srb.help/2001
     379 |class ActiveModel::Type::Registry
          ^^^^^

sorbet/rbi/gems/activemodel.rbi:381: class definition in method body https://srb.help/2001
     381 |class ActiveModel::ForbiddenAttributesError < StandardError
          ^^^^^

sorbet/rbi/gems/activemodel.rbi:383: module definition in method body https://srb.help/2001
     383 |module ActiveModel::ForbiddenAttributesProtection
          ^^^^^^

sorbet/rbi/gems/activemodel.rbi:385: module definition in method body https://srb.help/2001
     385 |module ActiveModel::AttributeAssignment
          ^^^^^^

sorbet/rbi/gems/activemodel.rbi:388: module definition in method body https://srb.help/2001
     388 |module ActiveModel::Conversion
          ^^^^^^

sorbet/rbi/gems/activemodel.rbi:391: module definition in method body https://srb.help/2001
     391 |module ActiveModel::Conversion::ClassMethods
          ^^^^^^

sorbet/rbi/gems/activemodel.rbi:393: class definition in method body https://srb.help/2001
     393 |class ActiveModel::Validator
          ^^^^^

sorbet/rbi/gems/activemodel.rbi:395: class definition in method body https://srb.help/2001
     395 |class ActiveModel::EachValidator < ActiveModel::Validator
          ^^^^^

sorbet/rbi/gems/activemodel.rbi:397: class definition in method body https://srb.help/2001
     397 |class ActiveModel::BlockValidator < ActiveModel::EachValidator
          ^^^^^

sorbet/rbi/gems/activemodel.rbi:399: module definition in method body https://srb.help/2001
     399 |module ActiveModel::Validations
          ^^^^^^

sorbet/rbi/gems/activemodel.rbi:402: class definition in method body https://srb.help/2001
     402 |class ActiveModel::Validations::AbsenceValidator < ActiveModel::EachValidator
          ^^^^^

sorbet/rbi/gems/activemodel.rbi:404: module definition in method body https://srb.help/2001
     404 |module ActiveModel::Validations::HelperMethods
          ^^^^^^

sorbet/rbi/gems/activemodel.rbi:406: class definition in method body https://srb.help/2001
     406 |class ActiveModel::Validations::AcceptanceValidator < ActiveModel::EachValidator
          ^^^^^

sorbet/rbi/gems/activemodel.rbi:408: class definition in method body https://srb.help/2001
     408 |class ActiveModel::Validations::AcceptanceValidator::LazilyDefineAttributes < Module
          ^^^^^

sorbet/rbi/gems/activemodel.rbi:410: module definition in method body https://srb.help/2001
     410 |module ActiveModel::Validations::Callbacks
          ^^^^^^

sorbet/rbi/gems/activemodel.rbi:413: module definition in method body https://srb.help/2001
     413 |module ActiveModel::Validations::Callbacks::ClassMethods
          ^^^^^^

sorbet/rbi/gems/activemodel.rbi:415: module definition in method body https://srb.help/2001
     415 |module ActiveModel::Validations::Clusivity
          ^^^^^^

sorbet/rbi/gems/activemodel.rbi:417: module definition in method body https://srb.help/2001
     417 |module ActiveModel::Validations::Comparability
          ^^^^^^

sorbet/rbi/gems/activemodel.rbi:419: class definition in method body https://srb.help/2001
     419 |class ActiveModel::Validations::ComparisonValidator < ActiveModel::EachValidator
          ^^^^^

sorbet/rbi/gems/activemodel.rbi:422: class definition in method body https://srb.help/2001
     422 |class ActiveModel::Validations::ConfirmationValidator < ActiveModel::EachValidator
          ^^^^^

sorbet/rbi/gems/activemodel.rbi:424: class definition in method body https://srb.help/2001
     424 |class ActiveModel::Validations::ExclusionValidator < ActiveModel::EachValidator
          ^^^^^

sorbet/rbi/gems/activemodel.rbi:427: class definition in method body https://srb.help/2001
     427 |class ActiveModel::Validations::FormatValidator < ActiveModel::EachValidator
          ^^^^^

sorbet/rbi/gems/activemodel.rbi:429: class definition in method body https://srb.help/2001
     429 |class ActiveModel::Validations::InclusionValidator < ActiveModel::EachValidator
          ^^^^^

sorbet/rbi/gems/activemodel.rbi:432: class definition in method body https://srb.help/2001
     432 |class ActiveModel::Validations::LengthValidator < ActiveModel::EachValidator
          ^^^^^

sorbet/rbi/gems/activemodel.rbi:434: class definition in method body https://srb.help/2001
     434 |class ActiveModel::Validations::NumericalityValidator < ActiveModel::EachValidator
          ^^^^^

sorbet/rbi/gems/activemodel.rbi:437: class definition in method body https://srb.help/2001
     437 |class ActiveModel::Validations::PresenceValidator < ActiveModel::EachValidator
          ^^^^^

sorbet/rbi/gems/activemodel.rbi:439: module definition in method body https://srb.help/2001
     439 |module ActiveModel::Validations::ClassMethods
          ^^^^^^

sorbet/rbi/gems/activemodel.rbi:441: class definition in method body https://srb.help/2001
     441 |class ActiveModel::Validations::WithValidator < ActiveModel::EachValidator
          ^^^^^

sorbet/rbi/gems/activemodel.rbi:443: class definition in method body https://srb.help/2001
     443 |class ActiveModel::ValidationError < StandardError
          ^^^^^

sorbet/rbi/gems/activemodel.rbi:445: module definition in method body https://srb.help/2001
     445 |module ActiveModel::Callbacks
          ^^^^^^

sorbet/rbi/gems/activemodel.rbi:447: class definition in method body https://srb.help/2001
     447 |class ActiveModel::AttributeMutationTracker
          ^^^^^

sorbet/rbi/gems/activemodel.rbi:449: class definition in method body https://srb.help/2001
     449 |class ActiveModel::ForcedMutationTracker < ActiveModel::AttributeMutationTracker
          ^^^^^

sorbet/rbi/gems/activemodel.rbi:451: class definition in method body https://srb.help/2001
     451 |class ActiveModel::NullMutationTracker
          ^^^^^

sorbet/rbi/gems/activemodel.rbi:455: module definition in method body https://srb.help/2001
     455 |module ActiveModel::Dirty
          ^^^^^^

sorbet/rbi/gems/activemodel.rbi:459: module definition in method body https://srb.help/2001
     459 |module ActiveModel::Serialization
          ^^^^^^

sorbet/rbi/gems/activemodel.rbi:461: module definition in method body https://srb.help/2001
     461 |module ActiveModel::Serializers::JSON
          ^^^^^^

sorbet/rbi/gems/activemodel.rbi:465: module definition in method body https://srb.help/2001
     465 |module ActiveModel::API
          ^^^^^^

sorbet/rbi/gems/activemodel.rbi:471: module definition in method body https://srb.help/2001
     471 |module ActiveModel::Model
          ^^^^^^

sorbet/rbi/gems/sqlite3.rbi:59: unexpected token "**" https://srb.help/2001
    59 |  def self.open(*arg0, ****); end
                                 ^^

sorbet/rbi/gems/sqlite3.rbi:12: class definition in method body https://srb.help/2001
    12 |class SQLite3::Database
        ^^^^^

sorbet/rbi/gems/sqlite3.rbi:70: unexpected token "end" https://srb.help/2001
    70 |end
        ^^^

sorbet/rbi/gems/sqlite3.rbi:71: class definition in method body https://srb.help/2001
    71 |class SQLite3::Statement
        ^^^^^

sorbet/rbi/gems/sqlite3.rbi:97: class definition in method body https://srb.help/2001
    97 |class SQLite3::Backup
        ^^^^^

sorbet/rbi/gems/sqlite3.rbi:104: module definition in method body https://srb.help/2001
     104 |module SQLite3
          ^^^^^^

sorbet/rbi/gems/sqlite3.rbi:111: module definition in method body https://srb.help/2001
     111 |module SQLite3::Constants
          ^^^^^^

sorbet/rbi/gems/sqlite3.rbi:113: module definition in method body https://srb.help/2001
     113 |module SQLite3::Constants::TextRep
          ^^^^^^

sorbet/rbi/gems/sqlite3.rbi:115: module definition in method body https://srb.help/2001
     115 |module SQLite3::Constants::ColumnType
          ^^^^^^

sorbet/rbi/gems/sqlite3.rbi:117: module definition in method body https://srb.help/2001
     117 |module SQLite3::Constants::ErrorCode
          ^^^^^^

sorbet/rbi/gems/sqlite3.rbi:119: class definition in method body https://srb.help/2001
     119 |class SQLite3::Exception < StandardError
          ^^^^^

sorbet/rbi/gems/sqlite3.rbi:122: class definition in method body https://srb.help/2001
     122 |class SQLite3::SQLException < SQLite3::Exception
          ^^^^^

sorbet/rbi/gems/sqlite3.rbi:124: class definition in method body https://srb.help/2001
     124 |class SQLite3::InternalException < SQLite3::Exception
          ^^^^^

sorbet/rbi/gems/sqlite3.rbi:126: class definition in method body https://srb.help/2001
     126 |class SQLite3::PermissionException < SQLite3::Exception
          ^^^^^

sorbet/rbi/gems/sqlite3.rbi:128: class definition in method body https://srb.help/2001
     128 |class SQLite3::AbortException < SQLite3::Exception
          ^^^^^

sorbet/rbi/gems/sqlite3.rbi:130: class definition in method body https://srb.help/2001
     130 |class SQLite3::BusyException < SQLite3::Exception
          ^^^^^

sorbet/rbi/gems/sqlite3.rbi:132: class definition in method body https://srb.help/2001
     132 |class SQLite3::LockedException < SQLite3::Exception
          ^^^^^

sorbet/rbi/gems/sqlite3.rbi:134: class definition in method body https://srb.help/2001
     134 |class SQLite3::MemoryException < SQLite3::Exception
          ^^^^^

sorbet/rbi/gems/sqlite3.rbi:136: class definition in method body https://srb.help/2001
     136 |class SQLite3::ReadOnlyException < SQLite3::Exception
          ^^^^^

sorbet/rbi/gems/sqlite3.rbi:138: class definition in method body https://srb.help/2001
     138 |class SQLite3::InterruptException < SQLite3::Exception
          ^^^^^

sorbet/rbi/gems/sqlite3.rbi:140: class definition in method body https://srb.help/2001
     140 |class SQLite3::IOException < SQLite3::Exception
          ^^^^^

sorbet/rbi/gems/sqlite3.rbi:142: class definition in method body https://srb.help/2001
     142 |class SQLite3::CorruptException < SQLite3::Exception
          ^^^^^

sorbet/rbi/gems/sqlite3.rbi:144: class definition in method body https://srb.help/2001
     144 |class SQLite3::NotFoundException < SQLite3::Exception
          ^^^^^

sorbet/rbi/gems/sqlite3.rbi:146: class definition in method body https://srb.help/2001
     146 |class SQLite3::FullException < SQLite3::Exception
          ^^^^^

sorbet/rbi/gems/sqlite3.rbi:148: class definition in method body https://srb.help/2001
     148 |class SQLite3::CantOpenException < SQLite3::Exception
          ^^^^^

sorbet/rbi/gems/sqlite3.rbi:150: class definition in method body https://srb.help/2001
     150 |class SQLite3::ProtocolException < SQLite3::Exception
          ^^^^^

sorbet/rbi/gems/sqlite3.rbi:152: class definition in method body https://srb.help/2001
     152 |class SQLite3::EmptyException < SQLite3::Exception
          ^^^^^

sorbet/rbi/gems/sqlite3.rbi:154: class definition in method body https://srb.help/2001
     154 |class SQLite3::SchemaChangedException < SQLite3::Exception
          ^^^^^

sorbet/rbi/gems/sqlite3.rbi:156: class definition in method body https://srb.help/2001
     156 |class SQLite3::TooBigException < SQLite3::Exception
          ^^^^^

sorbet/rbi/gems/sqlite3.rbi:158: class definition in method body https://srb.help/2001
     158 |class SQLite3::ConstraintException < SQLite3::Exception
          ^^^^^

sorbet/rbi/gems/sqlite3.rbi:160: class definition in method body https://srb.help/2001
     160 |class SQLite3::MismatchException < SQLite3::Exception
          ^^^^^

sorbet/rbi/gems/sqlite3.rbi:162: class definition in method body https://srb.help/2001
     162 |class SQLite3::MisuseException < SQLite3::Exception
          ^^^^^

sorbet/rbi/gems/sqlite3.rbi:164: class definition in method body https://srb.help/2001
     164 |class SQLite3::UnsupportedException < SQLite3::Exception
          ^^^^^

sorbet/rbi/gems/sqlite3.rbi:166: class definition in method body https://srb.help/2001
     166 |class SQLite3::AuthorizationException < SQLite3::Exception
          ^^^^^

sorbet/rbi/gems/sqlite3.rbi:168: class definition in method body https://srb.help/2001
     168 |class SQLite3::FormatException < SQLite3::Exception
          ^^^^^

sorbet/rbi/gems/sqlite3.rbi:170: class definition in method body https://srb.help/2001
     170 |class SQLite3::RangeException < SQLite3::Exception
          ^^^^^

sorbet/rbi/gems/sqlite3.rbi:172: class definition in method body https://srb.help/2001
     172 |class SQLite3::NotADatabaseException < SQLite3::Exception
          ^^^^^

sorbet/rbi/gems/sqlite3.rbi:174: module definition in method body https://srb.help/2001
     174 |module SQLite3::Pragmas
          ^^^^^^

sorbet/rbi/gems/sqlite3.rbi:291: class definition in method body https://srb.help/2001
     291 |class SQLite3::ResultSet
          ^^^^^

sorbet/rbi/gems/sqlite3.rbi:305: class definition in method body https://srb.help/2001
     305 |class SQLite3::ResultSet::ArrayWithTypes < Array
          ^^^^^

sorbet/rbi/gems/sqlite3.rbi:309: class definition in method body https://srb.help/2001
     309 |class SQLite3::ResultSet::ArrayWithTypesAndFields < Array
          ^^^^^

sorbet/rbi/gems/sqlite3.rbi:315: class definition in method body https://srb.help/2001
     315 |class SQLite3::ResultSet::HashWithTypesAndFields < Hash
          ^^^^^

sorbet/rbi/gems/sqlite3.rbi:322: class definition in method body https://srb.help/2001
     322 |class String
          ^^^^^

sorbet/rbi/gems/sqlite3.rbi:325: class definition in method body https://srb.help/2001
     325 |class SQLite3::Translator
          ^^^^^

sorbet/rbi/gems/sqlite3.rbi:332: class definition in method body https://srb.help/2001
     332 |class SQLite3::Value
          ^^^^^

sorbet/rbi/gems/sqlite3.rbi:344: class definition in method body https://srb.help/2001
     344 |class SQLite3::Database::FunctionProxy
          ^^^^^

sorbet/rbi/gems/sqlite3.rbi:353: module definition in method body https://srb.help/2001
     353 |module SQLite3::VersionProxy
          ^^^^^^

sorbet/rbi/sorbet-typed/lib/activestorage/all/activestorage.rbi:63: Method `ActiveStorage::Attached::One#detach` redefined without matching argument count. Expected: `2`, got: `0` https://srb.help/4010
    63 |  def detach; end
          ^^^^^^^^^^
    sorbet/rbi/gems/activestorage@7.0.2.3.rbi:409: Previous definition
     409 |  def detach(*_arg0, **_arg1, &_arg2); end
            ^^^^^^^^^^^^^^^^^^^^^^^^^^^^^^^^^^^

sorbet/rbi/sorbet-typed/lib/activestorage/all/activestorage.rbi:68: Method `ActiveStorage::Attached::One#purge` redefined without matching argument count. Expected: `2`, got: `0` https://srb.help/4010
    68 |  def purge; end
          ^^^^^^^^^
    sorbet/rbi/gems/activestorage@7.0.2.3.rbi:411: Previous definition
     411 |  def purge(*_arg0, **_arg1, &_arg2); end
            ^^^^^^^^^^^^^^^^^^^^^^^^^^^^^^^^^^

sorbet/rbi/sorbet-typed/lib/activestorage/all/activestorage.rbi:72: Method `ActiveStorage::Attached::One#purge_later` redefined without matching argument count. Expected: `2`, got: `0` https://srb.help/4010
    72 |  def purge_later; end
          ^^^^^^^^^^^^^^^
    sorbet/rbi/gems/activestorage@7.0.2.3.rbi:412: Previous definition
     412 |  def purge_later(*_arg0, **_arg1, &_arg2); end
            ^^^^^^^^^^^^^^^^^^^^^^^^^^^^^^^^^^^^^^^^

sorbet/rbi/sorbet-typed/lib/activestorage/all/activestorage.rbi:119: Method `ActiveStorage::Attached::Many#detach` redefined without matching argument count. Expected: `2`, got: `0` https://srb.help/4010
     119 |  def detach; end
            ^^^^^^^^^^
    sorbet/rbi/gems/activestorage@7.0.2.3.rbi:369: Previous definition
     369 |  def detach(*_arg0, **_arg1, &_arg2); end
            ^^^^^^^^^^^^^^^^^^^^^^^^^^^^^^^^^^^

sorbet/rbi/sorbet-typed/lib/activestorage/all/activestorage.rbi:124: Method `ActiveStorage::Attached::Many#purge` redefined without matching argument count. Expected: `2`, got: `0` https://srb.help/4010
     124 |  def purge; end
            ^^^^^^^^^
    sorbet/rbi/gems/activestorage@7.0.2.3.rbi:371: Previous definition
     371 |  def purge(*_arg0, **_arg1, &_arg2); end
            ^^^^^^^^^^^^^^^^^^^^^^^^^^^^^^^^^^

sorbet/rbi/sorbet-typed/lib/activestorage/all/activestorage.rbi:128: Method `ActiveStorage::Attached::Many#purge_later` redefined without matching argument count. Expected: `2`, got: `0` https://srb.help/4010
     128 |  def purge_later; end
            ^^^^^^^^^^^^^^^
    sorbet/rbi/gems/activestorage@7.0.2.3.rbi:372: Previous definition
     372 |  def purge_later(*_arg0, **_arg1, &_arg2); end
            ^^^^^^^^^^^^^^^^^^^^^^^^^^^^^^^^^^^^^^^^

sorbet/rbi/gems/msgpack@1.5.1.rbi:70: Method `MessagePack.dump` redefined without matching argument count. Expected: `2`, got: `3` https://srb.help/4010
    70 |    def dump(v, io = T.unsafe(nil), options = T.unsafe(nil)); end
            ^^^^^^^^^^^^^^^^^^^^^^^^^^^^^^^^^^^^^^^^^^^^^^^^^^^^^^^^
    https://github.com/sorbet/sorbet/tree/db802a9199bdfb55d50b6996819799b27af5b93b/rbi/gems/msgpack.rbi#L14: Previous definition
    14 |  def self.dump(v, *rest); end
          ^^^^^^^^^^^^^^^^^^^^^^^

sorbet/rbi/gems/msgpack@1.5.1.rbi:72: Method `MessagePack.pack` redefined without matching argument count. Expected: `2`, got: `3` https://srb.help/4010
    72 |    def pack(v, io = T.unsafe(nil), options = T.unsafe(nil)); end
            ^^^^^^^^^^^^^^^^^^^^^^^^^^^^^^^^^^^^^^^^^^^^^^^^^^^^^^^^
    https://github.com/sorbet/sorbet/tree/db802a9199bdfb55d50b6996819799b27af5b93b/rbi/gems/msgpack.rbi#L32: Previous definition
    32 |  def self.pack(v, *rest); end
          ^^^^^^^^^^^^^^^^^^^^^^^

sorbet/rbi/gems/net-smtp.rbi:82: Method `Net::SMTP#initialize` redefined without matching argument count. Expected: `2`, got: `7` https://srb.help/4010
    82 |  def initialize(address, port = nil, tls: nil, starttls: nil, tls_verify: nil, tls_hostname: nil, ssl_context_params: nil); end
          ^^^^^^^^^^^^^^^^^^^^^^^^^^^^^^^^^^^^^^^^^^^^^^^^^^^^^^^^^^^^^^^^^^^^^^^^^^^^^^^^^^^^^^^^^^^^^^^^^^^^^^^^^^^^^^^^^^^^^^^^^
    https://github.com/sorbet/sorbet/tree/db802a9199bdfb55d50b6996819799b27af5b93b/rbi/stdlib/net.rbi#L6368: Previous definition
    6368 |  def initialize(address, port=T.unsafe(nil)); end
            ^^^^^^^^^^^^^^^^^^^^^^^^^^^^^^^^^^^^^^^^^^^

sorbet/rbi/gems/net-smtp.rbi:100: Method `Net::SMTP.default_ssl_context` redefined without matching argument count. Expected: `0`, got: `1` https://srb.help/4010
     100 |  def self.default_ssl_context(ssl_context_params = nil); end
            ^^^^^^^^^^^^^^^^^^^^^^^^^^^^^^^^^^^^^^^^^^^^^^^^^^^^^^
    https://github.com/sorbet/sorbet/tree/db802a9199bdfb55d50b6996819799b27af5b93b/rbi/stdlib/net.rbi#L6616: Previous definition
    6616 |  def self.default_ssl_context(); end
            ^^^^^^^^^^^^^^^^^^^^^^^^^^^^^^

sorbet/rbi/gems/net-smtp.rbi:104: Method `Net::SMTP.start` redefined without matching argument count. Expected: `6`, got: `13` https://srb.help/4010
     104 |  def self.start(address, port = nil, *args, helo: nil, user: nil, secret: nil, password: nil, authtype: nil, tls: nil, starttls: nil, tls_verify: nil, tls_hostname: nil, ssl_context_params: nil, &block); end
            ^^^^^^^^^^^^^^^^^^^^^^^^^^^^^^^^^^^^^^^^^^^^^^^^^^^^^^^^^^^^^^^^^^^^^^^^^^^^^^^^^^^^^^^^^^^^^^^^^^^^^^^^^^^^^^^^^^^^^^^^^^^^^^^^^^^^^^^^^^^^^^^^^^^^^^^^^^^^^^^^^^^^^^^^^^^^^^^^^^^^^^^^^^^^^^^^^^^^^^^^^
    https://github.com/sorbet/sorbet/tree/db802a9199bdfb55d50b6996819799b27af5b93b/rbi/stdlib/net.rbi#L6688: Previous definition
    6688 |  def self.start(address, port=T.unsafe(nil), helo=T.unsafe(nil), user=T.unsafe(nil), secret=T.unsafe(nil), authtype=T.unsafe(nil), &block); end
            ^^^^^^^^^^^^^^^^^^^^^^^^^^^^^^^^^^^^^^^^^^^^^^^^^^^^^^^^^^^^^^^^^^^^^^^^^^^^^^^^^^^^^^^^^^^^^^^^^^^^^^^^^^^^^^^^^^^^^^^^^^^^^^^^^^^^^^^^^

sorbet/rbi/gems/net-smtp.rbi:113: Method `Net::SMTP#start` redefined without matching argument count. Expected: `4`, got: `6` https://srb.help/4010
     113 |  def start(*args, helo: nil, user: nil, secret: nil, password: nil, authtype: nil); end
            ^^^^^^^^^^^^^^^^^^^^^^^^^^^^^^^^^^^^^^^^^^^^^^^^^^^^^^^^^^^^^^^^^^^^^^^^^^^^^^^^^
    https://github.com/sorbet/sorbet/tree/db802a9199bdfb55d50b6996819799b27af5b93b/rbi/stdlib/net.rbi#L6587: Previous definition
    6587 |  def start(helo=T.unsafe(nil), user=T.unsafe(nil), secret=T.unsafe(nil), authtype=T.unsafe(nil)); end
            ^^^^^^^^^^^^^^^^^^^^^^^^^^^^^^^^^^^^^^^^^^^^^^^^^^^^^^^^^^^^^^^^^^^^^^^^^^^^^^^^^^^^^^^^^^^^^^^

sorbet/rbi/sorbet-typed/lib/activerecord/>=5/activerecord.rbi:72: Method `ActiveRecord::Suppressor#save` redefined without matching argument count. Expected: `1`, got: `2` https://srb.help/4010
    72 |  def save(*arg0, **arg1); end
          ^^^^^^^^^^^^^^^^^^^^^^^
    sorbet/rbi/gems/activerecord@7.0.2.3.rbi:7408: Previous definition
    7408 |  def save(**_arg0); end
            ^^^^^^^^^^^^^^^^^

sorbet/rbi/sorbet-typed/lib/activerecord/>=5/activerecord.rbi:73: Method `ActiveRecord::Suppressor#save!` redefined without matching argument count. Expected: `1`, got: `2` https://srb.help/4010
    73 |  def save!(*arg0, **arg1); end
          ^^^^^^^^^^^^^^^^^^^^^^^^
    sorbet/rbi/gems/activerecord@7.0.2.3.rbi:7409: Previous definition
    7409 |  def save!(**_arg0); end
            ^^^^^^^^^^^^^^^^^^

sorbet/rbi/sorbet-typed/lib/activerecord/>=5/activerecord.rbi:81: Method `ActiveRecord::SecureToken::ClassMethods#generate_unique_secure_token` redefined without matching argument count. Expected: `1`, got: `0` https://srb.help/4010
    81 |  def generate_unique_secure_token; end
          ^^^^^^^^^^^^^^^^^^^^^^^^^^^^^^^^
    sorbet/rbi/gems/activerecord@7.0.2.3.rbi:7199: Previous definition
    7199 |  def generate_unique_secure_token(length: T.unsafe(nil)); end
            ^^^^^^^^^^^^^^^^^^^^^^^^^^^^^^^^^^^^^^^^^^^^^^^^^^^^^^^

sorbet/rbi/sorbet-typed/lib/activerecord/>=5/activerecord.rbi:82: Method `ActiveRecord::SecureToken::ClassMethods#has_secure_token` redefined without matching argument count. Expected: `2`, got: `1` https://srb.help/4010
    82 |  def has_secure_token(attribute = T.unsafe(nil)); end
          ^^^^^^^^^^^^^^^^^^^^^^^^^^^^^^^^^^^^^^^^^^^^^^^
    sorbet/rbi/gems/activerecord@7.0.2.3.rbi:7200: Previous definition
    7200 |  def has_secure_token(attribute = T.unsafe(nil), length: T.unsafe(nil)); end
            ^^^^^^^^^^^^^^^^^^^^^^^^^^^^^^^^^^^^^^^^^^^^^^^^^^^^^^^^^^^^^^^^^^^^^^

sorbet/rbi/sorbet-typed/lib/activerecord/>=5/activerecord.rbi:89: Method `ActiveRecord::TouchLater#touch_later` redefined without matching argument count. Expected: `1`, got: `2` https://srb.help/4010
    89 |  def touch_later(*names, **arg1); end
          ^^^^^^^^^^^^^^^^^^^^^^^^^^^^^^^
    sorbet/rbi/gems/activerecord@7.0.2.3.rbi:7766: Previous definition
    7766 |  def touch_later(*names); end
            ^^^^^^^^^^^^^^^^^^^^^^^

sorbet/rbi/gems/globalid.rbi:40: unexpected token "," https://srb.help/2001
    40 |  def app(**, ****, &&); end
                    ^

sorbet/rbi/gems/globalid.rbi:38: class definition in method body https://srb.help/2001
    38 |class GlobalID
        ^^^^^

sorbet/rbi/gems/globalid.rbi:46: unexpected token "," https://srb.help/2001
    46 |  def model_id(**, ****, &&); end
                         ^

sorbet/rbi/gems/globalid.rbi:47: unexpected token "," https://srb.help/2001
    47 |  def model_name(**, ****, &&); end
                           ^

sorbet/rbi/gems/globalid.rbi:48: unexpected token "," https://srb.help/2001
    48 |  def params(**, ****, &&); end
                       ^

sorbet/rbi/gems/globalid.rbi:58: unexpected token "," https://srb.help/2001
    58 |  def to_s(**, ****, &&); end
                     ^

sorbet/rbi/gems/globalid.rbi:61: unexpected token "end" https://srb.help/2001
    61 |end
        ^^^

sorbet/rbi/gems/globalid.rbi:62: class definition in method body https://srb.help/2001
    62 |class GlobalID::Railtie < Rails::Railtie
        ^^^^^

sorbet/rbi/gems/globalid.rbi:64: class definition in method body https://srb.help/2001
    64 |class SignedGlobalID < GlobalID
        ^^^^^

sorbet/rbi/gems/globalid.rbi:66: class definition in method body https://srb.help/2001
    66 |class SignedGlobalID::ExpiredMessage < StandardError
        ^^^^^

sorbet/rbi/gems/globalid.rbi:68: class definition in method body https://srb.help/2001
    68 |class GlobalID::Verifier < ActiveSupport::MessageVerifier
        ^^^^^

sorbet/rbi/gems/globalid.rbi:70: module definition in method body https://srb.help/2001
    70 |module GlobalID::Identification
        ^^^^^^

sorbet/rbi/gems/globalid.rbi:72: module definition in method body https://srb.help/2001
    72 |module GlobalID::FixtureSet
        ^^^^^^

sorbet/rbi/gems/io-console.rbi:43: Method `IO.readlines` redefined without matching argument count. Expected: `11`, got: `1` https://srb.help/4010
    43 |  def self.readlines(*arg0); end
          ^^^^^^^^^^^^^^^^^^^^^^^^^
    https://github.com/sorbet/sorbet/tree/db802a9199bdfb55d50b6996819799b27af5b93b/rbi/core/io.rbi#L2134: Previous definition
    2134 |  def self.readlines(name, sep=T.unsafe(nil), limit=T.unsafe(nil), external_encoding: T.unsafe(nil), internal_encoding: T.unsafe(nil), encoding: T.unsafe(nil), textmode: T.unsafe(nil), binmode: T.unsafe(nil), autoclose: T.unsafe(nil), mode: T.unsafe(nil), chomp: T.unsafe(nil)); end
            ^^^^^^^^^^^^^^^^^^^^^^^^^^^^^^^^^^^^^^^^^^^^^^^^^^^^^^^^^^^^^^^^^^^^^^^^^^^^^^^^^^^^^^^^^^^^^^^^^^^^^^^^^^^^^^^^^^^^^^^^^^^^^^^^^^^^^^^^^^^^^^^^^^^^^^^^^^^^^^^^^^^^^^^^^^^^^^^^^^^^^^^^^^^^^^^^^^^^^^^^^^^^^^^^^^^^^^^^^^^^^^^^^^^^^^^^^^^^^^^^^^^^^^^^^^^^^^^^^^^^^^^^^^^^^^^^^^^

sorbet/rbi/gems/activerecord.rbi:1384: unexpected token "," https://srb.help/2001
    1384 |  def self.current_scope(**, ****, &&); end
                                     ^

sorbet/rbi/gems/activerecord.rbi:1379: class definition in method body https://srb.help/2001
    1379 |class ActiveRecord::Scoping::ScopeRegistry
          ^^^^^

sorbet/rbi/gems/activerecord.rbi:1385: unexpected token "," https://srb.help/2001
    1385 |  def self.global_current_scope(**, ****, &&); end
                                            ^

sorbet/rbi/gems/activerecord.rbi:1386: unexpected token "," https://srb.help/2001
    1386 |  def self.ignore_default_scope(**, ****, &&); end
                                            ^

sorbet/rbi/gems/activerecord.rbi:1388: unexpected token "," https://srb.help/2001
    1388 |  def self.set_current_scope(**, ****, &&); end
                                         ^

sorbet/rbi/gems/activerecord.rbi:1389: unexpected token "," https://srb.help/2001
    1389 |  def self.set_global_current_scope(**, ****, &&); end
                                                ^

sorbet/rbi/gems/activerecord.rbi:1390: unexpected token "," https://srb.help/2001
    1390 |  def self.set_ignore_default_scope(**, ****, &&); end
                                                ^

sorbet/rbi/gems/activerecord.rbi:1396: unexpected token "end" https://srb.help/2001
    1396 |end
          ^^^

sorbet/rbi/gems/activerecord.rbi:1397: module definition in method body https://srb.help/2001
    1397 |module ActiveRecord::Coders
          ^^^^^^

sorbet/rbi/gems/activerecord.rbi:1399: module definition in method body https://srb.help/2001
    1399 |module ActiveRecord::Locking
          ^^^^^^

sorbet/rbi/gems/activerecord.rbi:1402: module definition in method body https://srb.help/2001
    1402 |module ActiveRecord::Middleware
          ^^^^^^

sorbet/rbi/gems/activerecord.rbi:1405: module definition in method body https://srb.help/2001
    1405 |module ActiveRecord::Tasks
          ^^^^^^

sorbet/rbi/gems/activerecord.rbi:1408: class definition in method body https://srb.help/2001
    1408 |class ActiveRecord::Railtie < Rails::Railtie
          ^^^^^

sorbet/rbi/gems/activerecord.rbi:1410: module definition in method body https://srb.help/2001
    1410 |module ActiveRecord::Reflection
          ^^^^^^

sorbet/rbi/gems/activerecord.rbi:1417: module definition in method body https://srb.help/2001
    1417 |module ActiveRecord::Reflection::ClassMethods
          ^^^^^^

sorbet/rbi/gems/activerecord.rbi:1427: class definition in method body https://srb.help/2001
    1427 |class ActiveRecord::Reflection::AbstractReflection
          ^^^^^

sorbet/rbi/gems/activerecord.rbi:1454: class definition in method body https://srb.help/2001
    1454 |class ActiveRecord::Reflection::MacroReflection < ActiveRecord::Reflection::AbstractReflection
          ^^^^^

sorbet/rbi/gems/activerecord.rbi:1468: class definition in method body https://srb.help/2001
    1468 |class ActiveRecord::Reflection::AggregateReflection < ActiveRecord::Reflection::MacroReflection
          ^^^^^

sorbet/rbi/gems/activerecord.rbi:1471: class definition in method body https://srb.help/2001
    1471 |class ActiveRecord::Reflection::AssociationReflection < ActiveRecord::Reflection::MacroReflection
          ^^^^^

sorbet/rbi/gems/activerecord.rbi:1517: class definition in method body https://srb.help/2001
    1517 |class ActiveRecord::Reflection::HasManyReflection < ActiveRecord::Reflection::AssociationReflection
          ^^^^^

sorbet/rbi/gems/activerecord.rbi:1522: class definition in method body https://srb.help/2001
    1522 |class ActiveRecord::Reflection::HasOneReflection < ActiveRecord::Reflection::AssociationReflection
          ^^^^^

sorbet/rbi/gems/activerecord.rbi:1527: class definition in method body https://srb.help/2001
    1527 |class ActiveRecord::Reflection::BelongsToReflection < ActiveRecord::Reflection::AssociationReflection
          ^^^^^

sorbet/rbi/gems/activerecord.rbi:1537: class definition in method body https://srb.help/2001
    1537 |class ActiveRecord::Reflection::HasAndBelongsToManyReflection < ActiveRecord::Reflection::AssociationReflection
          ^^^^^

sorbet/rbi/gems/activerecord.rbi:1542: unexpected token "," https://srb.help/2001
    1542 |  def active_record(**, ****, &&); end
                                ^

sorbet/rbi/gems/activerecord.rbi:1541: class definition in method body https://srb.help/2001
    1541 |class ActiveRecord::Reflection::ThroughReflection < ActiveRecord::Reflection::AbstractReflection
          ^^^^^

sorbet/rbi/gems/activerecord.rbi:1543: unexpected token "," https://srb.help/2001
    1543 |  def active_record_primary_key(**, ****, &&); end
                                            ^

sorbet/rbi/gems/activerecord.rbi:1548: unexpected token "," https://srb.help/2001
    1548 |  def association_class(**, ****, &&); end
                                    ^

sorbet/rbi/gems/activerecord.rbi:1549: unexpected token "," https://srb.help/2001
    1549 |  def association_foreign_key(**, ****, &&); end
                                          ^

sorbet/rbi/gems/activerecord.rbi:1551: unexpected token "," https://srb.help/2001
    1551 |  def association_scope_cache(**, ****, &&); end
                                          ^

sorbet/rbi/gems/activerecord.rbi:1553: unexpected token "," https://srb.help/2001
    1553 |  def belongs_to?(**, ****, &&); end
                              ^

sorbet/rbi/gems/activerecord.rbi:1554: unexpected token "," https://srb.help/2001
    1554 |  def check_eager_loadable!(**, ****, &&); end
                                        ^

sorbet/rbi/gems/activerecord.rbi:1559: unexpected token "," https://srb.help/2001
    1559 |  def collection?(**, ****, &&); end
                              ^

sorbet/rbi/gems/activerecord.rbi:1560: unexpected token "," https://srb.help/2001
    1560 |  def compute_class(**, ****, &&); end
                                ^

sorbet/rbi/gems/activerecord.rbi:1564: unexpected token "," https://srb.help/2001
    1564 |  def extensions(**, ****, &&); end
                             ^

sorbet/rbi/gems/activerecord.rbi:1565: unexpected token "," https://srb.help/2001
    1565 |  def foreign_key(**, ****, &&); end
                              ^

sorbet/rbi/gems/activerecord.rbi:1566: unexpected token "," https://srb.help/2001
    1566 |  def foreign_type(**, ****, &&); end
                               ^

sorbet/rbi/gems/activerecord.rbi:1567: unexpected token "," https://srb.help/2001
    1567 |  def has_inverse?(**, ****, &&); end
                               ^

sorbet/rbi/gems/activerecord.rbi:1568: unexpected token "," https://srb.help/2001
    1568 |  def has_one?(**, ****, &&); end
                           ^

sorbet/rbi/gems/activerecord.rbi:1572: unexpected token "," https://srb.help/2001
    1572 |  def join_foreign_key(**, ****, &&); end
                                   ^

sorbet/rbi/gems/activerecord.rbi:1573: unexpected token "," https://srb.help/2001
    1573 |  def join_id_for(**, ****, &&); end
                              ^

sorbet/rbi/gems/activerecord.rbi:1576: unexpected token "," https://srb.help/2001
    1576 |  def join_table(**, ****, &&); end
                             ^

sorbet/rbi/gems/activerecord.rbi:1578: unexpected token "," https://srb.help/2001
    1578 |  def macro(**, ****, &&); end
                        ^

sorbet/rbi/gems/activerecord.rbi:1579: unexpected token "," https://srb.help/2001
    1579 |  def name(**, ****, &&); end
                       ^

sorbet/rbi/gems/activerecord.rbi:1581: unexpected token "," https://srb.help/2001
    1581 |  def options(**, ****, &&); end
                          ^

sorbet/rbi/gems/activerecord.rbi:1582: unexpected token "," https://srb.help/2001
    1582 |  def parent_reflection(**, ****, &&); end
                                    ^

sorbet/rbi/gems/activerecord.rbi:1584: unexpected token "," https://srb.help/2001
    1584 |  def plural_name(**, ****, &&); end
                              ^

sorbet/rbi/gems/activerecord.rbi:1585: unexpected token "," https://srb.help/2001
    1585 |  def polymorphic?(**, ****, &&); end
                               ^

sorbet/rbi/gems/activerecord.rbi:1586: unexpected token "," https://srb.help/2001
    1586 |  def polymorphic_inverse_of(**, ****, &&); end
                                         ^

sorbet/rbi/gems/activerecord.rbi:1587: unexpected token "," https://srb.help/2001
    1587 |  def scope(**, ****, &&); end
                        ^

sorbet/rbi/gems/activerecord.rbi:1588: unexpected token "," https://srb.help/2001
    1588 |  def scope_for(**, ****, &&); end
                            ^

sorbet/rbi/gems/activerecord.rbi:1597: unexpected token "," https://srb.help/2001
    1597 |  def type(**, ****, &&); end
                       ^

sorbet/rbi/gems/activerecord.rbi:1598: unexpected token "," https://srb.help/2001
    1598 |  def validate?(**, ****, &&); end
                            ^

sorbet/rbi/gems/activerecord.rbi:1603: unexpected token "," https://srb.help/2001
    1603 |  def join_foreign_key(**, ****, &&); end
                                   ^

sorbet/rbi/gems/activerecord.rbi:1600: class definition in method body https://srb.help/2001
    1600 |class ActiveRecord::Reflection::PolymorphicReflection < ActiveRecord::Reflection::AbstractReflection
          ^^^^^

sorbet/rbi/gems/activerecord.rbi:1604: unexpected token "," https://srb.help/2001
    1604 |  def join_primary_key(**, ****, &&); end
                                   ^

sorbet/rbi/gems/activerecord.rbi:1606: unexpected token "," https://srb.help/2001
    1606 |  def klass(**, ****, &&); end
                        ^

sorbet/rbi/gems/activerecord.rbi:1607: unexpected token "," https://srb.help/2001
    1607 |  def name(**, ****, &&); end
                       ^

sorbet/rbi/gems/activerecord.rbi:1608: unexpected token "," https://srb.help/2001
    1608 |  def plural_name(**, ****, &&); end
                              ^

sorbet/rbi/gems/activerecord.rbi:1609: unexpected token "," https://srb.help/2001
    1609 |  def scope(**, ****, &&); end
                        ^

sorbet/rbi/gems/activerecord.rbi:1610: unexpected token "," https://srb.help/2001
    1610 |  def scope_for(**, ****, &&); end
                            ^

sorbet/rbi/gems/activerecord.rbi:1612: unexpected token "," https://srb.help/2001
    1612 |  def type(**, ****, &&); end
                       ^

sorbet/rbi/gems/activerecord.rbi:1617: unexpected token "," https://srb.help/2001
    1617 |  def constraints(**, ****, &&); end
                              ^

sorbet/rbi/gems/activerecord.rbi:1614: class definition in method body https://srb.help/2001
    1614 |class ActiveRecord::Reflection::RuntimeReflection < ActiveRecord::Reflection::AbstractReflection
          ^^^^^

sorbet/rbi/gems/activerecord.rbi:1619: unexpected token "," https://srb.help/2001
    1619 |  def join_foreign_key(**, ****, &&); end
                                   ^

sorbet/rbi/gems/activerecord.rbi:1622: unexpected token "," https://srb.help/2001
    1622 |  def scope(**, ****, &&); end
                        ^

sorbet/rbi/gems/activerecord.rbi:1623: unexpected token "," https://srb.help/2001
    1623 |  def type(**, ****, &&); end
                       ^

sorbet/rbi/gems/activerecord.rbi:1625: class definition in method body https://srb.help/2001
    1625 |class ActiveRecord::MigrationError < ActiveRecord::ActiveRecordError
          ^^^^^

sorbet/rbi/gems/activerecord.rbi:1627: class definition in method body https://srb.help/2001
    1627 |class ActiveRecord::IrreversibleMigration < ActiveRecord::MigrationError
          ^^^^^

sorbet/rbi/gems/activerecord.rbi:1629: class definition in method body https://srb.help/2001
    1629 |class ActiveRecord::DuplicateMigrationVersionError < ActiveRecord::MigrationError
          ^^^^^

sorbet/rbi/gems/activerecord.rbi:1631: class definition in method body https://srb.help/2001
    1631 |class ActiveRecord::DuplicateMigrationNameError < ActiveRecord::MigrationError
          ^^^^^

sorbet/rbi/gems/activerecord.rbi:1633: class definition in method body https://srb.help/2001
    1633 |class ActiveRecord::UnknownMigrationVersionError < ActiveRecord::MigrationError
          ^^^^^

sorbet/rbi/gems/activerecord.rbi:1635: class definition in method body https://srb.help/2001
    1635 |class ActiveRecord::IllegalMigrationNameError < ActiveRecord::MigrationError
          ^^^^^

sorbet/rbi/gems/activerecord.rbi:1637: class definition in method body https://srb.help/2001
    1637 |class ActiveRecord::PendingMigrationError < ActiveRecord::MigrationError
          ^^^^^

sorbet/rbi/gems/activerecord.rbi:1641: class definition in method body https://srb.help/2001
    1641 |class ActiveRecord::ConcurrentMigrationError < ActiveRecord::MigrationError
          ^^^^^

sorbet/rbi/gems/activerecord.rbi:1643: class definition in method body https://srb.help/2001
    1643 |class ActiveRecord::NoEnvironmentInSchemaError < ActiveRecord::MigrationError
          ^^^^^

sorbet/rbi/gems/activerecord.rbi:1645: class definition in method body https://srb.help/2001
    1645 |class ActiveRecord::ProtectedEnvironmentError < ActiveRecord::ActiveRecordError
          ^^^^^

sorbet/rbi/gems/activerecord.rbi:1647: class definition in method body https://srb.help/2001
    1647 |class ActiveRecord::EnvironmentMismatchError < ActiveRecord::ActiveRecordError
          ^^^^^

sorbet/rbi/gems/activerecord.rbi:1649: class definition in method body https://srb.help/2001
    1649 |class ActiveRecord::EnvironmentStorageError < ActiveRecord::ActiveRecordError
          ^^^^^

sorbet/rbi/gems/activerecord.rbi:1651: class definition in method body https://srb.help/2001
    1651 |class ActiveRecord::Migration
          ^^^^^

sorbet/rbi/gems/activerecord.rbi:1653: class definition in method body https://srb.help/2001
    1653 |class ActiveRecord::Migration::Current < ActiveRecord::Migration
          ^^^^^

sorbet/rbi/gems/activerecord.rbi:1655: class definition in method body https://srb.help/2001
    1655 |class ActiveRecord::Migration::CheckPending
          ^^^^^

sorbet/rbi/gems/activerecord.rbi:1657: class definition in method body https://srb.help/2001
    1657 |class ActiveRecord::MigrationContext
          ^^^^^

sorbet/rbi/gems/activerecord.rbi:1659: class definition in method body https://srb.help/2001
    1659 |class ActiveRecord::Migrator
          ^^^^^

sorbet/rbi/gems/activerecord.rbi:1661: class definition in method body https://srb.help/2001
    1661 |class ActiveRecord::LogSubscriber < ActiveSupport::LogSubscriber
          ^^^^^

sorbet/rbi/gems/activerecord.rbi:1663: module definition in method body https://srb.help/2001
    1663 |module ActiveRecord::Railties
          ^^^^^^

sorbet/rbi/gems/activerecord.rbi:1665: module definition in method body https://srb.help/2001
    1665 |module ActiveRecord::Railties::ControllerRuntime
          ^^^^^^

sorbet/rbi/gems/activerecord.rbi:1668: module definition in method body https://srb.help/2001
    1668 |module ActiveRecord::Railties::ControllerRuntime::ClassMethods
          ^^^^^^

sorbet/rbi/gems/activerecord.rbi:1670: class definition in method body https://srb.help/2001
    1670 |class ActiveRecord::QueryCache
          ^^^^^

sorbet/rbi/gems/activerecord.rbi:1672: module definition in method body https://srb.help/2001
    1672 |module ActiveRecord::QueryCache::ClassMethods
          ^^^^^^

sorbet/rbi/gems/activerecord.rbi:1674: class definition in method body https://srb.help/2001
    1674 |class ActiveRecord::AsynchronousQueriesTracker
          ^^^^^

sorbet/rbi/gems/activerecord.rbi:1676: module definition in method body https://srb.help/2001
    1676 |module ActiveRecord::AsynchronousQueriesTracker::NullSession
          ^^^^^^

sorbet/rbi/gems/activerecord.rbi:1678: class definition in method body https://srb.help/2001
    1678 |class ActiveRecord::AsynchronousQueriesTracker::Session
          ^^^^^

sorbet/rbi/gems/activerecord.rbi:1680: module definition in method body https://srb.help/2001
    1680 |module ActiveRecord::Encryption
          ^^^^^^

sorbet/rbi/gems/activerecord.rbi:1687: class definition in method body https://srb.help/2001
    1687 |class ActiveRecord::Encryption::Cipher
          ^^^^^

sorbet/rbi/gems/activerecord.rbi:1690: class definition in method body https://srb.help/2001
    1690 |class ActiveRecord::Encryption::Context
          ^^^^^

sorbet/rbi/gems/activerecord.rbi:1692: module definition in method body https://srb.help/2001
    1692 |module ActiveRecord::Encryption::Configurable
          ^^^^^^

sorbet/rbi/gems/activerecord.rbi:1695: module definition in method body https://srb.help/2001
    1695 |module ActiveRecord::Encryption::Configurable::ClassMethods
          ^^^^^^

sorbet/rbi/gems/activerecord.rbi:1697: class definition in method body https://srb.help/2001
    1697 |class ActiveRecord::Encryption::Config
          ^^^^^

sorbet/rbi/gems/activerecord.rbi:1699: module definition in method body https://srb.help/2001
    1699 |module ActiveRecord::Encryption::Contexts
          ^^^^^^

sorbet/rbi/gems/activerecord.rbi:1702: module definition in method body https://srb.help/2001
    1702 |module ActiveRecord::Encryption::Contexts::ClassMethods
          ^^^^^^

sorbet/rbi/gems/activerecord.rbi:1704: class definition in method body https://srb.help/2001
    1704 |class ActiveRecord::Encryption::KeyGenerator
          ^^^^^

sorbet/rbi/gems/activerecord.rbi:1706: module definition in method body https://srb.help/2001
    1706 |module ActiveRecord::Encryption::Errors
          ^^^^^^

sorbet/rbi/gems/activerecord.rbi:1708: class definition in method body https://srb.help/2001
    1708 |class ActiveRecord::Encryption::Errors::Base < StandardError
          ^^^^^

sorbet/rbi/gems/activerecord.rbi:1710: class definition in method body https://srb.help/2001
    1710 |class ActiveRecord::Encryption::Errors::Encoding < ActiveRecord::Encryption::Errors::Base
          ^^^^^

sorbet/rbi/gems/activerecord.rbi:1712: class definition in method body https://srb.help/2001
    1712 |class ActiveRecord::Encryption::Errors::Decryption < ActiveRecord::Encryption::Errors::Base
          ^^^^^

sorbet/rbi/gems/activerecord.rbi:1714: class definition in method body https://srb.help/2001
    1714 |class ActiveRecord::Encryption::Errors::Encryption < ActiveRecord::Encryption::Errors::Base
          ^^^^^

sorbet/rbi/gems/activerecord.rbi:1716: class definition in method body https://srb.help/2001
    1716 |class ActiveRecord::Encryption::Errors::Configuration < ActiveRecord::Encryption::Errors::Base
          ^^^^^

sorbet/rbi/gems/activerecord.rbi:1718: class definition in method body https://srb.help/2001
    1718 |class ActiveRecord::Encryption::Errors::ForbiddenClass < ActiveRecord::Encryption::Errors::Base
          ^^^^^

sorbet/rbi/gems/activerecord.rbi:1720: class definition in method body https://srb.help/2001
    1720 |class ActiveRecord::Encryption::Errors::EncryptedContentIntegrity < ActiveRecord::Encryption::Errors::Base
          ^^^^^

sorbet/rbi/gems/activerecord.rbi:1722: class definition in method body https://srb.help/2001
    1722 |class ActiveRecord::Encryption::Encryptor
          ^^^^^

sorbet/rbi/gems/activerecord.rbi:1724: class definition in method body https://srb.help/2001
    1724 |class ActiveRecord::Encryption::MessageSerializer
          ^^^^^

sorbet/rbi/gems/activerecord.rbi:1726: class definition in method body https://srb.help/2001
    1726 |class ActiveRecord::Encryption::KeyProvider
          ^^^^^

sorbet/rbi/gems/activerecord.rbi:1728: class definition in method body https://srb.help/2001
    1728 |class ActiveRecord::Encryption::DerivedSecretKeyProvider < ActiveRecord::Encryption::KeyProvider
          ^^^^^

sorbet/rbi/gems/activerecord.rbi:1730: class definition in method body https://srb.help/2001
    1730 |class ActiveRecord::ExplainRegistry
          ^^^^^

sorbet/rbi/gems/activerecord.rbi:1732: class definition in method body https://srb.help/2001
    1732 |class ActiveRecord::ExplainSubscriber
          ^^^^^

sorbet/rbi/gems/activerecord.rbi:1734: module definition in method body https://srb.help/2001
    1734 |module ActiveRecord::Delegation
          ^^^^^^

sorbet/rbi/gems/activerecord.rbi:1737: module definition in method body https://srb.help/2001
    1737 |module ActiveRecord::Delegation::DelegateCache
          ^^^^^^

sorbet/rbi/gems/activerecord.rbi:1739: class definition in method body https://srb.help/2001
    1739 |class ActiveRecord::Delegation::GeneratedRelationMethods < Module
          ^^^^^

sorbet/rbi/gems/activerecord.rbi:1742: module definition in method body https://srb.help/2001
    1742 |module ActiveRecord::Delegation::ClassSpecificRelation
          ^^^^^^

sorbet/rbi/gems/activerecord.rbi:1745: module definition in method body https://srb.help/2001
    1745 |module ActiveRecord::Delegation::ClassSpecificRelation::ClassMethods
          ^^^^^^

sorbet/rbi/gems/activerecord.rbi:1747: module definition in method body https://srb.help/2001
    1747 |module ActiveRecord::Delegation::ClassMethods
          ^^^^^^

sorbet/rbi/gems/activerecord.rbi:1749: module definition in method body https://srb.help/2001
    1749 |module ActiveRecord::Attributes
          ^^^^^^

sorbet/rbi/gems/activerecord.rbi:1752: module definition in method body https://srb.help/2001
    1752 |module ActiveRecord::Attributes::ClassMethods
          ^^^^^^

sorbet/rbi/gems/activerecord.rbi:1754: module definition in method body https://srb.help/2001
    1754 |module ActiveRecord::TypeCaster
          ^^^^^^

sorbet/rbi/gems/activerecord.rbi:1756: class definition in method body https://srb.help/2001
    1756 |class ActiveRecord::TypeCaster::Map
          ^^^^^

sorbet/rbi/gems/activerecord.rbi:1758: class definition in method body https://srb.help/2001
    1758 |class ActiveRecord::TypeCaster::Connection
          ^^^^^

sorbet/rbi/gems/activerecord.rbi:1760: class definition in method body https://srb.help/2001
    1760 |class ActiveRecord::DatabaseConfigurations
          ^^^^^

sorbet/rbi/gems/activerecord.rbi:1762: class definition in method body https://srb.help/2001
    1762 |class ActiveRecord::DatabaseConfigurations::DatabaseConfig
          ^^^^^

sorbet/rbi/gems/activerecord.rbi:1764: class definition in method body https://srb.help/2001
    1764 |class ActiveRecord::DatabaseConfigurations::HashConfig < ActiveRecord::DatabaseConfigurations::DatabaseConfig
          ^^^^^

sorbet/rbi/gems/activerecord.rbi:1766: class definition in method body https://srb.help/2001
    1766 |class ActiveRecord::DatabaseConfigurations::UrlConfig < ActiveRecord::DatabaseConfigurations::HashConfig
          ^^^^^

sorbet/rbi/gems/activerecord.rbi:1768: class definition in method body https://srb.help/2001
    1768 |class ActiveRecord::DatabaseConfigurations::ConnectionUrlResolver
          ^^^^^

sorbet/rbi/gems/activerecord.rbi:1770: class definition in method body https://srb.help/2001
    1770 |class ActiveRecord::DatabaseConfigurations::InvalidConfigurationError < StandardError
          ^^^^^

sorbet/rbi/gems/activerecord.rbi:1772: module definition in method body https://srb.help/2001
    1772 |module ActiveRecord::ConnectionHandling
          ^^^^^^

sorbet/rbi/gems/activerecord.rbi:1774: module definition in method body https://srb.help/2001
    1774 |module ActiveRecord::Querying
          ^^^^^^

sorbet/rbi/gems/activerecord.rbi:1776: module definition in method body https://srb.help/2001
    1776 |module ActiveRecord::Translation
          ^^^^^^

sorbet/rbi/gems/activerecord.rbi:1779: module definition in method body https://srb.help/2001
    1779 |module ActiveRecord::DynamicMatchers
          ^^^^^^

sorbet/rbi/gems/activerecord.rbi:1781: class definition in method body https://srb.help/2001
    1781 |class ActiveRecord::DynamicMatchers::Method
          ^^^^^

sorbet/rbi/gems/activerecord.rbi:1783: class definition in method body https://srb.help/2001
    1783 |class ActiveRecord::DynamicMatchers::FindBy < ActiveRecord::DynamicMatchers::Method
          ^^^^^

sorbet/rbi/gems/activerecord.rbi:1785: class definition in method body https://srb.help/2001
    1785 |class ActiveRecord::DynamicMatchers::FindByBang < ActiveRecord::DynamicMatchers::Method
          ^^^^^

sorbet/rbi/gems/activerecord.rbi:1787: module definition in method body https://srb.help/2001
    1787 |module ActiveRecord::DelegatedType
          ^^^^^^

sorbet/rbi/gems/activerecord.rbi:1789: module definition in method body https://srb.help/2001
    1789 |module ActiveRecord::Explain
          ^^^^^^

sorbet/rbi/gems/activerecord.rbi:1791: module definition in method body https://srb.help/2001
    1791 |module ActiveRecord::Type
          ^^^^^^

sorbet/rbi/gems/activerecord.rbi:1793: module definition in method body https://srb.help/2001
    1793 |module ActiveRecord::Type::Internal
          ^^^^^^

sorbet/rbi/gems/activerecord.rbi:1795: module definition in method body https://srb.help/2001
    1795 |module ActiveRecord::Type::Internal::Timezone
          ^^^^^^

sorbet/rbi/gems/activerecord.rbi:1797: class definition in method body https://srb.help/2001
    1797 |class ActiveRecord::Type::Date < ActiveModel::Type::Date
          ^^^^^

sorbet/rbi/gems/activerecord.rbi:1800: class definition in method body https://srb.help/2001
    1800 |class ActiveRecord::Type::DateTime < ActiveModel::Type::DateTime
          ^^^^^

sorbet/rbi/gems/activerecord.rbi:1803: class definition in method body https://srb.help/2001
    1803 |class ActiveRecord::Type::DecimalWithoutScale < ActiveModel::Type::BigInteger
          ^^^^^

sorbet/rbi/gems/activerecord.rbi:1805: class definition in method body https://srb.help/2001
    1805 |class ActiveRecord::Type::Json < ActiveModel::Type::Value
          ^^^^^

sorbet/rbi/gems/activerecord.rbi:1808: class definition in method body https://srb.help/2001
    1808 |class ActiveRecord::Type::Time < ActiveModel::Type::Time
          ^^^^^

sorbet/rbi/gems/activerecord.rbi:1811: class definition in method body https://srb.help/2001
    1811 |class ActiveRecord::Type::Time::Value < Anonymous_Delegator_18
          ^^^^^

sorbet/rbi/gems/activerecord.rbi:1813: class definition in method body https://srb.help/2001
    1813 |class ActiveRecord::Type::Text < ActiveModel::Type::String
          ^^^^^

sorbet/rbi/gems/activerecord.rbi:1815: class definition in method body https://srb.help/2001
    1815 |class ActiveRecord::Type::UnsignedInteger < ActiveModel::Type::Integer
          ^^^^^

sorbet/rbi/gems/activerecord.rbi:1817: class definition in method body https://srb.help/2001
    1817 |class ActiveRecord::Type::Serialized < Anonymous_Delegator_19
          ^^^^^

sorbet/rbi/gems/activerecord.rbi:1820: class definition in method body https://srb.help/2001
    1820 |class ActiveRecord::Type::AdapterSpecificRegistry
          ^^^^^

sorbet/rbi/gems/activerecord.rbi:1822: class definition in method body https://srb.help/2001
    1822 |class ActiveRecord::Type::Registration
          ^^^^^

sorbet/rbi/gems/activerecord.rbi:1824: class definition in method body https://srb.help/2001
    1824 |class ActiveRecord::Type::DecorationRegistration < ActiveRecord::Type::Registration
          ^^^^^

sorbet/rbi/gems/activerecord.rbi:1826: class definition in method body https://srb.help/2001
    1826 |class ActiveRecord::TypeConflictError < StandardError
          ^^^^^

sorbet/rbi/gems/activerecord.rbi:1828: class definition in method body https://srb.help/2001
    1828 |class ActiveRecord::Type::TypeMap
          ^^^^^

sorbet/rbi/gems/activerecord.rbi:1830: class definition in method body https://srb.help/2001
    1830 |class ActiveRecord::Type::HashLookupTypeMap
          ^^^^^

sorbet/rbi/gems/activerecord.rbi:1832: module definition in method body https://srb.help/2001
    1832 |module ActiveRecord::Enum
          ^^^^^^

sorbet/rbi/gems/activerecord.rbi:1834: class definition in method body https://srb.help/2001
    1834 |class ActiveRecord::Enum::EnumType < ActiveModel::Type::Value
          ^^^^^

sorbet/rbi/gems/activerecord.rbi:1836: class definition in method body https://srb.help/2001
    1836 |class ActiveRecord::Enum::EnumMethods < Module
          ^^^^^

sorbet/rbi/gems/activerecord.rbi:1838: module definition in method body https://srb.help/2001
    1838 |module ActiveRecord::Aggregations
          ^^^^^^

sorbet/rbi/gems/activerecord.rbi:1840: module definition in method body https://srb.help/2001
    1840 |module ActiveRecord::Aggregations::ClassMethods
          ^^^^^^

sorbet/rbi/gems/activerecord.rbi:1842: module definition in method body https://srb.help/2001
    1842 |module ActiveRecord::Core
          ^^^^^^

sorbet/rbi/gems/activerecord.rbi:1845: module definition in method body https://srb.help/2001
    1845 |module ActiveRecord::Core::ClassMethods
          ^^^^^^

sorbet/rbi/gems/activerecord.rbi:1847: class definition in method body https://srb.help/2001
    1847 |class ActiveRecord::Core::InspectionMask < Anonymous_Delegator_20
          ^^^^^

sorbet/rbi/gems/activerecord.rbi:1849: module definition in method body https://srb.help/2001
    1849 |module ActiveRecord::ConnectionAdapters
          ^^^^^^

sorbet/rbi/gems/activerecord.rbi:1852: class definition in method body https://srb.help/2001
    1852 |class ActiveRecord::ConnectionAdapters::ConnectionHandler
          ^^^^^

sorbet/rbi/gems/activerecord.rbi:1854: class definition in method body https://srb.help/2001
    1854 |class ActiveRecord::ConnectionAdapters::ConnectionHandler::StringConnectionOwner
          ^^^^^

sorbet/rbi/gems/activerecord.rbi:1856: class definition in method body https://srb.help/2001
    1856 |class ActiveRecord::InsertAll
          ^^^^^

sorbet/rbi/gems/activerecord.rbi:1858: class definition in method body https://srb.help/2001
    1858 |class ActiveRecord::InsertAll::Builder
          ^^^^^

sorbet/rbi/gems/activerecord.rbi:1860: module definition in method body https://srb.help/2001
    1860 |module ActiveRecord::Persistence
          ^^^^^^

sorbet/rbi/gems/activerecord.rbi:1863: module definition in method body https://srb.help/2001
    1863 |module ActiveRecord::Persistence::ClassMethods
          ^^^^^^

sorbet/rbi/gems/activerecord.rbi:1865: module definition in method body https://srb.help/2001
    1865 |module ActiveRecord::ReadonlyAttributes
          ^^^^^^

sorbet/rbi/gems/activerecord.rbi:1868: module definition in method body https://srb.help/2001
    1868 |module ActiveRecord::ReadonlyAttributes::ClassMethods
          ^^^^^^

sorbet/rbi/gems/activerecord.rbi:1870: module definition in method body https://srb.help/2001
    1870 |module ActiveRecord::ModelSchema
          ^^^^^^

sorbet/rbi/gems/activerecord.rbi:1873: module definition in method body https://srb.help/2001
    1873 |module ActiveRecord::ModelSchema::ClassMethods
          ^^^^^^

sorbet/rbi/gems/activerecord.rbi:1875: module definition in method body https://srb.help/2001
    1875 |module ActiveRecord::Inheritance
          ^^^^^^

sorbet/rbi/gems/activerecord.rbi:1878: module definition in method body https://srb.help/2001
    1878 |module ActiveRecord::Inheritance::ClassMethods
          ^^^^^^

sorbet/rbi/gems/activerecord.rbi:1880: class definition in method body https://srb.help/2001
    1880 |class ActiveRecord::Scoping::DefaultScope
          ^^^^^

sorbet/rbi/gems/activerecord.rbi:1882: module definition in method body https://srb.help/2001
    1882 |module ActiveRecord::Scoping::Default
          ^^^^^^

sorbet/rbi/gems/activerecord.rbi:1885: module definition in method body https://srb.help/2001
    1885 |module ActiveRecord::Scoping::Default::ClassMethods
          ^^^^^^

sorbet/rbi/gems/activerecord.rbi:1887: module definition in method body https://srb.help/2001
    1887 |module ActiveRecord::Scoping::Named
          ^^^^^^

sorbet/rbi/gems/activerecord.rbi:1890: module definition in method body https://srb.help/2001
    1890 |module ActiveRecord::Scoping::Named::ClassMethods
          ^^^^^^

sorbet/rbi/gems/activerecord.rbi:1892: module definition in method body https://srb.help/2001
    1892 |module ActiveRecord::Sanitization
          ^^^^^^

sorbet/rbi/gems/activerecord.rbi:1895: module definition in method body https://srb.help/2001
    1895 |module ActiveRecord::Sanitization::ClassMethods
          ^^^^^^

sorbet/rbi/gems/activerecord.rbi:1897: module definition in method body https://srb.help/2001
    1897 |module ActiveRecord::AttributeAssignment
          ^^^^^^

sorbet/rbi/gems/activerecord.rbi:1900: module definition in method body https://srb.help/2001
    1900 |module ActiveRecord::Integration
          ^^^^^^

sorbet/rbi/gems/activerecord.rbi:1903: module definition in method body https://srb.help/2001
    1903 |module ActiveRecord::Integration::ClassMethods
          ^^^^^^

sorbet/rbi/gems/activerecord.rbi:1905: module definition in method body https://srb.help/2001
    1905 |module ActiveRecord::Validations
          ^^^^^^

sorbet/rbi/gems/activerecord.rbi:1909: class definition in method body https://srb.help/2001
    1909 |class ActiveRecord::Validations::AssociatedValidator < ActiveModel::EachValidator
          ^^^^^

sorbet/rbi/gems/activerecord.rbi:1911: module definition in method body https://srb.help/2001
    1911 |module ActiveRecord::Validations::ClassMethods
          ^^^^^^

sorbet/rbi/gems/activerecord.rbi:1913: class definition in method body https://srb.help/2001
    1913 |class ActiveRecord::Validations::UniquenessValidator < ActiveModel::EachValidator
          ^^^^^

sorbet/rbi/gems/activerecord.rbi:1915: class definition in method body https://srb.help/2001
    1915 |class ActiveRecord::Validations::PresenceValidator < ActiveModel::Validations::PresenceValidator
          ^^^^^

sorbet/rbi/gems/activerecord.rbi:1917: class definition in method body https://srb.help/2001
    1917 |class ActiveRecord::Validations::AbsenceValidator < ActiveModel::Validations::AbsenceValidator
          ^^^^^

sorbet/rbi/gems/activerecord.rbi:1919: class definition in method body https://srb.help/2001
    1919 |class ActiveRecord::Validations::LengthValidator < ActiveModel::Validations::LengthValidator
          ^^^^^

sorbet/rbi/gems/activerecord.rbi:1921: class definition in method body https://srb.help/2001
    1921 |class ActiveRecord::Validations::NumericalityValidator < ActiveModel::Validations::NumericalityValidator
          ^^^^^

sorbet/rbi/gems/activerecord.rbi:1923: class definition in method body https://srb.help/2001
    1923 |class ActiveRecord::RecordInvalid < ActiveRecord::ActiveRecordError
          ^^^^^

sorbet/rbi/gems/activerecord.rbi:1925: module definition in method body https://srb.help/2001
    1925 |module ActiveRecord::CounterCache
          ^^^^^^

sorbet/rbi/gems/activerecord.rbi:1928: module definition in method body https://srb.help/2001
    1928 |module ActiveRecord::CounterCache::ClassMethods
          ^^^^^^

sorbet/rbi/gems/activerecord.rbi:1930: module definition in method body https://srb.help/2001
    1930 |module ActiveRecord::Locking::Optimistic
          ^^^^^^

sorbet/rbi/gems/activerecord.rbi:1933: module definition in method body https://srb.help/2001
    1933 |module ActiveRecord::Locking::Optimistic::ClassMethods
          ^^^^^^

sorbet/rbi/gems/activerecord.rbi:1935: class definition in method body https://srb.help/2001
    1935 |class ActiveRecord::Locking::LockingType < Anonymous_Delegator_21
          ^^^^^

sorbet/rbi/gems/activerecord.rbi:1937: module definition in method body https://srb.help/2001
    1937 |module ActiveRecord::Locking::Pessimistic
          ^^^^^^

sorbet/rbi/gems/activerecord.rbi:1939: module definition in method body https://srb.help/2001
    1939 |module ActiveRecord::AttributeMethods::Read
          ^^^^^^

sorbet/rbi/gems/activerecord.rbi:1942: module definition in method body https://srb.help/2001
    1942 |module ActiveRecord::AttributeMethods::Read::ClassMethods
          ^^^^^^

sorbet/rbi/gems/activerecord.rbi:1944: module definition in method body https://srb.help/2001
    1944 |module ActiveRecord::AttributeMethods::Write
          ^^^^^^

sorbet/rbi/gems/activerecord.rbi:1947: module definition in method body https://srb.help/2001
    1947 |module ActiveRecord::AttributeMethods::Write::ClassMethods
          ^^^^^^

sorbet/rbi/gems/activerecord.rbi:1949: module definition in method body https://srb.help/2001
    1949 |module ActiveRecord::AttributeMethods::BeforeTypeCast
          ^^^^^^

sorbet/rbi/gems/activerecord.rbi:1952: module definition in method body https://srb.help/2001
    1952 |module ActiveRecord::AttributeMethods::Query
          ^^^^^^

sorbet/rbi/gems/activerecord.rbi:1955: module definition in method body https://srb.help/2001
    1955 |module ActiveRecord::AttributeMethods::PrimaryKey
          ^^^^^^

sorbet/rbi/gems/activerecord.rbi:1958: module definition in method body https://srb.help/2001
    1958 |module ActiveRecord::AttributeMethods::PrimaryKey::ClassMethods
          ^^^^^^

sorbet/rbi/gems/activerecord.rbi:1960: module definition in method body https://srb.help/2001
    1960 |module ActiveRecord::AttributeMethods::TimeZoneConversion
          ^^^^^^

sorbet/rbi/gems/activerecord.rbi:1963: class definition in method body https://srb.help/2001
    1963 |class ActiveRecord::AttributeMethods::TimeZoneConversion::TimeZoneConverter < Anonymous_Delegator_22
          ^^^^^

sorbet/rbi/gems/activerecord.rbi:1965: module definition in method body https://srb.help/2001
    1965 |module ActiveRecord::AttributeMethods::TimeZoneConversion::ClassMethods
          ^^^^^^

sorbet/rbi/gems/activerecord.rbi:1967: module definition in method body https://srb.help/2001
    1967 |module ActiveRecord::AttributeMethods::Dirty
          ^^^^^^

sorbet/rbi/gems/activerecord.rbi:1971: module definition in method body https://srb.help/2001
    1971 |module ActiveRecord::AttributeMethods::Dirty::ClassMethods
          ^^^^^^

sorbet/rbi/gems/activerecord.rbi:1973: module definition in method body https://srb.help/2001
    1973 |module ActiveRecord::Timestamp
          ^^^^^^

sorbet/rbi/gems/activerecord.rbi:1976: module definition in method body https://srb.help/2001
    1976 |module ActiveRecord::Timestamp::ClassMethods
          ^^^^^^

sorbet/rbi/gems/activerecord.rbi:1978: module definition in method body https://srb.help/2001
    1978 |module ActiveRecord::AttributeMethods::Serialization
          ^^^^^^

sorbet/rbi/gems/activerecord.rbi:1981: class definition in method body https://srb.help/2001
    1981 |class ActiveRecord::AttributeMethods::Serialization::ColumnNotSerializableError < StandardError
          ^^^^^

sorbet/rbi/gems/activerecord.rbi:1983: module definition in method body https://srb.help/2001
    1983 |module ActiveRecord::AttributeMethods::Serialization::ClassMethods
          ^^^^^^

sorbet/rbi/gems/activerecord.rbi:1985: module definition in method body https://srb.help/2001
    1985 |module ActiveRecord::Callbacks
          ^^^^^^

sorbet/rbi/gems/activerecord.rbi:1988: module definition in method body https://srb.help/2001
    1988 |module ActiveRecord::Callbacks::ClassMethods
          ^^^^^^

sorbet/rbi/gems/activerecord.rbi:1991: class definition in method body https://srb.help/2001
    1991 |class ActiveRecord::AssociationNotFoundError < ActiveRecord::ConfigurationError
          ^^^^^

sorbet/rbi/gems/activerecord.rbi:1994: class definition in method body https://srb.help/2001
    1994 |class ActiveRecord::InverseOfAssociationNotFoundError < ActiveRecord::ActiveRecordError
          ^^^^^

sorbet/rbi/gems/activerecord.rbi:1997: class definition in method body https://srb.help/2001
    1997 |class ActiveRecord::InverseOfAssociationRecursiveError < ActiveRecord::ActiveRecordError
          ^^^^^

sorbet/rbi/gems/activerecord.rbi:1999: class definition in method body https://srb.help/2001
    1999 |class ActiveRecord::HasManyThroughAssociationNotFoundError < ActiveRecord::ActiveRecordError
          ^^^^^

sorbet/rbi/gems/activerecord.rbi:2002: class definition in method body https://srb.help/2001
    2002 |class ActiveRecord::HasManyThroughAssociationPolymorphicSourceError < ActiveRecord::ActiveRecordError
          ^^^^^

sorbet/rbi/gems/activerecord.rbi:2004: class definition in method body https://srb.help/2001
    2004 |class ActiveRecord::HasManyThroughAssociationPolymorphicThroughError < ActiveRecord::ActiveRecordError
          ^^^^^

sorbet/rbi/gems/activerecord.rbi:2006: class definition in method body https://srb.help/2001
    2006 |class ActiveRecord::HasManyThroughAssociationPointlessSourceTypeError < ActiveRecord::ActiveRecordError
          ^^^^^

sorbet/rbi/gems/activerecord.rbi:2008: class definition in method body https://srb.help/2001
    2008 |class ActiveRecord::HasOneThroughCantAssociateThroughCollection < ActiveRecord::ActiveRecordError
          ^^^^^

sorbet/rbi/gems/activerecord.rbi:2010: class definition in method body https://srb.help/2001
    2010 |class ActiveRecord::HasOneAssociationPolymorphicThroughError < ActiveRecord::ActiveRecordError
          ^^^^^

sorbet/rbi/gems/activerecord.rbi:2012: class definition in method body https://srb.help/2001
    2012 |class ActiveRecord::HasManyThroughSourceAssociationNotFoundError < ActiveRecord::ActiveRecordError
          ^^^^^

sorbet/rbi/gems/activerecord.rbi:2014: class definition in method body https://srb.help/2001
    2014 |class ActiveRecord::HasManyThroughOrderError < ActiveRecord::ActiveRecordError
          ^^^^^

sorbet/rbi/gems/activerecord.rbi:2016: class definition in method body https://srb.help/2001
    2016 |class ActiveRecord::ThroughCantAssociateThroughHasOneOrManyReflection < ActiveRecord::ActiveRecordError
          ^^^^^

sorbet/rbi/gems/activerecord.rbi:2018: class definition in method body https://srb.help/2001
    2018 |class ActiveRecord::AmbiguousSourceReflectionForThroughAssociation < ActiveRecord::ActiveRecordError
          ^^^^^

sorbet/rbi/gems/activerecord.rbi:2020: class definition in method body https://srb.help/2001
    2020 |class ActiveRecord::HasManyThroughCantAssociateThroughHasOneOrManyReflection < ActiveRecord::ThroughCantAssociateThroughHasOneOrManyReflection
          ^^^^^

sorbet/rbi/gems/activerecord.rbi:2022: class definition in method body https://srb.help/2001
    2022 |class ActiveRecord::HasOneThroughCantAssociateThroughHasOneOrManyReflection < ActiveRecord::ThroughCantAssociateThroughHasOneOrManyReflection
          ^^^^^

sorbet/rbi/gems/activerecord.rbi:2024: class definition in method body https://srb.help/2001
    2024 |class ActiveRecord::ThroughNestedAssociationsAreReadonly < ActiveRecord::ActiveRecordError
          ^^^^^

sorbet/rbi/gems/activerecord.rbi:2026: class definition in method body https://srb.help/2001
    2026 |class ActiveRecord::HasManyThroughNestedAssociationsAreReadonly < ActiveRecord::ThroughNestedAssociationsAreReadonly
          ^^^^^

sorbet/rbi/gems/activerecord.rbi:2028: class definition in method body https://srb.help/2001
    2028 |class ActiveRecord::HasOneThroughNestedAssociationsAreReadonly < ActiveRecord::ThroughNestedAssociationsAreReadonly
          ^^^^^

sorbet/rbi/gems/activerecord.rbi:2030: class definition in method body https://srb.help/2001
    2030 |class ActiveRecord::EagerLoadPolymorphicError < ActiveRecord::ActiveRecordError
          ^^^^^

sorbet/rbi/gems/activerecord.rbi:2032: class definition in method body https://srb.help/2001
    2032 |class ActiveRecord::DeleteRestrictionError < ActiveRecord::ActiveRecordError
          ^^^^^

sorbet/rbi/gems/activerecord.rbi:2034: module definition in method body https://srb.help/2001
    2034 |module ActiveRecord::Associations
          ^^^^^^

sorbet/rbi/gems/activerecord.rbi:2038: module definition in method body https://srb.help/2001
    2038 |module ActiveRecord::Associations::Builder
          ^^^^^^

sorbet/rbi/gems/activerecord.rbi:2040: module definition in method body https://srb.help/2001
    2040 |module ActiveRecord::Associations::ClassMethods
          ^^^^^^

sorbet/rbi/gems/activerecord.rbi:2042: module definition in method body https://srb.help/2001
    2042 |module ActiveRecord::AutosaveAssociation
          ^^^^^^

sorbet/rbi/gems/activerecord.rbi:2045: module definition in method body https://srb.help/2001
    2045 |module ActiveRecord::AutosaveAssociation::AssociationBuilderExtension
          ^^^^^^

sorbet/rbi/gems/activerecord.rbi:2047: module definition in method body https://srb.help/2001
    2047 |module ActiveRecord::AutosaveAssociation::ClassMethods
          ^^^^^^

sorbet/rbi/gems/activerecord.rbi:2049: class definition in method body https://srb.help/2001
    2049 |class ActiveRecord::Associations::Builder::Association
          ^^^^^

sorbet/rbi/gems/activerecord.rbi:2051: module definition in method body https://srb.help/2001
    2051 |module ActiveRecord::NestedAttributes
          ^^^^^^

sorbet/rbi/gems/activerecord.rbi:2054: class definition in method body https://srb.help/2001
    2054 |class ActiveRecord::NestedAttributes::TooManyRecords < ActiveRecord::ActiveRecordError
          ^^^^^

sorbet/rbi/gems/activerecord.rbi:2056: module definition in method body https://srb.help/2001
    2056 |module ActiveRecord::NestedAttributes::ClassMethods
          ^^^^^^

sorbet/rbi/gems/activerecord.rbi:2058: module definition in method body https://srb.help/2001
    2058 |module ActiveRecord::Transactions
          ^^^^^^

sorbet/rbi/gems/activerecord.rbi:2061: module definition in method body https://srb.help/2001
    2061 |module ActiveRecord::Transactions::ClassMethods
          ^^^^^^

sorbet/rbi/gems/activerecord.rbi:2063: module definition in method body https://srb.help/2001
    2063 |module ActiveRecord::TouchLater
          ^^^^^^

sorbet/rbi/gems/activerecord.rbi:2065: module definition in method body https://srb.help/2001
    2065 |module ActiveRecord::NoTouching
          ^^^^^^

sorbet/rbi/gems/activerecord.rbi:2068: module definition in method body https://srb.help/2001
    2068 |module ActiveRecord::NoTouching::ClassMethods
          ^^^^^^

sorbet/rbi/gems/activerecord.rbi:2070: module definition in method body https://srb.help/2001
    2070 |module ActiveRecord::Serialization
          ^^^^^^

sorbet/rbi/gems/activerecord.rbi:2074: module definition in method body https://srb.help/2001
    2074 |module ActiveRecord::Store
          ^^^^^^

sorbet/rbi/gems/activerecord.rbi:2077: module definition in method body https://srb.help/2001
    2077 |module ActiveRecord::Store::ClassMethods
          ^^^^^^

sorbet/rbi/gems/activerecord.rbi:2079: class definition in method body https://srb.help/2001
    2079 |class ActiveRecord::Store::HashAccessor
          ^^^^^

sorbet/rbi/gems/activerecord.rbi:2081: class definition in method body https://srb.help/2001
    2081 |class ActiveRecord::Store::StringKeyedHashAccessor < ActiveRecord::Store::HashAccessor
          ^^^^^

sorbet/rbi/gems/activerecord.rbi:2083: class definition in method body https://srb.help/2001
    2083 |class ActiveRecord::Store::IndifferentHashAccessor < ActiveRecord::Store::HashAccessor
          ^^^^^

sorbet/rbi/gems/activerecord.rbi:2085: class definition in method body https://srb.help/2001
    2085 |class ActiveRecord::Store::IndifferentCoder
          ^^^^^

sorbet/rbi/gems/activerecord.rbi:2087: module definition in method body https://srb.help/2001
    2087 |module ActiveRecord::SecureToken
          ^^^^^^

sorbet/rbi/gems/activerecord.rbi:2090: class definition in method body https://srb.help/2001
    2090 |class ActiveRecord::SecureToken::MinimumLengthError < StandardError
          ^^^^^

sorbet/rbi/gems/activerecord.rbi:2092: module definition in method body https://srb.help/2001
    2092 |module ActiveRecord::SecureToken::ClassMethods
          ^^^^^^

sorbet/rbi/gems/activerecord.rbi:2094: module definition in method body https://srb.help/2001
    2094 |module ActiveRecord::SignedId
          ^^^^^^

sorbet/rbi/gems/activerecord.rbi:2097: module definition in method body https://srb.help/2001
    2097 |module ActiveRecord::SignedId::ClassMethods
          ^^^^^^

sorbet/rbi/gems/activerecord.rbi:2099: module definition in method body https://srb.help/2001
    2099 |module ActiveRecord::Suppressor
          ^^^^^^

sorbet/rbi/gems/activerecord.rbi:2102: module definition in method body https://srb.help/2001
    2102 |module ActiveRecord::Suppressor::ClassMethods
          ^^^^^^

sorbet/rbi/gems/activerecord.rbi:2104: module definition in method body https://srb.help/2001
    2104 |module ActiveRecord::Encryption::EncryptableRecord
          ^^^^^^

sorbet/rbi/gems/activerecord.rbi:2107: module definition in method body https://srb.help/2001
    2107 |module ActiveRecord::Encryption::EncryptableRecord::ClassMethods
          ^^^^^^

sorbet/rbi/gems/activerecord.rbi:2109: module definition in method body https://srb.help/2001
    2109 |module ActiveRecord::ConnectionAdapters::Deduplicable
          ^^^^^^

sorbet/rbi/gems/activerecord.rbi:2112: module definition in method body https://srb.help/2001
    2112 |module ActiveRecord::ConnectionAdapters::Deduplicable::ClassMethods
          ^^^^^^

sorbet/rbi/gems/activerecord.rbi:2114: class definition in method body https://srb.help/2001
    2114 |class ActiveRecord::ConnectionAdapters::SqlTypeMetadata
          ^^^^^

sorbet/rbi/gems/activerecord.rbi:2118: class definition in method body https://srb.help/2001
    2118 |class ActiveRecord::SchemaDumper
          ^^^^^

sorbet/rbi/gems/activerecord.rbi:2120: class definition in method body https://srb.help/2001
    2120 |class ActiveRecord::ConnectionAdapters::SchemaDumper < ActiveRecord::SchemaDumper
          ^^^^^

sorbet/rbi/gems/activerecord.rbi:2122: class definition in method body https://srb.help/2001
    2122 |class ActiveRecord::ConnectionAdapters::SchemaCreation
          ^^^^^

sorbet/rbi/gems/activerecord.rbi:2124: class definition in method body https://srb.help/2001
    2124 |class Arel::Collectors::Bind
          ^^^^^

sorbet/rbi/gems/activerecord.rbi:2126: class definition in method body https://srb.help/2001
    2126 |class Arel::Collectors::Composite
          ^^^^^

sorbet/rbi/gems/activerecord.rbi:2128: class definition in method body https://srb.help/2001
    2128 |class Arel::Collectors::SubstituteBinds
          ^^^^^

sorbet/rbi/gems/activerecord.rbi:2130: module definition in method body https://srb.help/2001
    2130 |module ActiveRecord::ConnectionAdapters::Quoting
          ^^^^^^

sorbet/rbi/gems/activerecord.rbi:2132: module definition in method body https://srb.help/2001
    2132 |module ActiveRecord::ConnectionAdapters::DatabaseStatements
          ^^^^^^

sorbet/rbi/gems/activerecord.rbi:2134: module definition in method body https://srb.help/2001
    2134 |module ActiveRecord::Migration::JoinTable
          ^^^^^^

sorbet/rbi/gems/activerecord.rbi:2136: module definition in method body https://srb.help/2001
    2136 |module ActiveRecord::ConnectionAdapters::SchemaStatements
          ^^^^^^

sorbet/rbi/gems/activerecord.rbi:2139: module definition in method body https://srb.help/2001
    2139 |module ActiveRecord::ConnectionAdapters::DatabaseLimits
          ^^^^^^

sorbet/rbi/gems/activerecord.rbi:2141: module definition in method body https://srb.help/2001
    2141 |module ActiveRecord::ConnectionAdapters::QueryCache
          ^^^^^^

sorbet/rbi/gems/activerecord.rbi:2143: module definition in method body https://srb.help/2001
    2143 |module ActiveRecord::ConnectionAdapters::QueryCache::ConnectionPoolConfiguration
          ^^^^^^

sorbet/rbi/gems/activerecord.rbi:2145: module definition in method body https://srb.help/2001
    2145 |module ActiveRecord::ConnectionAdapters::Savepoints
          ^^^^^^

sorbet/rbi/gems/activerecord.rbi:2147: class definition in method body https://srb.help/2001
    2147 |class ActiveRecord::ConnectionAdapters::AbstractAdapter
          ^^^^^

sorbet/rbi/gems/activerecord.rbi:2156: class definition in method body https://srb.help/2001
    2156 |class ActiveRecord::ConnectionAdapters::AbstractAdapter::Version
          ^^^^^

sorbet/rbi/gems/activerecord.rbi:2159: class definition in method body https://srb.help/2001
    2159 |class ActiveRecord::ConnectionAdapters::StatementPool
          ^^^^^

sorbet/rbi/gems/activerecord.rbi:2162: module definition in method body https://srb.help/2001
    2162 |module ActiveRecord::ConnectionAdapters::SQLite3
          ^^^^^^

sorbet/rbi/gems/activerecord.rbi:2164: class definition in method body https://srb.help/2001
    2164 |class ActiveRecord::ConnectionAdapters::SQLite3::ExplainPrettyPrinter
          ^^^^^

sorbet/rbi/gems/activerecord.rbi:2166: module definition in method body https://srb.help/2001
    2166 |module ActiveRecord::ConnectionAdapters::SQLite3::Quoting
          ^^^^^^

sorbet/rbi/gems/activerecord.rbi:2168: module definition in method body https://srb.help/2001
    2168 |module ActiveRecord::ConnectionAdapters::SQLite3::DatabaseStatements
          ^^^^^^

sorbet/rbi/gems/activerecord.rbi:2170: class definition in method body https://srb.help/2001
    2170 |class ActiveRecord::ConnectionAdapters::SQLite3::SchemaCreation < ActiveRecord::ConnectionAdapters::SchemaCreation
          ^^^^^

sorbet/rbi/gems/activerecord.rbi:2172: class definition in method body https://srb.help/2001
    2172 |class ActiveRecord::ConnectionAdapters::IndexDefinition
          ^^^^^

sorbet/rbi/gems/activerecord.rbi:2174: class definition in method body https://srb.help/2001
    2174 |class ActiveRecord::ConnectionAdapters::ReferenceDefinition
          ^^^^^

sorbet/rbi/gems/activerecord.rbi:2176: module definition in method body https://srb.help/2001
    2176 |module ActiveRecord::ConnectionAdapters::ColumnMethods
          ^^^^^^

sorbet/rbi/gems/activerecord.rbi:2179: module definition in method body https://srb.help/2001
    2179 |module ActiveRecord::ConnectionAdapters::ColumnMethods::ClassMethods
          ^^^^^^

sorbet/rbi/gems/activerecord.rbi:2181: class definition in method body https://srb.help/2001
    2181 |class ActiveRecord::ConnectionAdapters::TableDefinition
          ^^^^^

sorbet/rbi/gems/activerecord.rbi:2185: class definition in method body https://srb.help/2001
    2185 |class ActiveRecord::ConnectionAdapters::AlterTable
          ^^^^^

sorbet/rbi/gems/activerecord.rbi:2187: class definition in method body https://srb.help/2001
    2187 |class ActiveRecord::ConnectionAdapters::Table
          ^^^^^

sorbet/rbi/gems/activerecord.rbi:2191: class definition in method body https://srb.help/2001
    2191 |class ActiveRecord::ConnectionAdapters::SQLite3::TableDefinition < ActiveRecord::ConnectionAdapters::TableDefinition
          ^^^^^

sorbet/rbi/gems/activerecord.rbi:2193: class definition in method body https://srb.help/2001
    2193 |class ActiveRecord::ConnectionAdapters::SQLite3::SchemaDumper < ActiveRecord::ConnectionAdapters::SchemaDumper
          ^^^^^

sorbet/rbi/gems/activerecord.rbi:2195: module definition in method body https://srb.help/2001
    2195 |module ActiveRecord::ConnectionAdapters::SQLite3::SchemaStatements
          ^^^^^^

sorbet/rbi/gems/activerecord.rbi:2197: class definition in method body https://srb.help/2001
    2197 |class ActiveRecord::ConnectionAdapters::SQLite3Adapter < ActiveRecord::ConnectionAdapters::AbstractAdapter
          ^^^^^

sorbet/rbi/gems/activerecord.rbi:2202: class definition in method body https://srb.help/2001
    2202 |class ActiveRecord::ConnectionAdapters::SQLite3Adapter::StatementPool < ActiveRecord::ConnectionAdapters::StatementPool
          ^^^^^

sorbet/rbi/gems/activerecord.rbi:2204: class definition in method body https://srb.help/2001
    2204 |class ActiveRecord::ConnectionAdapters::SQLite3Adapter::SQLite3Integer < ActiveModel::Type::Integer
          ^^^^^

sorbet/rbi/gems/activerecord.rbi:2206: class definition in method body https://srb.help/2001
    2206 |class ActiveRecord::ConnectionAdapters::PoolConfig
          ^^^^^

sorbet/rbi/gems/activerecord.rbi:2209: class definition in method body https://srb.help/2001
    2209 |class ActiveRecord::ConnectionAdapters::PoolManager
          ^^^^^

sorbet/rbi/gems/activerecord.rbi:2211: class definition in method body https://srb.help/2001
    2211 |class ActiveRecord::ConnectionAdapters::ConnectionPool
          ^^^^^

sorbet/rbi/gems/activerecord.rbi:2216: class definition in method body https://srb.help/2001
    2216 |class ActiveRecord::ConnectionAdapters::ConnectionPool::Queue
          ^^^^^

sorbet/rbi/gems/activerecord.rbi:2218: module definition in method body https://srb.help/2001
    2218 |module ActiveRecord::ConnectionAdapters::ConnectionPool::BiasableQueue
          ^^^^^^

sorbet/rbi/gems/activerecord.rbi:2220: class definition in method body https://srb.help/2001
    2220 |class ActiveRecord::ConnectionAdapters::ConnectionPool::BiasableQueue::BiasedConditionVariable
          ^^^^^

sorbet/rbi/gems/activerecord.rbi:2222: class definition in method body https://srb.help/2001
    2222 |class ActiveRecord::ConnectionAdapters::ConnectionPool::ConnectionLeasingQueue < ActiveRecord::ConnectionAdapters::ConnectionPool::Queue
          ^^^^^

sorbet/rbi/gems/activerecord.rbi:2225: class definition in method body https://srb.help/2001
    2225 |class ActiveRecord::ConnectionAdapters::ConnectionPool::Reaper
          ^^^^^

sorbet/rbi/gems/activerecord.rbi:2227: module definition in method body https://srb.help/2001
    2227 |module ActiveRecord::ConnectionAdapters::AbstractPool
          ^^^^^^

sorbet/rbi/gems/activerecord.rbi:2229: class definition in method body https://srb.help/2001
    2229 |class ActiveRecord::ConnectionAdapters::NullPool
          ^^^^^

sorbet/rbi/gems/activerecord.rbi:2232: class definition in method body https://srb.help/2001
    2232 |class ActiveRecord::DestroyAssociationAsyncError < StandardError
          ^^^^^

sorbet/rbi/gems/activerecord.rbi:2234: class definition in method body https://srb.help/2001
    2234 |class ActiveRecord::DestroyAssociationAsyncJob < ActiveJob::Base
          ^^^^^

sorbet/rbi/gems/activerecord.rbi:2236: class definition in method body https://srb.help/2001
    2236 |class ActiveRecord::Tasks::DatabaseNotSupported < StandardError
          ^^^^^

sorbet/rbi/gems/activerecord.rbi:2238: module definition in method body https://srb.help/2001
    2238 |module ActiveRecord::Tasks::DatabaseTasks
          ^^^^^^

sorbet/rbi/gems/activerecord.rbi:2241: class definition in method body https://srb.help/2001
    2241 |class ActiveRecord::ConnectionAdapters::SchemaCache
          ^^^^^

sorbet/rbi/gems/activerecord.rbi:2243: class definition in method body https://srb.help/2001
    2243 |class ActiveRecord::Base
          ^^^^^

sorbet/rbi/gems/activerecord.rbi:2366: module definition in method body https://srb.help/2001
    2366 |module ActiveRecord::Base::GeneratedAttributeMethods
          ^^^^^^

sorbet/rbi/gems/activerecord.rbi:2368: module definition in method body https://srb.help/2001
    2368 |module ActiveRecord::Base::GeneratedAssociationMethods
          ^^^^^^

sorbet/rbi/gems/activerecord.rbi:2370: module definition in method body https://srb.help/2001
    2370 |module ActiveRecord::FinderMethods
          ^^^^^^

sorbet/rbi/gems/activerecord.rbi:2372: module definition in method body https://srb.help/2001
    2372 |module ActiveRecord::Calculations
          ^^^^^^

sorbet/rbi/gems/activerecord.rbi:2374: class definition in method body https://srb.help/2001
    2374 |class ActiveRecord::Relation
          ^^^^^

sorbet/rbi/gems/activerecord.rbi:2379: class definition in method body https://srb.help/2001
    2379 |class ActiveRecord::Relation::HashMerger
          ^^^^^

sorbet/rbi/gems/activerecord.rbi:2381: class definition in method body https://srb.help/2001
    2381 |class ActiveRecord::Relation::Merger
          ^^^^^

sorbet/rbi/gems/activerecord.rbi:2383: module definition in method body https://srb.help/2001
    2383 |module ActiveRecord::SpawnMethods
          ^^^^^^

sorbet/rbi/gems/activerecord.rbi:2385: class definition in method body https://srb.help/2001
    2385 |class ActiveRecord::Relation::FromClause
          ^^^^^

sorbet/rbi/gems/activerecord.rbi:2387: class definition in method body https://srb.help/2001
    2387 |class ActiveRecord::Relation::QueryAttribute < ActiveModel::Attribute
          ^^^^^

sorbet/rbi/gems/activerecord.rbi:2389: class definition in method body https://srb.help/2001
    2389 |class ActiveRecord::Relation::WhereClause
          ^^^^^

sorbet/rbi/gems/activerecord.rbi:2391: module definition in method body https://srb.help/2001
    2391 |module ActiveRecord::QueryMethods
          ^^^^^^

sorbet/rbi/gems/activerecord.rbi:2394: class definition in method body https://srb.help/2001
    2394 |class ActiveRecord::QueryMethods::WhereChain
          ^^^^^

sorbet/rbi/gems/activerecord.rbi:2396: class definition in method body https://srb.help/2001
    2396 |class Arel::Nodes::LeadingJoin < Arel::Nodes::InnerJoin
          ^^^^^

sorbet/rbi/gems/activerecord.rbi:2398: module definition in method body https://srb.help/2001
    2398 |module ActiveRecord::Batches
          ^^^^^^

sorbet/rbi/gems/activerecord.rbi:2400: class definition in method body https://srb.help/2001
    2400 |class ActiveRecord::Batches::BatchEnumerator
          ^^^^^

sorbet/rbi/gems/activerecord.rbi:2403: class definition in method body https://srb.help/2001
    2403 |class ActiveRecord::Relation::StrictLoadingScope
          ^^^^^

sorbet/rbi/gems/activerecord.rbi:2405: class definition in method body https://srb.help/2001
    2405 |class ActiveRecord::Associations::CollectionProxy < ActiveRecord::Relation
          ^^^^^

sorbet/rbi/gems/activerecord.rbi:2407: class definition in method body https://srb.help/2001
    2407 |class ActiveRecord::AssociationRelation < ActiveRecord::Relation
          ^^^^^

sorbet/rbi/gems/activerecord.rbi:2409: class definition in method body https://srb.help/2001
    2409 |class ActiveRecord::DisableJoinsAssociationRelation < ActiveRecord::Relation
          ^^^^^

sorbet/rbi/gems/activerecord.rbi:2411: class definition in method body https://srb.help/2001
    2411 |class ActiveRecord::Associations::Builder::SingularAssociation < ActiveRecord::Associations::Builder::Association
          ^^^^^

sorbet/rbi/gems/activerecord.rbi:2413: class definition in method body https://srb.help/2001
    2413 |class ActiveRecord::Associations::Builder::HasOne < ActiveRecord::Associations::Builder::SingularAssociation
          ^^^^^

sorbet/rbi/gems/activerecord.rbi:2415: class definition in method body https://srb.help/2001
    2415 |class ActiveRecord::Associations::Builder::CollectionAssociation < ActiveRecord::Associations::Builder::Association
          ^^^^^

sorbet/rbi/gems/activerecord.rbi:2417: class definition in method body https://srb.help/2001
    2417 |class ActiveRecord::Associations::Builder::HasMany < ActiveRecord::Associations::Builder::CollectionAssociation
          ^^^^^

sorbet/rbi/gems/activerecord.rbi:2419: class definition in method body https://srb.help/2001
    2419 |class ActiveRecord::Coders::JSON
          ^^^^^

sorbet/rbi/gems/activerecord.rbi:2421: class definition in method body https://srb.help/2001
    2421 |class ActiveRecord::Associations::Builder::BelongsTo < ActiveRecord::Associations::Builder::SingularAssociation
          ^^^^^

sorbet/rbi/gems/activerecord.rbi:2423: class definition in method body https://srb.help/2001
    2423 |class ActiveRecord::Encryption::Scheme
          ^^^^^

sorbet/rbi/gems/activerecord.rbi:2425: class definition in method body https://srb.help/2001
    2425 |class ActiveRecord::Schema < ActiveRecord::Migration::Current
          ^^^^^

sorbet/rbi/gems/activerecord.rbi:2429: module definition in method body https://srb.help/2001
    2429 |module ActiveRecord::Schema::Definition
          ^^^^^^

sorbet/rbi/gems/activerecord.rbi:2432: module definition in method body https://srb.help/2001
    2432 |module ActiveRecord::Schema::Definition::ClassMethods
          ^^^^^^

sorbet/rbi/gems/activerecord.rbi:2434: class definition in method body https://srb.help/2001
    2434 |class ActiveRecord::ConnectionAdapters::TransactionState
          ^^^^^

sorbet/rbi/gems/activerecord.rbi:2436: class definition in method body https://srb.help/2001
    2436 |class ActiveRecord::ConnectionAdapters::NullTransaction
          ^^^^^

sorbet/rbi/gems/activerecord.rbi:2438: class definition in method body https://srb.help/2001
    2438 |class ActiveRecord::ConnectionAdapters::Transaction
          ^^^^^

sorbet/rbi/gems/activerecord.rbi:2440: class definition in method body https://srb.help/2001
    2440 |class ActiveRecord::ConnectionAdapters::SavepointTransaction < ActiveRecord::ConnectionAdapters::Transaction
          ^^^^^

sorbet/rbi/gems/activerecord.rbi:2442: class definition in method body https://srb.help/2001
    2442 |class ActiveRecord::ConnectionAdapters::RealTransaction < ActiveRecord::ConnectionAdapters::Transaction
          ^^^^^

sorbet/rbi/gems/activerecord.rbi:2444: class definition in method body https://srb.help/2001
    2444 |class ActiveRecord::ConnectionAdapters::TransactionManager
          ^^^^^

sorbet/rbi/gems/activerecord.rbi:2446: module definition in method body https://srb.help/2001
    2446 |module ActiveRecord::RuntimeRegistry
          ^^^^^^

sorbet/rbi/gems/activerecord.rbi:2449: class definition in method body https://srb.help/2001
    2449 |class ActiveRecord::Result
          ^^^^^

sorbet/rbi/gems/activerecord.rbi:2452: module definition in method body https://srb.help/2001
    2452 |module ActiveRecord::SchemaMigration::GeneratedAttributeMethods
          ^^^^^^

sorbet/rbi/gems/activerecord.rbi:2454: class definition in method body https://srb.help/2001
    2454 |class ActiveRecord::SchemaMigration < ActiveRecord::Base
          ^^^^^

sorbet/rbi/gems/activerecord.rbi:2458: module definition in method body https://srb.help/2001
    2458 |module ActiveRecord::SchemaMigration::GeneratedAssociationMethods
          ^^^^^^

sorbet/rbi/gems/activerecord.rbi:2460: class definition in method body https://srb.help/2001
    2460 |class ActiveRecord::SchemaMigration::ActiveRecord_Relation < ActiveRecord::Relation
          ^^^^^

sorbet/rbi/gems/activerecord.rbi:2465: module definition in method body https://srb.help/2001
    2465 |module ActiveRecord::SchemaMigration::GeneratedRelationMethods
          ^^^^^^

sorbet/rbi/gems/activerecord.rbi:2467: class definition in method body https://srb.help/2001
    2467 |class ActiveRecord::SchemaMigration::ActiveRecord_Associations_CollectionProxy < ActiveRecord::Associations::CollectionProxy
          ^^^^^

sorbet/rbi/gems/activerecord.rbi:2472: class definition in method body https://srb.help/2001
    2472 |class ActiveRecord::SchemaMigration::ActiveRecord_AssociationRelation < ActiveRecord::AssociationRelation
          ^^^^^

sorbet/rbi/gems/activerecord.rbi:2477: class definition in method body https://srb.help/2001
    2477 |class ActiveRecord::SchemaMigration::ActiveRecord_DisableJoinsAssociationRelation < ActiveRecord::DisableJoinsAssociationRelation
          ^^^^^

sorbet/rbi/gems/activerecord.rbi:2482: module definition in method body https://srb.help/2001
    2482 |module ActiveRecord::TestDatabases
          ^^^^^^

sorbet/rbi/gems/activerecord.rbi:2484: class definition in method body https://srb.help/2001
    2484 |class ActiveRecord::FixtureSet
          ^^^^^

sorbet/rbi/gems/activerecord.rbi:2487: class definition in method body https://srb.help/2001
    2487 |class ActiveRecord::FixtureSet::File
          ^^^^^

sorbet/rbi/gems/activerecord.rbi:2490: class definition in method body https://srb.help/2001
    2490 |class ActiveRecord::FixtureSet::RenderContext
          ^^^^^

sorbet/rbi/gems/activerecord.rbi:2492: class definition in method body https://srb.help/2001
    2492 |class ActiveRecord::FixtureSet::TableRow
          ^^^^^

sorbet/rbi/gems/activerecord.rbi:2494: class definition in method body https://srb.help/2001
    2494 |class ActiveRecord::FixtureSet::TableRow::ReflectionProxy
          ^^^^^

sorbet/rbi/gems/activerecord.rbi:2496: class definition in method body https://srb.help/2001
    2496 |class ActiveRecord::FixtureSet::TableRow::HasManyThroughProxy < ActiveRecord::FixtureSet::TableRow::ReflectionProxy
          ^^^^^

sorbet/rbi/gems/activerecord.rbi:2498: class definition in method body https://srb.help/2001
    2498 |class ActiveRecord::FixtureSet::TableRow::PrimaryKeyError < StandardError
          ^^^^^

sorbet/rbi/gems/activerecord.rbi:2500: class definition in method body https://srb.help/2001
    2500 |class ActiveRecord::FixtureSet::ModelMetadata
          ^^^^^

sorbet/rbi/gems/activerecord.rbi:2502: class definition in method body https://srb.help/2001
    2502 |class ActiveRecord::FixtureSet::TableRows
          ^^^^^

sorbet/rbi/gems/activerecord.rbi:2504: module definition in method body https://srb.help/2001
    2504 |module ActiveRecord::TestFixtures
          ^^^^^^

sorbet/rbi/gems/activerecord.rbi:2507: module definition in method body https://srb.help/2001
    2507 |module ActiveRecord::TestFixtures::ClassMethods
          ^^^^^^

sorbet/rbi/gems/activerecord.rbi:2509: class definition in method body https://srb.help/2001
    2509 |class ActiveRecord::FixtureClassNotFound < ActiveRecord::ActiveRecordError
          ^^^^^

sorbet/rbi/gems/activerecord.rbi:2511: class definition in method body https://srb.help/2001
    2511 |class ActiveRecord::FixtureSet::ClassCache
          ^^^^^

sorbet/rbi/gems/activerecord.rbi:2513: class definition in method body https://srb.help/2001
    2513 |class ActiveRecord::Fixture
          ^^^^^

sorbet/rbi/gems/activerecord.rbi:2516: class definition in method body https://srb.help/2001
    2516 |class ActiveRecord::Fixture::FixtureError < StandardError
          ^^^^^

sorbet/rbi/gems/activerecord.rbi:2518: class definition in method body https://srb.help/2001
    2518 |class ActiveRecord::Fixture::FormatError < ActiveRecord::Fixture::FixtureError
          ^^^^^

sorbet/rbi/gems/activesupport.rbi:593: unexpected token "," https://srb.help/2001
     593 |  def [](**, ****, &&); end
                     ^

sorbet/rbi/gems/activesupport.rbi:592: class definition in method body https://srb.help/2001
     592 |class ActiveSupport::EncryptedConfiguration < ActiveSupport::EncryptedFile
          ^^^^^

sorbet/rbi/gems/activesupport.rbi:597: unexpected token "," https://srb.help/2001
     597 |  def fetch(**, ****, &&); end
                        ^

sorbet/rbi/gems/activesupport.rbi:599: unexpected token "**" https://srb.help/2001
     599 |  def method_missing(method, *args, ****, &block); end
                                                ^^

sorbet/rbi/gems/activesupport.rbi:604: unexpected token "end" https://srb.help/2001
     604 |end
          ^^^

sorbet/rbi/gems/activesupport.rbi:605: class definition in method body https://srb.help/2001
     605 |class ActiveSupport::HashWithIndifferentAccess < Hash
          ^^^^^

sorbet/rbi/gems/activesupport.rbi:660: class definition in method body https://srb.help/2001
     660 |class ActiveSupport::ConfigurationFile
          ^^^^^

sorbet/rbi/gems/activesupport.rbi:667: class definition in method body https://srb.help/2001
     667 |class ActiveSupport::ConfigurationFile::FormatError < StandardError
          ^^^^^

sorbet/rbi/gems/activesupport.rbi:669: module definition in method body https://srb.help/2001
     669 |module ActiveSupport::RubyFeatures
          ^^^^^^

sorbet/rbi/gems/activesupport.rbi:671: module definition in method body https://srb.help/2001
     671 |module ActiveSupport::DescendantsTracker
          ^^^^^^

sorbet/rbi/gems/activesupport.rbi:682: module definition in method body https://srb.help/2001
     682 |module ActiveSupport::Multibyte
          ^^^^^^

sorbet/rbi/gems/activesupport.rbi:686: class definition in method body https://srb.help/2001
     686 |class Class < Module
          ^^^^^

sorbet/rbi/gems/activesupport.rbi:690: module definition in method body https://srb.help/2001
     690 |module ActiveSupport::Callbacks
          ^^^^^^

sorbet/rbi/gems/activesupport.rbi:695: module definition in method body https://srb.help/2001
     695 |module ActiveSupport::Callbacks::Conditionals
          ^^^^^^

sorbet/rbi/gems/activesupport.rbi:697: class definition in method body https://srb.help/2001
     697 |class ActiveSupport::Callbacks::Conditionals::Value
          ^^^^^

sorbet/rbi/gems/activesupport.rbi:701: module definition in method body https://srb.help/2001
     701 |module ActiveSupport::Callbacks::Filters
          ^^^^^^

sorbet/rbi/gems/activesupport.rbi:703: class definition in method body https://srb.help/2001
     703 |class ActiveSupport::Callbacks::Filters::Environment < Struct
          ^^^^^

sorbet/rbi/gems/activesupport.rbi:716: class definition in method body https://srb.help/2001
     716 |class ActiveSupport::Callbacks::Filters::Before
          ^^^^^

sorbet/rbi/gems/activesupport.rbi:721: class definition in method body https://srb.help/2001
     721 |class ActiveSupport::Callbacks::Filters::After
          ^^^^^

sorbet/rbi/gems/activesupport.rbi:728: class definition in method body https://srb.help/2001
     728 |class ActiveSupport::Callbacks::Callback
          ^^^^^

sorbet/rbi/gems/activesupport.rbi:745: module definition in method body https://srb.help/2001
     745 |module ActiveSupport::Callbacks::CallTemplate
          ^^^^^^

sorbet/rbi/gems/activesupport.rbi:748: class definition in method body https://srb.help/2001
     748 |class ActiveSupport::Callbacks::CallTemplate::MethodCall
          ^^^^^

sorbet/rbi/gems/activesupport.rbi:754: class definition in method body https://srb.help/2001
     754 |class ActiveSupport::Callbacks::CallTemplate::ObjectCall
          ^^^^^

sorbet/rbi/gems/activesupport.rbi:760: class definition in method body https://srb.help/2001
     760 |class ActiveSupport::Callbacks::CallTemplate::InstanceExec0
          ^^^^^

sorbet/rbi/gems/activesupport.rbi:766: class definition in method body https://srb.help/2001
     766 |class ActiveSupport::Callbacks::CallTemplate::InstanceExec1
          ^^^^^

sorbet/rbi/gems/activesupport.rbi:772: class definition in method body https://srb.help/2001
     772 |class ActiveSupport::Callbacks::CallTemplate::InstanceExec2
          ^^^^^

sorbet/rbi/gems/activesupport.rbi:778: class definition in method body https://srb.help/2001
     778 |class ActiveSupport::Callbacks::CallTemplate::ProcCall
          ^^^^^

sorbet/rbi/gems/activesupport.rbi:784: class definition in method body https://srb.help/2001
     784 |class ActiveSupport::Callbacks::CallbackSequence
          ^^^^^

sorbet/rbi/gems/activesupport.rbi:796: class definition in method body https://srb.help/2001
     796 |class ActiveSupport::Callbacks::CallbackChain
          ^^^^^

sorbet/rbi/gems/activesupport.rbi:817: module definition in method body https://srb.help/2001
     817 |module ActiveSupport::Callbacks::ClassMethods
          ^^^^^^

sorbet/rbi/gems/activesupport.rbi:828: unexpected token "**" https://srb.help/2001
     828 |  def try!(*args, ****, &block); end
                              ^^

sorbet/rbi/gems/activesupport.rbi:827: module definition in method body https://srb.help/2001
     827 |module ActiveSupport::Tryable
          ^^^^^^

sorbet/rbi/gems/activesupport.rbi:829: unexpected token "**" https://srb.help/2001
     829 |  def try(*args, ****, &block); end
                             ^^

sorbet/rbi/gems/activesupport.rbi:831: class definition in method body https://srb.help/2001
     831 |class Delegator < BasicObject
          ^^^^^

sorbet/rbi/gems/activesupport.rbi:834: class definition in method body https://srb.help/2001
     834 |class Method
          ^^^^^

sorbet/rbi/gems/activesupport.rbi:837: class definition in method body https://srb.help/2001
     837 |class UnboundMethod
          ^^^^^

sorbet/rbi/gems/activesupport.rbi:840: module definition in method body https://srb.help/2001
     840 |module Singleton
          ^^^^^^

sorbet/rbi/gems/activesupport.rbi:843: class definition in method body https://srb.help/2001
     843 |class DateTime < Date
          ^^^^^

sorbet/rbi/gems/activesupport.rbi:899: module definition in method body https://srb.help/2001
     899 |module ActiveSupport::XmlMini_REXML
          ^^^^^^

sorbet/rbi/gems/activesupport.rbi:910: module definition in method body https://srb.help/2001
     910 |module ActiveSupport::IsolatedExecutionState
          ^^^^^^

sorbet/rbi/gems/activesupport.rbi:923: class definition in method body https://srb.help/2001
     923 |class Thread
          ^^^^^

sorbet/rbi/gems/activesupport.rbi:927: class definition in method body https://srb.help/2001
     927 |class Fiber
          ^^^^^

sorbet/rbi/gems/activesupport.rbi:942: unexpected token "," https://srb.help/2001
     942 |  def parse(**, ****, &&); end
                        ^

sorbet/rbi/gems/activesupport.rbi:931: module definition in method body https://srb.help/2001
     931 |module ActiveSupport::XmlMini
          ^^^^^^

sorbet/rbi/gems/activesupport.rbi:947: unexpected token "end" https://srb.help/2001
     947 |end
          ^^^

sorbet/rbi/gems/activesupport.rbi:948: module definition in method body https://srb.help/2001
     948 |module ActiveSupport::XmlMini::FileLike
          ^^^^^^

sorbet/rbi/gems/activesupport.rbi:954: class definition in method body https://srb.help/2001
     954 |class ActiveSupport::XMLConverter
          ^^^^^

sorbet/rbi/gems/activesupport.rbi:969: class definition in method body https://srb.help/2001
     969 |class ActiveSupport::XMLConverter::DisallowedType < StandardError
          ^^^^^

sorbet/rbi/gems/activesupport.rbi:972: module definition in method body https://srb.help/2001
     972 |module ActiveSupport::BigDecimalWithDefaultFormat
          ^^^^^^

sorbet/rbi/gems/activesupport.rbi:999: unexpected token "**" https://srb.help/2001
     999 |  def self.create(*arg0, ****); end
                                     ^^

sorbet/rbi/gems/activesupport.rbi:975: class definition in method body https://srb.help/2001
     975 |class ActiveSupport::TimeZone
          ^^^^^

sorbet/rbi/gems/activesupport.rbi:1016: unexpected token "end" https://srb.help/2001
    1016 |end
          ^^^

sorbet/rbi/gems/activesupport.rbi:1017: module definition in method body https://srb.help/2001
    1017 |module DateAndTime::Zones
          ^^^^^^

sorbet/rbi/gems/activesupport.rbi:1021: class definition in method body https://srb.help/2001
    1021 |class Date
          ^^^^^

sorbet/rbi/gems/activesupport.rbi:1063: module definition in method body https://srb.help/2001
    1063 |module ActiveSupport::ToJsonWithActiveSupportEncoder
          ^^^^^^

sorbet/rbi/gems/activesupport.rbi:1066: class definition in method body https://srb.help/2001
    1066 |class Struct
          ^^^^^

sorbet/rbi/gems/activesupport.rbi:1069: class definition in method body https://srb.help/2001
    1069 |class Symbol
          ^^^^^

sorbet/rbi/gems/activesupport.rbi:1072: class definition in method body https://srb.help/2001
    1072 |class Float < Numeric
          ^^^^^

sorbet/rbi/gems/activesupport.rbi:1075: class definition in method body https://srb.help/2001
    1075 |class BigDecimal < Numeric
          ^^^^^

sorbet/rbi/gems/activesupport.rbi:1078: class definition in method body https://srb.help/2001
    1078 |class Regexp
          ^^^^^

sorbet/rbi/gems/activesupport.rbi:1081: module definition in method body https://srb.help/2001
    1081 |module Enumerable
          ^^^^^^

sorbet/rbi/gems/activesupport.rbi:1099: class definition in method body https://srb.help/2001
    1099 |class IO
          ^^^^^

sorbet/rbi/gems/activesupport.rbi:1102: class definition in method body https://srb.help/2001
    1102 |class Range
          ^^^^^

sorbet/rbi/gems/activesupport.rbi:1106: class definition in method body https://srb.help/2001
    1106 |class URI::Generic
          ^^^^^

sorbet/rbi/gems/activesupport.rbi:1109: class definition in method body https://srb.help/2001
    1109 |class Pathname
          ^^^^^

sorbet/rbi/gems/activesupport.rbi:1112: class definition in method body https://srb.help/2001
    1112 |class IPAddr
          ^^^^^

sorbet/rbi/gems/activesupport.rbi:1115: class definition in method body https://srb.help/2001
    1115 |class Process::Status
          ^^^^^

sorbet/rbi/gems/activesupport.rbi:1118: class definition in method body https://srb.help/2001
    1118 |class Exception
          ^^^^^

sorbet/rbi/gems/activesupport.rbi:1121: class definition in method body https://srb.help/2001
    1121 |class ActiveSupport::OptionMerger
          ^^^^^

sorbet/rbi/gems/activesupport.rbi:1126: module definition in method body https://srb.help/2001
    1126 |module I18n
          ^^^^^^

sorbet/rbi/gems/activesupport.rbi:1128: class definition in method body https://srb.help/2001
    1128 |class I18n::Railtie < Rails::Railtie
          ^^^^^

sorbet/rbi/gems/activesupport.rbi:1136: class definition in method body https://srb.help/2001
    1136 |class ActiveSupport::Railtie < Rails::Railtie
          ^^^^^

sorbet/rbi/gems/activesupport.rbi:1139: unexpected token "," https://srb.help/2001
    1139 |  def self.allow(**, ****, &&); end
                             ^

sorbet/rbi/gems/activesupport.rbi:1138: class definition in method body https://srb.help/2001
    1138 |class ActiveSupport::Deprecation
          ^^^^^

sorbet/rbi/gems/activesupport.rbi:1140: unexpected token "," https://srb.help/2001
    1140 |  def self.behavior(**, ****, &&); end
                                ^

sorbet/rbi/gems/activesupport.rbi:1142: unexpected token "," https://srb.help/2001
    1142 |  def self.debug(**, ****, &&); end
                             ^

sorbet/rbi/gems/activesupport.rbi:1144: unexpected token "," https://srb.help/2001
    1144 |  def self.deprecate_methods(**, ****, &&); end
                                         ^

sorbet/rbi/gems/activesupport.rbi:1145: unexpected token "," https://srb.help/2001
    1145 |  def self.deprecation_horizon(**, ****, &&); end
                                           ^

sorbet/rbi/gems/activesupport.rbi:1148: unexpected token "," https://srb.help/2001
    1148 |  def self.disallowed_behavior(**, ****, &&); end
                                           ^

sorbet/rbi/gems/activesupport.rbi:1150: unexpected token "," https://srb.help/2001
    1150 |  def self.disallowed_warnings(**, ****, &&); end
                                           ^

sorbet/rbi/gems/activesupport.rbi:1152: unexpected token "," https://srb.help/2001
    1152 |  def self.gem_name(**, ****, &&); end
                                ^

sorbet/rbi/gems/activesupport.rbi:1154: unexpected token "," https://srb.help/2001
    1154 |  def self.initialize(**, ****, &&); end
                                  ^

sorbet/rbi/gems/activesupport.rbi:1155: unexpected token "," https://srb.help/2001
    1155 |  def self.silence(**, ****, &&); end
                               ^

sorbet/rbi/gems/activesupport.rbi:1156: unexpected token "," https://srb.help/2001
    1156 |  def self.silenced(**, ****, &&); end
                                ^

sorbet/rbi/gems/activesupport.rbi:1167: unexpected token "end" https://srb.help/2001
    1167 |end
          ^^^

sorbet/rbi/gems/activesupport.rbi:1168: module definition in method body https://srb.help/2001
    1168 |module ActiveSupport::Deprecation::InstanceDelegator
          ^^^^^^

sorbet/rbi/gems/activesupport.rbi:1171: module definition in method body https://srb.help/2001
    1171 |module ActiveSupport::Deprecation::InstanceDelegator::ClassMethods
          ^^^^^^

sorbet/rbi/gems/activesupport.rbi:1175: module definition in method body https://srb.help/2001
    1175 |module ActiveSupport::Deprecation::InstanceDelegator::OverrideDelegators
          ^^^^^^

sorbet/rbi/gems/activesupport.rbi:1179: module definition in method body https://srb.help/2001
    1179 |module ActiveSupport::Notifications
          ^^^^^^

sorbet/rbi/gems/activesupport.rbi:1192: class definition in method body https://srb.help/2001
    1192 |class ActiveSupport::Notifications::Instrumenter
          ^^^^^

sorbet/rbi/gems/activesupport.rbi:1202: class definition in method body https://srb.help/2001
    1202 |class ActiveSupport::Notifications::Event
          ^^^^^

sorbet/rbi/gems/activesupport.rbi:1224: class definition in method body https://srb.help/2001
    1224 |class ActiveSupport::Notifications::InstrumentationSubscriberError < RuntimeError
          ^^^^^

sorbet/rbi/gems/activesupport.rbi:1228: class definition in method body https://srb.help/2001
    1228 |class ActiveSupport::Notifications::Fanout
          ^^^^^

sorbet/rbi/gems/activesupport.rbi:1247: module definition in method body https://srb.help/2001
    1247 |module ActiveSupport::Notifications::Fanout::Subscribers
          ^^^^^^

sorbet/rbi/gems/activesupport.rbi:1250: class definition in method body https://srb.help/2001
    1250 |class ActiveSupport::Notifications::Fanout::Subscribers::Matcher
          ^^^^^

sorbet/rbi/gems/activesupport.rbi:1258: class definition in method body https://srb.help/2001
    1258 |class ActiveSupport::Notifications::Fanout::Subscribers::Matcher::AllMessages
          ^^^^^

sorbet/rbi/gems/activesupport.rbi:1262: class definition in method body https://srb.help/2001
    1262 |class ActiveSupport::Notifications::Fanout::Subscribers::Evented
          ^^^^^

sorbet/rbi/gems/activesupport.rbi:1272: class definition in method body https://srb.help/2001
    1272 |class ActiveSupport::Notifications::Fanout::Subscribers::Timed < ActiveSupport::Notifications::Fanout::Subscribers::Evented
          ^^^^^

sorbet/rbi/gems/activesupport.rbi:1277: class definition in method body https://srb.help/2001
    1277 |class ActiveSupport::Notifications::Fanout::Subscribers::MonotonicTimed < ActiveSupport::Notifications::Fanout::Subscribers::Evented
          ^^^^^

sorbet/rbi/gems/activesupport.rbi:1282: class definition in method body https://srb.help/2001
    1282 |class ActiveSupport::Notifications::Fanout::Subscribers::EventObject < ActiveSupport::Notifications::Fanout::Subscribers::Evented
          ^^^^^

sorbet/rbi/gems/activesupport.rbi:1288: class definition in method body https://srb.help/2001
    1288 |class ActiveSupport::DeprecationException < StandardError
          ^^^^^

sorbet/rbi/gems/activesupport.rbi:1290: module definition in method body https://srb.help/2001
    1290 |module ActiveSupport::Deprecation::Behavior
          ^^^^^^

sorbet/rbi/gems/activesupport.rbi:1299: module definition in method body https://srb.help/2001
    1299 |module ActiveSupport::Deprecation::Reporting
          ^^^^^^

sorbet/rbi/gems/activesupport.rbi:1315: module definition in method body https://srb.help/2001
    1315 |module ActiveSupport::Deprecation::Disallowed
          ^^^^^^

sorbet/rbi/gems/activesupport.rbi:1321: module definition in method body https://srb.help/2001
    1321 |module ActiveSupport::Deprecation::DeprecatedConstantAccessor
          ^^^^^^

sorbet/rbi/gems/activesupport.rbi:1324: module definition in method body https://srb.help/2001
    1324 |module ActiveSupport::Deprecation::MethodWrapper
          ^^^^^^

sorbet/rbi/gems/activesupport.rbi:1327: class definition in method body https://srb.help/2001
    1327 |class ActiveSupport::Deprecation::DeprecationProxy
          ^^^^^

sorbet/rbi/gems/activesupport.rbi:1332: class definition in method body https://srb.help/2001
    1332 |class ActiveSupport::Deprecation::DeprecatedObjectProxy < ActiveSupport::Deprecation::DeprecationProxy
          ^^^^^

sorbet/rbi/gems/activesupport.rbi:1337: class definition in method body https://srb.help/2001
    1337 |class ActiveSupport::Deprecation::DeprecatedInstanceVariableProxy < ActiveSupport::Deprecation::DeprecationProxy
          ^^^^^

sorbet/rbi/gems/activesupport.rbi:1345: unexpected token "," https://srb.help/2001
    1345 |  def hash(**, ****, &&); end
                       ^

sorbet/rbi/gems/activesupport.rbi:1342: class definition in method body https://srb.help/2001
    1342 |class ActiveSupport::Deprecation::DeprecatedConstantProxy < Module
          ^^^^^

sorbet/rbi/gems/activesupport.rbi:1348: unexpected token "," https://srb.help/2001
    1348 |  def instance_methods(**, ****, &&); end
                                   ^

sorbet/rbi/gems/activesupport.rbi:1350: unexpected token "," https://srb.help/2001
    1350 |  def name(**, ****, &&); end
                       ^

sorbet/rbi/gems/activesupport.rbi:1351: unexpected token "," https://srb.help/2001
    1351 |  def respond_to?(**, ****, &&); end
                              ^

sorbet/rbi/gems/activesupport.rbi:1354: unexpected token "end" https://srb.help/2001
    1354 |end
          ^^^

sorbet/rbi/gems/activesupport.rbi:1355: class definition in method body https://srb.help/2001
    1355 |class ActiveSupport::Messages::RotationConfiguration
          ^^^^^

sorbet/rbi/gems/activesupport.rbi:1361: module definition in method body https://srb.help/2001
    1361 |module Benchmark
          ^^^^^^

sorbet/rbi/gems/activesupport.rbi:1364: module definition in method body https://srb.help/2001
    1364 |module ActiveSupport::Benchmarkable
          ^^^^^^

sorbet/rbi/gems/activesupport.rbi:1367: class definition in method body https://srb.help/2001
    1367 |class Enumerable::SoleItemExpectedError < StandardError
          ^^^^^

sorbet/rbi/gems/activesupport.rbi:1369: module definition in method body https://srb.help/2001
    1369 |module ActiveSupport::ActionableError
          ^^^^^^

sorbet/rbi/gems/activesupport.rbi:1374: class definition in method body https://srb.help/2001
    1374 |class ActiveSupport::ActionableError::NonActionable < StandardError
          ^^^^^

sorbet/rbi/gems/activesupport.rbi:1376: module definition in method body https://srb.help/2001
    1376 |module ActiveSupport::ActionableError::ClassMethods
          ^^^^^^

sorbet/rbi/gems/activesupport.rbi:1379: class definition in method body https://srb.help/2001
    1379 |class LoadError < ScriptError
          ^^^^^

sorbet/rbi/gems/activesupport.rbi:1382: class definition in method body https://srb.help/2001
    1382 |class NameError < StandardError
          ^^^^^

sorbet/rbi/gems/activesupport.rbi:1387: module definition in method body https://srb.help/2001
    1387 |module ActiveSupport::Multibyte::Unicode
          ^^^^^^

sorbet/rbi/gems/activesupport.rbi:1394: class definition in method body https://srb.help/2001
    1394 |class ERB
          ^^^^^

sorbet/rbi/gems/activesupport.rbi:1396: module definition in method body https://srb.help/2001
    1396 |module ERB::Util
          ^^^^^^

sorbet/rbi/gems/activesupport.rbi:1404: class definition in method body https://srb.help/2001
    1404 |class ActiveSupport::SafeBuffer < String
          ^^^^^

sorbet/rbi/gems/activesupport.rbi:1474: class definition in method body https://srb.help/2001
    1474 |class ActiveSupport::SafeBuffer::SafeConcatError < StandardError
          ^^^^^

sorbet/rbi/gems/activesupport.rbi:1477: class definition in method body https://srb.help/2001
    1477 |class ActiveSupport::Duration
          ^^^^^

sorbet/rbi/gems/activesupport.rbi:1546: unexpected token "," https://srb.help/2001
    1546 |  def to_f(**, ****, &&); end
                       ^

sorbet/rbi/gems/activesupport.rbi:1534: class definition in method body https://srb.help/2001
    1534 |class ActiveSupport::Duration::Scalar < Numeric
          ^^^^^

sorbet/rbi/gems/activesupport.rbi:1547: unexpected token "," https://srb.help/2001
    1547 |  def to_i(**, ****, &&); end
                       ^

sorbet/rbi/gems/activesupport.rbi:1548: unexpected token "," https://srb.help/2001
    1548 |  def to_s(**, ****, &&); end
                       ^

sorbet/rbi/gems/activesupport.rbi:1551: unexpected token "end" https://srb.help/2001
    1551 |end
          ^^^

sorbet/rbi/gems/activesupport.rbi:1552: class definition in method body https://srb.help/2001
    1552 |class ActiveSupport::TimeWithZone
          ^^^^^

sorbet/rbi/gems/activesupport.rbi:1646: module definition in method body https://srb.help/2001
    1646 |module DateAndTime::Calculations
          ^^^^^^

sorbet/rbi/gems/activesupport.rbi:1710: class definition in method body https://srb.help/2001
    1710 |class Integer < Numeric
          ^^^^^

sorbet/rbi/gems/activesupport.rbi:1716: class definition in method body https://srb.help/2001
    1716 |class ActiveSupport::Subscriber
          ^^^^^

sorbet/rbi/gems/activesupport.rbi:1732: class definition in method body https://srb.help/2001
    1732 |class ActiveSupport::LogSubscriber < ActiveSupport::Subscriber
          ^^^^^

sorbet/rbi/gems/activesupport.rbi:1741: class definition in method body https://srb.help/2001
    1741 |class ActiveSupport::StringInquirer < String
          ^^^^^

sorbet/rbi/gems/activesupport.rbi:1745: class definition in method body https://srb.help/2001
    1745 |class ActiveSupport::EnvironmentInquirer < ActiveSupport::StringInquirer
          ^^^^^

sorbet/rbi/gems/activesupport.rbi:1751: module definition in method body https://srb.help/2001
    1751 |module Module::Concerning
          ^^^^^^

sorbet/rbi/gems/activesupport.rbi:1755: module definition in method body https://srb.help/2001
    1755 |module ActiveSupport::NumberHelper
          ^^^^^^

sorbet/rbi/gems/activesupport.rbi:1766: module definition in method body https://srb.help/2001
    1766 |module ActiveSupport::HtmlSafeTranslation
          ^^^^^^

sorbet/rbi/gems/activesupport.rbi:1774: class definition in method body https://srb.help/2001
    1774 |class ActiveSupport::FileUpdateChecker
          ^^^^^

sorbet/rbi/gems/activesupport.rbi:1786: class definition in method body https://srb.help/2001
    1786 |class ActiveSupport::ProxyObject < BasicObject
          ^^^^^

sorbet/rbi/gems/activesupport.rbi:1789: class definition in method body https://srb.help/2001
    1789 |class ActiveSupport::ArrayInquirer < Array
          ^^^^^

sorbet/rbi/gems/activesupport.rbi:1794: module definition in method body https://srb.help/2001
    1794 |module ActiveSupport::Cache
          ^^^^^^

sorbet/rbi/gems/activesupport.rbi:1802: module definition in method body https://srb.help/2001
    1802 |module ActiveSupport::Cache::Strategy
          ^^^^^^

sorbet/rbi/gems/activesupport.rbi:1804: class definition in method body https://srb.help/2001
    1804 |class ActiveSupport::Cache::Store
          ^^^^^

sorbet/rbi/gems/activesupport.rbi:1854: module definition in method body https://srb.help/2001
    1854 |module ActiveSupport::Cache::NullCoder
          ^^^^^^

sorbet/rbi/gems/activesupport.rbi:1860: module definition in method body https://srb.help/2001
    1860 |module ActiveSupport::Cache::Coders
          ^^^^^^

sorbet/rbi/gems/activesupport.rbi:1863: module definition in method body https://srb.help/2001
    1863 |module ActiveSupport::Cache::Coders::Loader
          ^^^^^^

sorbet/rbi/gems/activesupport.rbi:1867: module definition in method body https://srb.help/2001
    1867 |module ActiveSupport::Cache::Coders::Rails61Coder
          ^^^^^^

sorbet/rbi/gems/activesupport.rbi:1873: module definition in method body https://srb.help/2001
    1873 |module ActiveSupport::Cache::Coders::Rails70Coder
          ^^^^^^

sorbet/rbi/gems/activesupport.rbi:1879: class definition in method body https://srb.help/2001
    1879 |class ActiveSupport::Cache::Entry
          ^^^^^

sorbet/rbi/gems/activesupport.rbi:1896: class definition in method body https://srb.help/2001
    1896 |class ActiveSupport::Cache::MemoryStore < ActiveSupport::Cache::Store
          ^^^^^

sorbet/rbi/gems/activesupport.rbi:1915: module definition in method body https://srb.help/2001
    1915 |module ActiveSupport::Cache::MemoryStore::DupCoder
          ^^^^^^

sorbet/rbi/gems/activesupport.rbi:1921: class definition in method body https://srb.help/2001
    1921 |class ActiveSupport::ErrorReporter
          ^^^^^

sorbet/rbi/gems/activesupport.rbi:1923: class definition in method body https://srb.help/2001
    1923 |class ActiveSupport::ExecutionWrapper
          ^^^^^

sorbet/rbi/gems/activesupport.rbi:1928: class definition in method body https://srb.help/2001
    1928 |class ActiveSupport::Executor < ActiveSupport::ExecutionWrapper
          ^^^^^

sorbet/rbi/gems/activesupport.rbi:1930: class definition in method body https://srb.help/2001
    1930 |class ActiveSupport::Reloader < ActiveSupport::ExecutionWrapper
          ^^^^^

sorbet/rbi/gems/activesupport.rbi:1932: module definition in method body https://srb.help/2001
    1932 |module ActiveSupport::Concurrency
          ^^^^^^

sorbet/rbi/gems/activesupport.rbi:1934: class definition in method body https://srb.help/2001
    1934 |class ActiveSupport::Concurrency::ShareLock
          ^^^^^

sorbet/rbi/gems/activesupport.rbi:1937: module definition in method body https://srb.help/2001
    1937 |module ActiveSupport::Dependencies
          ^^^^^^

sorbet/rbi/gems/activesupport.rbi:1939: class definition in method body https://srb.help/2001
    1939 |class ActiveSupport::Dependencies::Interlock
          ^^^^^

sorbet/rbi/gems/activesupport.rbi:1941: module definition in method body https://srb.help/2001
    1941 |module ActiveSupport::Dependencies::RequireDependency
          ^^^^^^

sorbet/rbi/gems/activesupport.rbi:1943: module definition in method body https://srb.help/2001
    1943 |module Digest
          ^^^^^^

sorbet/rbi/gems/activesupport.rbi:1945: module definition in method body https://srb.help/2001
    1945 |module Digest::UUID
          ^^^^^^

sorbet/rbi/gems/activesupport.rbi:1947: class definition in method body https://srb.help/2001
    1947 |class File < IO
          ^^^^^

sorbet/rbi/gems/activesupport.rbi:1949: module definition in method body https://srb.help/2001
    1949 |module ActiveSupport::NumericWithFormat
          ^^^^^^

sorbet/rbi/gems/activesupport.rbi:1951: module definition in method body https://srb.help/2001
    1951 |module ActiveSupport::RangeWithFormat
          ^^^^^^

sorbet/rbi/gems/activesupport.rbi:1953: module definition in method body https://srb.help/2001
    1953 |module ActiveSupport::CompareWithRange
          ^^^^^^

sorbet/rbi/gems/activesupport.rbi:1955: module definition in method body https://srb.help/2001
    1955 |module ActiveSupport::EachTimeWithZone
          ^^^^^^

sorbet/rbi/gems/activesupport.rbi:1957: module definition in method body https://srb.help/2001
    1957 |module SecureRandom
          ^^^^^^

sorbet/rbi/gems/activesupport.rbi:1959: module definition in method body https://srb.help/2001
    1959 |module ActiveSupport::TaggedLogging
          ^^^^^^

sorbet/rbi/gems/activesupport.rbi:1961: module definition in method body https://srb.help/2001
    1961 |module ActiveSupport::TaggedLogging::Formatter
          ^^^^^^

sorbet/rbi/gems/activesupport.rbi:1963: module definition in method body https://srb.help/2001
    1963 |module ActiveSupport::TaggedLogging::LocalTagStorage
          ^^^^^^

sorbet/rbi/gems/activesupport.rbi:1965: module definition in method body https://srb.help/2001
    1965 |module ActiveSupport::Cache::Strategy::LocalCache
          ^^^^^^

sorbet/rbi/gems/activesupport.rbi:1967: module definition in method body https://srb.help/2001
    1967 |module ActiveSupport::Cache::Strategy::LocalCache::LocalCacheRegistry
          ^^^^^^

sorbet/rbi/gems/activesupport.rbi:1970: class definition in method body https://srb.help/2001
    1970 |class ActiveSupport::Cache::Strategy::LocalCache::LocalStore
          ^^^^^

sorbet/rbi/gems/activesupport.rbi:1972: class definition in method body https://srb.help/2001
    1972 |class ActiveSupport::Cache::NullStore < ActiveSupport::Cache::Store
          ^^^^^

sorbet/rbi/gems/activesupport.rbi:1974: class definition in method body https://srb.help/2001
    1974 |class ActiveSupport::Cache::Strategy::LocalCache::Middleware
          ^^^^^

sorbet/rbi/gems/activesupport.rbi:1976: module definition in method body https://srb.help/2001
    1976 |module ActiveSupport::JSON
          ^^^^^^

sorbet/rbi/gems/activesupport.rbi:1978: module definition in method body https://srb.help/2001
    1978 |module ActiveSupport::JSON::Encoding
          ^^^^^^

sorbet/rbi/gems/activesupport.rbi:1980: class definition in method body https://srb.help/2001
    1980 |class ActiveSupport::JSON::Encoding::JSONGemEncoder
          ^^^^^

sorbet/rbi/gems/activesupport.rbi:1982: class definition in method body https://srb.help/2001
    1982 |class ActiveSupport::JSON::Encoding::JSONGemEncoder::EscapedString < String
          ^^^^^

sorbet/rbi/gems/activesupport.rbi:1984: class definition in method body https://srb.help/2001
    1984 |class ActiveSupport::BacktraceCleaner
          ^^^^^

sorbet/rbi/gems/activesupport.rbi:1986: class definition in method body https://srb.help/2001
    1986 |class ActiveSupport::ParameterFilter
          ^^^^^

sorbet/rbi/gems/activesupport.rbi:1988: class definition in method body https://srb.help/2001
    1988 |class ActiveSupport::ParameterFilter::CompiledFilter
          ^^^^^

sorbet/rbi/gems/activesupport.rbi:1990: class definition in method body https://srb.help/2001
    1990 |class ActiveSupport::Digest
          ^^^^^

sorbet/rbi/gems/activesupport.rbi:1992: module definition in method body https://srb.help/2001
    1992 |module ActiveSupport::Rescuable
          ^^^^^^

sorbet/rbi/gems/activesupport.rbi:1995: module definition in method body https://srb.help/2001
    1995 |module ActiveSupport::Rescuable::ClassMethods
          ^^^^^^

sorbet/rbi/gems/activesupport.rbi:1997: module definition in method body https://srb.help/2001
    1997 |module ActiveSupport::Configurable
          ^^^^^^

sorbet/rbi/gems/activesupport.rbi:2000: class definition in method body https://srb.help/2001
    2000 |class ActiveSupport::Configurable::Configuration < ActiveSupport::InheritableOptions
          ^^^^^

sorbet/rbi/gems/activesupport.rbi:2002: module definition in method body https://srb.help/2001
    2002 |module ActiveSupport::Configurable::ClassMethods
          ^^^^^^

sorbet/rbi/gems/activesupport.rbi:2004: class definition in method body https://srb.help/2001
    2004 |class ActiveSupport::Concurrency::LoadInterlockAwareMonitor < Monitor
          ^^^^^

sorbet/rbi/gems/activesupport.rbi:2006: class definition in method body https://srb.help/2001
    2006 |class ActiveSupport::Multibyte::Chars
          ^^^^^

sorbet/rbi/gems/activesupport.rbi:2009: module definition in method body https://srb.help/2001
    2009 |module ActiveSupport::ForkTracker
          ^^^^^^

sorbet/rbi/gems/activesupport.rbi:2011: module definition in method body https://srb.help/2001
    2011 |module ActiveSupport::ForkTracker::ModernCoreExt
          ^^^^^^

sorbet/rbi/gems/activesupport.rbi:2013: module definition in method body https://srb.help/2001
    2013 |module ActiveSupport::ForkTracker::CoreExt
          ^^^^^^

sorbet/rbi/gems/activesupport.rbi:2015: module definition in method body https://srb.help/2001
    2015 |module ActiveSupport::ForkTracker::CoreExtPrivate
          ^^^^^^

sorbet/rbi/gems/activesupport.rbi:2018: class definition in method body https://srb.help/2001
    2018 |class ActiveSupport::CurrentAttributes
          ^^^^^

sorbet/rbi/gems/activesupport.rbi:2023: class definition in method body https://srb.help/2001
    2023 |class ActiveSupport::CodeGenerator
          ^^^^^

sorbet/rbi/gems/activesupport.rbi:2025: class definition in method body https://srb.help/2001
    2025 |class ActiveSupport::CodeGenerator::MethodSet
          ^^^^^

sorbet/rbi/gems/activesupport.rbi:2027: module definition in method body https://srb.help/2001
    2027 |module ActiveSupport::Testing
          ^^^^^^

sorbet/rbi/gems/activesupport.rbi:2029: module definition in method body https://srb.help/2001
    2029 |module ActiveSupport::Testing::TaggedLogging
          ^^^^^^

sorbet/rbi/gems/activesupport.rbi:2031: module definition in method body https://srb.help/2001
    2031 |module ActiveSupport::Testing::SetupAndTeardown
          ^^^^^^

sorbet/rbi/gems/activesupport.rbi:2033: module definition in method body https://srb.help/2001
    2033 |module ActiveSupport::Testing::SetupAndTeardown::ClassMethods
          ^^^^^^

sorbet/rbi/gems/activesupport.rbi:2035: module definition in method body https://srb.help/2001
    2035 |module ActiveSupport::Testing::Assertions
          ^^^^^^

sorbet/rbi/gems/activesupport.rbi:2037: module definition in method body https://srb.help/2001
    2037 |module ActiveSupport::Testing::Deprecation
          ^^^^^^

sorbet/rbi/gems/activesupport.rbi:2039: module definition in method body https://srb.help/2001
    2039 |module ActiveSupport::Testing::Declarative
          ^^^^^^

sorbet/rbi/gems/activesupport.rbi:2041: module definition in method body https://srb.help/2001
    2041 |module ActiveSupport::Testing::Isolation
          ^^^^^^

sorbet/rbi/gems/activesupport.rbi:2044: module definition in method body https://srb.help/2001
    2044 |module ActiveSupport::Testing::Isolation::Forking
          ^^^^^^

sorbet/rbi/gems/activesupport.rbi:2046: module definition in method body https://srb.help/2001
    2046 |module ActiveSupport::Testing::Isolation::Subprocess
          ^^^^^^

sorbet/rbi/gems/activesupport.rbi:2048: module definition in method body https://srb.help/2001
    2048 |module ActiveSupport::Testing::ConstantLookup
          ^^^^^^

sorbet/rbi/gems/activesupport.rbi:2051: module definition in method body https://srb.help/2001
    2051 |module ActiveSupport::Testing::ConstantLookup::ClassMethods
          ^^^^^^

sorbet/rbi/gems/activesupport.rbi:2053: class definition in method body https://srb.help/2001
    2053 |class ActiveSupport::Testing::SimpleStubs
          ^^^^^

sorbet/rbi/gems/activesupport.rbi:2055: module definition in method body https://srb.help/2001
    2055 |module ActiveSupport::Testing::TimeHelpers
          ^^^^^^

sorbet/rbi/gems/activesupport.rbi:2057: module definition in method body https://srb.help/2001
    2057 |module ActiveSupport::Testing::FileFixtures
          ^^^^^^

sorbet/rbi/gems/activesupport.rbi:2060: class definition in method body https://srb.help/2001
    2060 |class ActiveSupport::Testing::Parallelization
          ^^^^^

sorbet/rbi/gems/activesupport.rbi:2062: class definition in method body https://srb.help/2001
    2062 |class ActiveSupport::Testing::Parallelization::Server
          ^^^^^

sorbet/rbi/gems/activesupport.rbi:2065: class definition in method body https://srb.help/2001
    2065 |class ActiveSupport::Testing::Parallelization::Worker
          ^^^^^

sorbet/rbi/gems/activesupport.rbi:2067: class definition in method body https://srb.help/2001
    2067 |class ActiveSupport::Testing::ParallelizeExecutor
          ^^^^^

sorbet/rbi/gems/activesupport.rbi:2069: module definition in method body https://srb.help/2001
    2069 |module ActiveSupport::Executor::TestHelper
          ^^^^^^

sorbet/rbi/gems/activesupport.rbi:2071: class definition in method body https://srb.help/2001
    2071 |class ActiveSupport::TestCase < Minitest::Test
          ^^^^^

sorbet/rbi/gems/activesupport.rbi:2086: module definition in method body https://srb.help/2001
    2086 |module ActiveSupport::Testing::Stream
          ^^^^^^

sorbet/rbi/gems/reline.rbi:13: unexpected token "**" https://srb.help/2001
    13 |  def eof?(*args, ****, &block); end
                            ^^

sorbet/rbi/gems/reline.rbi:12: module definition in method body https://srb.help/2001
    12 |module Reline
        ^^^^^^

sorbet/rbi/gems/reline.rbi:14: unexpected token "**" https://srb.help/2001
    14 |  def readline(*args, ****, &block); end
                                ^^

sorbet/rbi/gems/reline.rbi:15: unexpected token "**" https://srb.help/2001
    15 |  def readmultiline(*args, ****, &block); end
                                     ^^

sorbet/rbi/gems/reline.rbi:16: unexpected token "**" https://srb.help/2001
    16 |  def self.add_dialog_proc(*args, ****, &block); end
                                            ^^

sorbet/rbi/gems/reline.rbi:17: unexpected token "**" https://srb.help/2001
    17 |  def self.ambiguous_width(*args, ****, &block); end
                                            ^^

sorbet/rbi/gems/reline.rbi:18: unexpected token "**" https://srb.help/2001
    18 |  def self.auto_indent_proc(*args, ****, &block); end
                                             ^^

sorbet/rbi/gems/reline.rbi:19: unexpected token "**" https://srb.help/2001
    19 |  def self.auto_indent_proc=(*args, ****, &block); end
                                              ^^

sorbet/rbi/gems/reline.rbi:20: unexpected token "**" https://srb.help/2001
    20 |  def self.autocompletion(*args, ****, &block); end
                                           ^^

sorbet/rbi/gems/reline.rbi:21: unexpected token "**" https://srb.help/2001
    21 |  def self.autocompletion=(*args, ****, &block); end
                                            ^^

sorbet/rbi/gems/reline.rbi:22: unexpected token "**" https://srb.help/2001
    22 |  def self.basic_quote_characters(*args, ****, &block); end
                                                   ^^

sorbet/rbi/gems/reline.rbi:23: unexpected token "**" https://srb.help/2001
    23 |  def self.basic_quote_characters=(*args, ****, &block); end
                                                    ^^

sorbet/rbi/gems/reline.rbi:24: unexpected token "**" https://srb.help/2001
    24 |  def self.basic_word_break_characters(*args, ****, &block); end
                                                        ^^

sorbet/rbi/gems/reline.rbi:25: unexpected token "**" https://srb.help/2001
    25 |  def self.basic_word_break_characters=(*args, ****, &block); end
                                                         ^^

sorbet/rbi/gems/reline.rbi:26: unexpected token "**" https://srb.help/2001
    26 |  def self.completer_quote_characters(*args, ****, &block); end
                                                       ^^

sorbet/rbi/gems/reline.rbi:27: unexpected token "**" https://srb.help/2001
    27 |  def self.completer_quote_characters=(*args, ****, &block); end
                                                        ^^

sorbet/rbi/gems/reline.rbi:28: unexpected token "**" https://srb.help/2001
    28 |  def self.completer_word_break_characters(*args, ****, &block); end
                                                            ^^

sorbet/rbi/gems/reline.rbi:29: unexpected token "**" https://srb.help/2001
    29 |  def self.completer_word_break_characters=(*args, ****, &block); end
                                                             ^^

sorbet/rbi/gems/reline.rbi:30: unexpected token "**" https://srb.help/2001
    30 |  def self.completion_append_character(*args, ****, &block); end
                                                        ^^

sorbet/rbi/gems/reline.rbi:31: unexpected token "**" https://srb.help/2001
    31 |  def self.completion_append_character=(*args, ****, &block); end
                                                         ^^

sorbet/rbi/gems/reline.rbi:32: unexpected token "**" https://srb.help/2001
    32 |  def self.completion_case_fold(*args, ****, &block); end
                                                 ^^

sorbet/rbi/gems/reline.rbi:33: unexpected token "**" https://srb.help/2001
    33 |  def self.completion_case_fold=(*args, ****, &block); end
                                                  ^^

sorbet/rbi/gems/reline.rbi:34: unexpected token "**" https://srb.help/2001
    34 |  def self.completion_proc(*args, ****, &block); end
                                            ^^

sorbet/rbi/gems/reline.rbi:35: unexpected token "**" https://srb.help/2001
    35 |  def self.completion_proc=(*args, ****, &block); end
                                             ^^

sorbet/rbi/gems/reline.rbi:36: unexpected token "**" https://srb.help/2001
    36 |  def self.completion_quote_character(*args, ****, &block); end
                                                       ^^

sorbet/rbi/gems/reline.rbi:38: unexpected token "**" https://srb.help/2001
    38 |  def self.delete_text(*args, ****, &block); end
                                        ^^

sorbet/rbi/gems/reline.rbi:39: unexpected token "**" https://srb.help/2001
    39 |  def self.dialog_proc(*args, ****, &block); end
                                        ^^

sorbet/rbi/gems/reline.rbi:40: unexpected token "**" https://srb.help/2001
    40 |  def self.dig_perfect_match_proc(*args, ****, &block); end
                                                   ^^

sorbet/rbi/gems/reline.rbi:41: unexpected token "**" https://srb.help/2001
    41 |  def self.dig_perfect_match_proc=(*args, ****, &block); end
                                                    ^^

sorbet/rbi/gems/reline.rbi:42: unexpected token "**" https://srb.help/2001
    42 |  def self.emacs_editing_mode(*args, ****, &block); end
                                               ^^

sorbet/rbi/gems/reline.rbi:43: unexpected token "**" https://srb.help/2001
    43 |  def self.emacs_editing_mode?(*args, ****, &block); end
                                                ^^

sorbet/rbi/gems/reline.rbi:45: unexpected token "**" https://srb.help/2001
    45 |  def self.eof?(*args, ****, &block); end
                                 ^^

sorbet/rbi/gems/reline.rbi:46: unexpected token "**" https://srb.help/2001
    46 |  def self.filename_quote_characters(*args, ****, &block); end
                                                      ^^

sorbet/rbi/gems/reline.rbi:47: unexpected token "**" https://srb.help/2001
    47 |  def self.filename_quote_characters=(*args, ****, &block); end
                                                       ^^

sorbet/rbi/gems/reline.rbi:48: unexpected token "**" https://srb.help/2001
    48 |  def self.get_screen_size(*args, ****, &block); end
                                            ^^

sorbet/rbi/gems/reline.rbi:49: unexpected token "**" https://srb.help/2001
    49 |  def self.input=(*args, ****, &block); end
                                   ^^

sorbet/rbi/gems/reline.rbi:51: unexpected token "**" https://srb.help/2001
    51 |  def self.last_incremental_search(*args, ****, &block); end
                                                    ^^

sorbet/rbi/gems/reline.rbi:52: unexpected token "**" https://srb.help/2001
    52 |  def self.last_incremental_search=(*args, ****, &block); end
                                                     ^^

sorbet/rbi/gems/reline.rbi:53: unexpected token "**" https://srb.help/2001
    53 |  def self.line_buffer(*args, ****, &block); end
                                        ^^

sorbet/rbi/gems/reline.rbi:55: unexpected token "**" https://srb.help/2001
    55 |  def self.output=(*args, ****, &block); end
                                    ^^

sorbet/rbi/gems/reline.rbi:56: unexpected token "**" https://srb.help/2001
    56 |  def self.output_modifier_proc(*args, ****, &block); end
                                                 ^^

sorbet/rbi/gems/reline.rbi:57: unexpected token "**" https://srb.help/2001
    57 |  def self.output_modifier_proc=(*args, ****, &block); end
                                                  ^^

sorbet/rbi/gems/reline.rbi:58: unexpected token "**" https://srb.help/2001
    58 |  def self.point(*args, ****, &block); end
                                  ^^

sorbet/rbi/gems/reline.rbi:59: unexpected token "**" https://srb.help/2001
    59 |  def self.point=(*args, ****, &block); end
                                   ^^

sorbet/rbi/gems/reline.rbi:60: unexpected token "**" https://srb.help/2001
    60 |  def self.pre_input_hook(*args, ****, &block); end
                                           ^^

sorbet/rbi/gems/reline.rbi:61: unexpected token "**" https://srb.help/2001
    61 |  def self.pre_input_hook=(*args, ****, &block); end
                                            ^^

sorbet/rbi/gems/reline.rbi:62: unexpected token "**" https://srb.help/2001
    62 |  def self.prompt_proc(*args, ****, &block); end
                                        ^^

sorbet/rbi/gems/reline.rbi:63: unexpected token "**" https://srb.help/2001
    63 |  def self.prompt_proc=(*args, ****, &block); end
                                         ^^

sorbet/rbi/gems/reline.rbi:64: unexpected token "**" https://srb.help/2001
    64 |  def self.readline(*args, ****, &block); end
                                     ^^

sorbet/rbi/gems/reline.rbi:65: unexpected token "**" https://srb.help/2001
    65 |  def self.readmultiline(*args, ****, &block); end
                                          ^^

sorbet/rbi/gems/reline.rbi:66: unexpected token "**" https://srb.help/2001
    66 |  def self.redisplay(*args, ****, &block); end
                                      ^^

sorbet/rbi/gems/reline.rbi:67: unexpected token "**" https://srb.help/2001
    67 |  def self.special_prefixes(*args, ****, &block); end
                                             ^^

sorbet/rbi/gems/reline.rbi:68: unexpected token "**" https://srb.help/2001
    68 |  def self.special_prefixes=(*args, ****, &block); end
                                              ^^

sorbet/rbi/gems/reline.rbi:70: unexpected token "**" https://srb.help/2001
    70 |  def self.vi_editing_mode(*args, ****, &block); end
                                            ^^

sorbet/rbi/gems/reline.rbi:71: unexpected token "**" https://srb.help/2001
    71 |  def self.vi_editing_mode?(*args, ****, &block); end
                                             ^^

sorbet/rbi/gems/reline.rbi:74: unexpected token "end" https://srb.help/2001
    74 |end
        ^^^

sorbet/rbi/gems/reline.rbi:75: class definition in method body https://srb.help/2001
    75 |class Reline::Config
        ^^^^^

sorbet/rbi/gems/reline.rbi:165: class definition in method body https://srb.help/2001
     165 |class Reline::Config::InvalidInputrc < RuntimeError
          ^^^^^

sorbet/rbi/gems/reline.rbi:171: class definition in method body https://srb.help/2001
     171 |class Reline::KeyActor::Base
          ^^^^^

sorbet/rbi/gems/reline.rbi:177: class definition in method body https://srb.help/2001
     177 |class Reline::KeyActor::Emacs < Reline::KeyActor::Base
          ^^^^^

sorbet/rbi/gems/reline.rbi:179: class definition in method body https://srb.help/2001
     179 |class Reline::KeyActor::ViCommand < Reline::KeyActor::Base
          ^^^^^

sorbet/rbi/gems/reline.rbi:181: class definition in method body https://srb.help/2001
     181 |class Reline::KeyActor::ViInsert < Reline::KeyActor::Base
          ^^^^^

sorbet/rbi/gems/reline.rbi:183: module definition in method body https://srb.help/2001
     183 |module Reline::KeyActor
          ^^^^^^

sorbet/rbi/gems/reline.rbi:185: class definition in method body https://srb.help/2001
     185 |class Reline::KeyStroke
          ^^^^^

sorbet/rbi/gems/reline.rbi:194: class definition in method body https://srb.help/2001
     194 |class Reline::KillRing
          ^^^^^

sorbet/rbi/gems/reline.rbi:203: module definition in method body https://srb.help/2001
     203 |module Reline::KillRing::State
          ^^^^^^

sorbet/rbi/gems/reline.rbi:205: class definition in method body https://srb.help/2001
     205 |class Reline::KillRing::RingPoint < Struct
          ^^^^^

sorbet/rbi/gems/reline.rbi:220: class definition in method body https://srb.help/2001
     220 |class Reline::KillRing::RingBuffer
          ^^^^^

sorbet/rbi/gems/reline.rbi:227: class definition in method body https://srb.help/2001
     227 |class Reline::Unicode::EastAsianWidth
          ^^^^^

sorbet/rbi/gems/reline.rbi:229: class definition in method body https://srb.help/2001
     229 |class Reline::Unicode
          ^^^^^

sorbet/rbi/gems/reline.rbi:251: class definition in method body https://srb.help/2001
     251 |class Reline::LineEditor
          ^^^^^

sorbet/rbi/gems/reline.rbi:450: module definition in method body https://srb.help/2001
     450 |module Reline::LineEditor::CompletionState
          ^^^^^^

sorbet/rbi/gems/reline.rbi:452: class definition in method body https://srb.help/2001
     452 |class Struct::CompletionJourneyData < Struct
          ^^^^^

sorbet/rbi/gems/reline.rbi:467: class definition in method body https://srb.help/2001
     467 |class Struct::MenuInfo < Struct
          ^^^^^

sorbet/rbi/gems/reline.rbi:478: class definition in method body https://srb.help/2001
     478 |class Reline::LineEditor::DialogProcScope
          ^^^^^

sorbet/rbi/gems/reline.rbi:495: class definition in method body https://srb.help/2001
     495 |class Reline::LineEditor::Dialog
          ^^^^^

sorbet/rbi/gems/reline.rbi:519: class definition in method body https://srb.help/2001
     519 |class Reline::History < Array
          ^^^^^

sorbet/rbi/gems/reline.rbi:530: module definition in method body https://srb.help/2001
     530 |module Reline::Terminfo
          ^^^^^^

sorbet/rbi/gems/reline.rbi:541: class definition in method body https://srb.help/2001
     541 |class Reline::Terminfo::TerminfoError < StandardError
          ^^^^^

sorbet/rbi/gems/reline.rbi:543: class definition in method body https://srb.help/2001
     543 |class Reline::Terminfo::StringWithTiparm < String
          ^^^^^

sorbet/rbi/gems/reline.rbi:546: class definition in method body https://srb.help/2001
     546 |class Reline::GeneralIO
          ^^^^^

sorbet/rbi/gems/reline.rbi:570: class definition in method body https://srb.help/2001
     570 |class Reline::ANSI
          ^^^^^

sorbet/rbi/gems/reline.rbi:600: class definition in method body https://srb.help/2001
     600 |class Reline::ConfigEncodingConversionError < StandardError
          ^^^^^

sorbet/rbi/gems/reline.rbi:602: class definition in method body https://srb.help/2001
     602 |class Struct::Key < Struct
          ^^^^^

sorbet/rbi/gems/reline.rbi:617: class definition in method body https://srb.help/2001
     617 |class Reline::CursorPos < Struct
          ^^^^^

sorbet/rbi/gems/reline.rbi:628: class definition in method body https://srb.help/2001
     628 |class Reline::DialogRenderInfo < Struct
          ^^^^^

sorbet/rbi/gems/reline.rbi:647: class definition in method body https://srb.help/2001
     647 |class Reline::Core
          ^^^^^

sorbet/rbi/gems/reline.rbi:708: class definition in method body https://srb.help/2001
     708 |class Reline::Core::DialogProc < Struct
          ^^^^^

sorbet/rbi/sorbet-typed/lib/activemodel/all/activemodel.rbi:32: Method `ActiveModel::Dirty#attribute_changed?` redefined without matching argument count. Expected: `2`, got: `3` https://srb.help/4010
    32 |  def attribute_changed?(attr, from: nil, to: nil); end
          ^^^^^^^^^^^^^^^^^^^^^^^^^^^^^^^^^^^^^^^^^^^^^^^^
    sorbet/rbi/gems/activemodel@7.0.2.3.rbi:445: Previous definition
     445 |  def attribute_changed?(attr_name, **options); end
            ^^^^^^^^^^^^^^^^^^^^^^^^^^^^^^^^^^^^^^^^^^^^

sorbet/rbi/sorbet-typed/lib/activemodel/all/activemodel.rbi:104: Method `ActiveModel::Validations::ClassMethods#validate` redefined without matching argument count. Expected: `1`, got: `5` https://srb.help/4010
     104 |  def validate(
     105 |    *names,
     106 |    if: nil,
     107 |    on: nil,
     108 |    prepend: false,
     109 |    unless: nil
     110 |  ); end
    sorbet/rbi/gems/activemodel@7.0.2.3.rbi:1260: Previous definition
    1260 |  def validate(*args, &block); end
            ^^^^^^^^^^^^^^^^^^^^^^^^^^^

sorbet/rbi/sorbet-typed/lib/activemodel/all/activemodel.rbi:147: Method `ActiveModel::Validations::ClassMethods#validates` redefined without matching argument count. Expected: `1`, got: `19` https://srb.help/4010
     147 |  def validates(
     148 |    *names,
     149 |    absence: false,
     150 |    acceptance: {},
     151 |    allow_blank: false,
         |...
     163 |    strict: false,
     164 |    uniqueness: false,
     165 |    unless: :_,
     166 |    **kwargs
     167 |  )
    sorbet/rbi/gems/activemodel@7.0.2.3.rbi:1261: Previous definition
    1261 |  def validates(*attributes); end
            ^^^^^^^^^^^^^^^^^^^^^^^^^^

sorbet/rbi/sorbet-typed/lib/activemodel/all/activemodel.rbi:576: Method `ActiveModel::Errors#each` redefined without matching argument count. Expected: `2`, got: `0` https://srb.help/4010
     576 |  def each(&blk); end
            ^^^^^^^^^^^^^^
    sorbet/rbi/gems/activemodel@7.0.2.3.rbi:559: Previous definition
     559 |  def each(*args, **_arg1, &block); end
            ^^^^^^^^^^^^^^^^^^^^^^^^^^^^^^^^

sorbet/rbi/sorbet-typed/lib/activemodel/all/activemodel.rbi:636: Method `ActiveModel::Errors#add` redefined with argument `options` as a non-keyword argument https://srb.help/4010
     636 |  def add(attribute, message = :invalid, options = {}); end
            ^^^^^^^^^^^^^^^^^^^^^^^^^^^^^^^^^^^^^^^^^^^^^^^^^^^^
    sorbet/rbi/gems/activemodel@7.0.2.3.rbi:551: The corresponding argument `options` in the previous definition was a keyword argument
     551 |  def add(attribute, type = T.unsafe(nil), **options); end
            ^^^^^^^^^^^^^^^^^^^^^^^^^^^^^^^^^^^^^^^^^^^^^^^^^^^

sorbet/rbi/sorbet-typed/lib/activemodel/all/activemodel.rbi:707: Method `ActiveModel::Errors#empty?` redefined without matching argument count. Expected: `2`, got: `1` https://srb.help/4010
     707 |  def empty?(*args, &block); end
            ^^^^^^^^^^^^^^^^^^^^^^^^^
    sorbet/rbi/gems/activemodel@7.0.2.3.rbi:560: Previous definition
     560 |  def empty?(*args, **_arg1, &block); end
            ^^^^^^^^^^^^^^^^^^^^^^^^^^^^^^^^^^

sorbet/rbi/sorbet-typed/lib/activestorage/>=6.1.0.rc1/activestorage.rbi:55: Method `ActiveStorage::Attached::Model::ClassMethods#has_one_attached` redefined without matching argument count. Expected: `4`, got: `3` https://srb.help/4010
    55 |  def has_one_attached(name, dependent: :purge_later, service: nil); end
          ^^^^^^^^^^^^^^^^^^^^^^^^^^^^^^^^^^^^^^^^^^^^^^^^^^^^^^^^^^^^^^^^^
    sorbet/rbi/gems/activestorage@7.0.2.3.rbi:397: Previous definition
     397 |  def has_one_attached(name, dependent: T.unsafe(nil), service: T.unsafe(nil), strict_loading: T.unsafe(nil)); end
            ^^^^^^^^^^^^^^^^^^^^^^^^^^^^^^^^^^^^^^^^^^^^^^^^^^^^^^^^^^^^^^^^^^^^^^^^^^^^^^^^^^^^^^^^^^^^^^^^^^^^^^^^^^^

sorbet/rbi/sorbet-typed/lib/activestorage/>=6.1.0.rc1/activestorage.rbi:101: Method `ActiveStorage::Attached::Model::ClassMethods#has_many_attached` redefined without matching argument count. Expected: `4`, got: `3` https://srb.help/4010
     101 |  def has_many_attached(name, dependent: :purge_later, service: nil); end
            ^^^^^^^^^^^^^^^^^^^^^^^^^^^^^^^^^^^^^^^^^^^^^^^^^^^^^^^^^^^^^^^^^^
    sorbet/rbi/gems/activestorage@7.0.2.3.rbi:396: Previous definition
     396 |  def has_many_attached(name, dependent: T.unsafe(nil), service: T.unsafe(nil), strict_loading: T.unsafe(nil)); end
            ^^^^^^^^^^^^^^^^^^^^^^^^^^^^^^^^^^^^^^^^^^^^^^^^^^^^^^^^^^^^^^^^^^^^^^^^^^^^^^^^^^^^^^^^^^^^^^^^^^^^^^^^^^^^

sorbet/rbi/gems/timeout@0.2.0.rbi:24: Method `Timeout::Error.catch` redefined with argument `args` as a splat argument https://srb.help/4010
    24 |    def catch(*args); end
            ^^^^^^^^^^^^^^^^
    https://github.com/sorbet/sorbet/tree/db802a9199bdfb55d50b6996819799b27af5b93b/rbi/stdlib/timeout.rbi#L85: The corresponding argument `msg` in the previous definition was not a splat argument
    85 |  def self.catch(msg = nil, &blk); end
          ^^^^^^^^^^^^^^^^^^^^^^^^^^^^^^^
Errors: 1885
